Archive member included because of file (symbol)

c:/program files/microchip/mplabc32/v2.02/bin/../lib/gcc/pic32mx/4.5.1\libgcc.a(_udivdi3.o)
                              bin\obj\Tick.o (__udivdi3)
c:/program files/microchip/mplabc32/v2.02/bin/../lib/gcc/pic32mx/4.5.1/../../../../pic32mx/lib\libc.a(memcmp.o)
                              bin\obj\CustomHTTPApp.o (memcmp)
c:/program files/microchip/mplabc32/v2.02/bin/../lib/gcc/pic32mx/4.5.1/../../../../pic32mx/lib\libc.a(memcpy.o)
                              bin\obj\tcpip.o (memcpy)
c:/program files/microchip/mplabc32/v2.02/bin/../lib/gcc/pic32mx/4.5.1/../../../../pic32mx/lib\libc.a(memset.o)
                              bin\obj\tcpip.o (memset)
c:/program files/microchip/mplabc32/v2.02/bin/../lib/gcc/pic32mx/4.5.1/../../../../pic32mx/lib\libc.a(strcmp.o)
                              bin\obj\HTTP2.o (strcmp)
c:/program files/microchip/mplabc32/v2.02/bin/../lib/gcc/pic32mx/4.5.1/../../../../pic32mx/lib\libc.a(strlen.o)
                              bin\obj\WFEasyConfig.o (strlen)
c:/program files/microchip/mplabc32/v2.02/bin/../lib/gcc/pic32mx/4.5.1/../../../../pic32mx/lib\libc.a(general-exception.o)
                              c:/program files/microchip/mplabc32/v2.02/bin/../lib/gcc/pic32mx/4.5.1/../../../../pic32mx/lib/crt0.o (_general_exception_context)
c:/program files/microchip/mplabc32/v2.02/bin/../lib/gcc/pic32mx/4.5.1/../../../../pic32mx/lib\libc.a(default-bootstrap-exception-handler.o)
                              c:/program files/microchip/mplabc32/v2.02/bin/../lib/gcc/pic32mx/4.5.1/../../../../pic32mx/lib/crt0.o (_bootstrap_exception_handler)
c:/program files/microchip/mplabc32/v2.02/bin/../lib/gcc/pic32mx/4.5.1/../../../../pic32mx/lib\libc.a(default-on-reset.o)
                              c:/program files/microchip/mplabc32/v2.02/bin/../lib/gcc/pic32mx/4.5.1/../../../../pic32mx/lib/crt0.o (_on_reset)
c:/program files/microchip/mplabc32/v2.02/bin/../lib/gcc/pic32mx/4.5.1/../../../../pic32mx/lib\libc.a(default-on-bootstrap.o)
                              c:/program files/microchip/mplabc32/v2.02/bin/../lib/gcc/pic32mx/4.5.1/../../../../pic32mx/lib/crt0.o (_on_bootstrap)
c:/program files/microchip/mplabc32/v2.02/bin/../lib/gcc/pic32mx/4.5.1/../../../../pic32mx/lib\libc.a(default-nmi-handler.o)
                              c:/program files/microchip/mplabc32/v2.02/bin/../lib/gcc/pic32mx/4.5.1/../../../../pic32mx/lib/crt0.o (_nmi_handler)
c:/program files/microchip/mplabc32/v2.02/bin/../lib/gcc/pic32mx/4.5.1/../../../../pic32mx/lib\libmchp_peripheral_32MX795F512L.a(pcache.o)
                              bin\obj\app.o (CheKseg0CacheOn)
c:/program files/microchip/mplabc32/v2.02/bin/../lib/gcc/pic32mx/4.5.1/../../../../pic32mx/lib\libmchp_peripheral_32MX795F512L.a(int_disable_interrupts_lib.o)
                              bin\obj\app.o (INTDisableInterrupts)
c:/program files/microchip/mplabc32/v2.02/bin/../lib/gcc/pic32mx/4.5.1/../../../../pic32mx/lib\libmchp_peripheral_32MX795F512L.a(int_restore_interrupts_lib.o)
                              bin\obj\app.o (INTRestoreInterrupts)
c:/program files/microchip/mplabc32/v2.02/bin/../lib/gcc/pic32mx/4.5.1/../../../../pic32mx/lib\libmchp_peripheral_32MX795F512L.a(int_enable_mv_int_lib.o)
                              bin\obj\app.o (INTEnableSystemMultiVectoredInt)
c:/program files/microchip/mplabc32/v2.02/bin/../lib/gcc/pic32mx/4.5.1/../../../../pic32mx/lib\libmchp_peripheral_32MX795F512L.a(port_set_pins_digital_in_lib.o)
                              bin\obj\app.o (PORTSetPinsDigitalIn)
c:/program files/microchip/mplabc32/v2.02/bin/../lib/gcc/pic32mx/4.5.1/../../../../pic32mx/lib\libmchp_peripheral_32MX795F512L.a(_ports_tbl_libp.o)
                              c:/program files/microchip/mplabc32/v2.02/bin/../lib/gcc/pic32mx/4.5.1/../../../../pic32mx/lib\libmchp_peripheral_32MX795F512L.a(port_set_pins_digital_in_lib.o) (PortRegTbl)
c:/program files/microchip/mplabc32/v2.02/bin/../lib/gcc/pic32mx/4.5.1/../../../../pic32mx/lib\libmchp_peripheral_32MX795F512L.a(int_enable_interrupts_lib.o)
                              c:/program files/microchip/mplabc32/v2.02/bin/../lib/gcc/pic32mx/4.5.1/../../../../pic32mx/lib\libmchp_peripheral_32MX795F512L.a(int_enable_mv_int_lib.o) (INTEnableInterrupts)

Allocating common symbols
Common symbol       size              file

RawWindowState      0x2               bin\obj\WFDriverRaw.o
WiFiPacket          0x224             bin\obj\app.o
activeUDPSocket     0x1               bin\obj\UDP.o
curHTTP             0x88              bin\obj\HTTP2.o
g_rxIndexSetBeyondBuffer
                    0x4               bin\obj\WFMac.o
UDPTxCount          0x2               bin\obj\UDP.o
PsPollEnabled       0x4               bin\obj\tcpip.o
curHTTPID           0x1               bin\obj\HTTP2.o
g_ScanCtx           0x6               bin\obj\WFEasyConfig.o
RawWindowReady      0x8               bin\obj\WFDriverRaw.o
RawMoveState        0x8               bin\obj\WFDriverCom.o
[...]
Memory Configuration

Name             Origin             Length             Attributes
kseg0_program_mem 0x9d000000         0x00080000         xr
kseg0_boot_mem   0x9fc00490         0x00000970
exception_mem    0x9fc01000         0x00001000
kseg1_boot_mem   0xbfc00000         0x00000490
debug_exec_mem   0xbfc02000         0x00000ff0
config3          0xbfc02ff0         0x00000004
config2          0xbfc02ff4         0x00000004
config1          0xbfc02ff8         0x00000004
config0          0xbfc02ffc         0x00000004
kseg1_data_mem   0xa0000000         0x00020000         w !x
sfrs             0xbf800000         0x00100000
configsfrs       0xbfc02ff0         0x00000010
*default*        0x00000000         0xffffffff

Linker script and memory map

LOAD c:/program files/microchip/mplabc32/v2.02/bin/../lib/gcc/pic32mx/4.5.1/../../../../pic32mx/lib/crt0.o
LOAD bin\obj\app.o
LOAD bin\obj\CustomHTTPApp.o
LOAD bin\obj\simpledelay.o
LOAD bin\obj\tcpip.o
LOAD bin\obj\WF_Config.o
LOAD bin\obj\WF_Eint.o
LOAD bin\obj\WF_Spi.o
LOAD bin\obj\WFConnectionAlgorithm.o
LOAD bin\obj\WFConnectionManager.o
LOAD bin\obj\WFConnectionProfile.o
LOAD bin\obj\WFConsole.o
LOAD bin\obj\WFConsoleIfconfig.o
LOAD bin\obj\WFConsoleIwconfig.o
LOAD bin\obj\WFConsoleIwpriv.o
LOAD bin\obj\WFConsoleMsgHandler.o
LOAD bin\obj\WFConsoleMsgs.o
LOAD bin\obj\WFDataTxRx.o
LOAD bin\obj\WFDriverCom.o
LOAD bin\obj\WFDriverRaw.o
LOAD bin\obj\WFEasyConfig.o
LOAD bin\obj\WFEventHandler.o
LOAD bin\obj\WFInit.o
LOAD bin\obj\WFMac.o
LOAD bin\obj\WFMgmtMsg.o
LOAD bin\obj\WFParamMsg.o
LOAD bin\obj\WFPowerSave.o
LOAD bin\obj\WFScan.o
LOAD bin\obj\WFTxPower.o
LOAD bin\obj\Announce.o
LOAD bin\obj\ARP.o
LOAD bin\obj\AutoIP.o
LOAD bin\obj\BigInt.o
LOAD bin\obj\DHCP.o
LOAD bin\obj\DHCPs.o
LOAD bin\obj\DNS.o
LOAD bin\obj\DNSs.o
LOAD bin\obj\ETHPIC32ExtPhy.o
LOAD bin\obj\ETHPIC32IntMac.o
LOAD bin\obj\Helpers.o
LOAD bin\obj\HTTP2.o
LOAD bin\obj\ICMP.o
LOAD bin\obj\IP.o
LOAD bin\obj\MPFS2.o
LOAD bin\obj\NBNS.o
LOAD bin\obj\StackTsk.o
LOAD bin\obj\TCP.o
LOAD bin\obj\Tick.o
LOAD bin\obj\UDP.o
LOAD bin\obj\MPFSImg2.o
                0x00000001                __MPLAB_BUILD = 0x1
                0x00000800                _min_heap_size = 0x800
LOAD c:/program files/microchip/mplabc32/v2.02/bin/../lib/gcc/pic32mx/4.5.1\libgcc.a
START GROUP
LOAD c:/program files/microchip/mplabc32/v2.02/bin/../lib/gcc/pic32mx/4.5.1/../../../../pic32mx/lib\libdebug.a
LOAD c:/program files/microchip/mplabc32/v2.02/bin/../lib/gcc/pic32mx/4.5.1/../../../../pic32mx/lib\libc.a
LOAD c:/program files/microchip/mplabc32/v2.02/bin/../lib/gcc/pic32mx/4.5.1/../../../../pic32mx/lib\libm.a
LOAD c:/program files/microchip/mplabc32/v2.02/bin/../lib/gcc/pic32mx/4.5.1/../../../../pic32mx/lib\libe.a
LOAD c:/program files/microchip/mplabc32/v2.02/bin/../lib/gcc/pic32mx/4.5.1/../../../../pic32mx/lib\libdsp.a
LOAD c:/program files/microchip/mplabc32/v2.02/bin/../lib/gcc/pic32mx/4.5.1/../../../../pic32mx/lib\libmchp_peripheral.a
LOAD c:/program files/microchip/mplabc32/v2.02/bin/../lib/gcc/pic32mx/4.5.1/../../../../pic32mx/lib\libmchp_peripheral_32MX795F512L.a
END GROUP
LOAD c:/program files/microchip/mplabc32/v2.02/bin/../lib/gcc/pic32mx/4.5.1\libgcc.a
                0x00000400                PROVIDE (_min_stack_size, 0x400)
                0x00000000                PROVIDE (_min_heap_size, 0x0)
LOAD c:/program files/microchip/mplabc32/v2.02/bin/../lib/gcc/pic32mx/4.5.1/../../../../pic32mx/lib/./proc/32MX795F512L\processor.o
                0x00000001                PROVIDE (_vector_spacing, 0x1)
                0x9fc01000                _ebase_address = 0x9fc01000
                0xbfc00000                _RESET_ADDR = 0xbfc00000
                0xbfc00380                _BEV_EXCPT_ADDR = 0xbfc00380
                0xbfc00480                _DBG_EXCPT_ADDR = 0xbfc00480
                0xbfc02000                _DBG_CODE_ADDR = 0xbfc02000
                0x00000ff0                _DBG_CODE_SIZE = 0xff0
                0x9fc01180                _GEN_EXCPT_ADDR = (_ebase_address + 0x180)

.config_BFC02FF0
                0xbfc02ff0        0x4
 *(.config_BFC02FF0)
 .config_BFC02FF0
                0xbfc02ff0        0x4 bin\obj\app.o

.config_BFC02FF4
                0xbfc02ff4        0x4
 *(.config_BFC02FF4)
 .config_BFC02FF4
                0xbfc02ff4        0x4 bin\obj\app.o

.config_BFC02FF8
                0xbfc02ff8        0x4
 *(.config_BFC02FF8)
 .config_BFC02FF8
                0xbfc02ff8        0x4 bin\obj\app.o

.config_BFC02FFC
                0xbfc02ffc        0x4
 *(.config_BFC02FFC)
 .config_BFC02FFC
                0xbfc02ffc        0x4 bin\obj\app.o
                0xbfc02000                PROVIDE (_DBG_CODE_ADDR, 0xbfc02000)
                0x00000ff0                PROVIDE (_DBG_CODE_SIZE, 0xff0)

.reset          0xbfc00000      0x1f4
 *(.reset)
 .reset         0xbfc00000       0x10 c:/program files/microchip/mplabc32/v2.02/bin/../lib/gcc/pic32mx/4.5.1/../../../../pic32mx/lib/crt0.o
                0xbfc00000                _reset
 *(.reset.startup)
 .reset.startup
                0xbfc00010      0x1e4 c:/program files/microchip/mplabc32/v2.02/bin/../lib/gcc/pic32mx/4.5.1/../../../../pic32mx/lib/crt0.o

.bev_excpt      0xbfc00380       0x10
 *(.bev_handler)
 .bev_handler   0xbfc00380       0x10 c:/program files/microchip/mplabc32/v2.02/bin/../lib/gcc/pic32mx/4.5.1/../../../../pic32mx/lib/crt0.o

.dbg_excpt      0xbfc00480        0x0
                0xbfc00480                . = (. + DEFINED (_DEBUGGER)?0x8:0x0)

.dbg_code       0xbfc02000        0x0
                0xbfc02000                . = (. + DEFINED (_DEBUGGER)?_DBG_CODE_SIZE:0x0)

.app_excpt      0x9fc01180       0x10
 *(.gen_handler)
 .gen_handler   0x9fc01180       0x10 c:/program files/microchip/mplabc32/v2.02/bin/../lib/gcc/pic32mx/4.5.1/../../../../pic32mx/lib/crt0.o

.vector_0       0x9fc01200        0x0
 *(.vector_0)
                0x00000001                ASSERT (((_vector_spacing == 0x0) || (SIZEOF (.vector_0) <= (_vector_spacing << 0x5))), function at exception vector 0 too large)

.vector_1       0x9fc01220        0x0
 *(.vector_1)
                0x00000001                ASSERT (((_vector_spacing == 0x0) || (SIZEOF (.vector_1) <= (_vector_spacing << 0x5))), function at exception vector 1 too large)

.vector_2       0x9fc01240        0x0
 *(.vector_2)
                0x00000001                ASSERT (((_vector_spacing == 0x0) || (SIZEOF (.vector_2) <= (_vector_spacing << 0x5))), function at exception vector 2 too large)

.vector_3       0x9fc01260        0x0
 *(.vector_3)
                0x00000001                ASSERT (((_vector_spacing == 0x0) || (SIZEOF (.vector_3) <= (_vector_spacing << 0x5))), function at exception vector 3 too large)

.vector_4       0x9fc01280        0x8
 *(.vector_4)
 .vector_4      0x9fc01280        0x8 bin\obj\Tick.o
                0x00000001                ASSERT (((_vector_spacing == 0x0) || (SIZEOF (.vector_4) <= (_vector_spacing << 0x5))), function at exception vector 4 too large)

.vector_5       0x9fc012a0        0x0
 *(.vector_5)
                0x00000001                ASSERT (((_vector_spacing == 0x0) || (SIZEOF (.vector_5) <= (_vector_spacing << 0x5))), function at exception vector 5 too large)

.vector_6       0x9fc012c0        0x0
 *(.vector_6)
                0x00000001                ASSERT (((_vector_spacing == 0x0) || (SIZEOF (.vector_6) <= (_vector_spacing << 0x5))), function at exception vector 6 too large)

.vector_7       0x9fc012e0        0x8
 *(.vector_7)
 .vector_7      0x9fc012e0        0x8 bin\obj\WF_Eint.o
                0x00000001                ASSERT (((_vector_spacing == 0x0) || (SIZEOF (.vector_7) <= (_vector_spacing << 0x5))), function at exception vector 7 too large)

.vector_8       0x9fc01300        0x0
 *(.vector_8)
                0x00000001                ASSERT (((_vector_spacing == 0x0) || (SIZEOF (.vector_8) <= (_vector_spacing << 0x5))), function at exception vector 8 too large)

.vector_9       0x9fc01320        0x0
 *(.vector_9)
                0x00000001                ASSERT (((_vector_spacing == 0x0) || (SIZEOF (.vector_9) <= (_vector_spacing << 0x5))), function at exception vector 9 too large)

.vector_10      0x9fc01340        0x0
 *(.vector_10)
                0x00000001                ASSERT (((_vector_spacing == 0x0) || (SIZEOF (.vector_10) <= (_vector_spacing << 0x5))), function at exception vector 10 too large)

.vector_11      0x9fc01360        0x0
 *(.vector_11)
                0x00000001                ASSERT (((_vector_spacing == 0x0) || (SIZEOF (.vector_11) <= (_vector_spacing << 0x5))), function at exception vector 11 too large)

.vector_12      0x9fc01380        0x0
 *(.vector_12)
                0x00000001                ASSERT (((_vector_spacing == 0x0) || (SIZEOF (.vector_12) <= (_vector_spacing << 0x5))), function at exception vector 12 too large)

.vector_13      0x9fc013a0        0x0
 *(.vector_13)
                0x00000001                ASSERT (((_vector_spacing == 0x0) || (SIZEOF (.vector_13) <= (_vector_spacing << 0x5))), function at exception vector 13 too large)

.vector_14      0x9fc013c0        0x0
 *(.vector_14)
                0x00000001                ASSERT (((_vector_spacing == 0x0) || (SIZEOF (.vector_14) <= (_vector_spacing << 0x5))), function at exception vector 14 too large)

.vector_15      0x9fc013e0        0x0
 *(.vector_15)
                0x00000001                ASSERT (((_vector_spacing == 0x0) || (SIZEOF (.vector_15) <= (_vector_spacing << 0x5))), function at exception vector 15 too large)

.vector_16      0x9fc01400        0x0
 *(.vector_16)
                0x00000001                ASSERT (((_vector_spacing == 0x0) || (SIZEOF (.vector_16) <= (_vector_spacing << 0x5))), function at exception vector 16 too large)

.vector_17      0x9fc01420        0x0
 *(.vector_17)
                0x00000001                ASSERT (((_vector_spacing == 0x0) || (SIZEOF (.vector_17) <= (_vector_spacing << 0x5))), function at exception vector 17 too large)

.vector_18      0x9fc01440        0x0
 *(.vector_18)
                0x00000001                ASSERT (((_vector_spacing == 0x0) || (SIZEOF (.vector_18) <= (_vector_spacing << 0x5))), function at exception vector 18 too large)

.vector_19      0x9fc01460        0x0
 *(.vector_19)
                0x00000001                ASSERT (((_vector_spacing == 0x0) || (SIZEOF (.vector_19) <= (_vector_spacing << 0x5))), function at exception vector 19 too large)

.vector_20      0x9fc01480        0x0
 *(.vector_20)
                0x00000001                ASSERT (((_vector_spacing == 0x0) || (SIZEOF (.vector_20) <= (_vector_spacing << 0x5))), function at exception vector 20 too large)

.vector_21      0x9fc014a0        0x0
 *(.vector_21)
                0x00000001                ASSERT (((_vector_spacing == 0x0) || (SIZEOF (.vector_21) <= (_vector_spacing << 0x5))), function at exception vector 21 too large)

.vector_22      0x9fc014c0        0x0
 *(.vector_22)
                0x00000001                ASSERT (((_vector_spacing == 0x0) || (SIZEOF (.vector_22) <= (_vector_spacing << 0x5))), function at exception vector 22 too large)

.vector_23      0x9fc014e0        0x0
 *(.vector_23)
                0x00000001                ASSERT (((_vector_spacing == 0x0) || (SIZEOF (.vector_23) <= (_vector_spacing << 0x5))), function at exception vector 23 too large)

.vector_24      0x9fc01500        0x0
 *(.vector_24)
                0x00000001                ASSERT (((_vector_spacing == 0x0) || (SIZEOF (.vector_24) <= (_vector_spacing << 0x5))), function at exception vector 24 too large)

.vector_25      0x9fc01520        0x0
 *(.vector_25)
                0x00000001                ASSERT (((_vector_spacing == 0x0) || (SIZEOF (.vector_25) <= (_vector_spacing << 0x5))), function at exception vector 25 too large)

.vector_26      0x9fc01540        0x0
 *(.vector_26)
                0x00000001                ASSERT (((_vector_spacing == 0x0) || (SIZEOF (.vector_26) <= (_vector_spacing << 0x5))), function at exception vector 26 too large)

.vector_27      0x9fc01560        0x0
 *(.vector_27)
                0x00000001                ASSERT (((_vector_spacing == 0x0) || (SIZEOF (.vector_27) <= (_vector_spacing << 0x5))), function at exception vector 27 too large)

.vector_28      0x9fc01580        0x0
 *(.vector_28)
                0x00000001                ASSERT (((_vector_spacing == 0x0) || (SIZEOF (.vector_28) <= (_vector_spacing << 0x5))), function at exception vector 28 too large)

.vector_29      0x9fc015a0        0x0
 *(.vector_29)
                0x00000001                ASSERT (((_vector_spacing == 0x0) || (SIZEOF (.vector_29) <= (_vector_spacing << 0x5))), function at exception vector 29 too large)

.vector_30      0x9fc015c0        0x0
 *(.vector_30)
                0x00000001                ASSERT (((_vector_spacing == 0x0) || (SIZEOF (.vector_30) <= (_vector_spacing << 0x5))), function at exception vector 30 too large)

.vector_31      0x9fc015e0        0x0
 *(.vector_31)
                0x00000001                ASSERT (((_vector_spacing == 0x0) || (SIZEOF (.vector_31) <= (_vector_spacing << 0x5))), function at exception vector 31 too large)

.vector_32      0x9fc01600        0x0
 *(.vector_32)
                0x00000001                ASSERT (((_vector_spacing == 0x0) || (SIZEOF (.vector_32) <= (_vector_spacing << 0x5))), function at exception vector 32 too large)

.vector_33      0x9fc01620        0x0
 *(.vector_33)
                0x00000001                ASSERT (((_vector_spacing == 0x0) || (SIZEOF (.vector_33) <= (_vector_spacing << 0x5))), function at exception vector 33 too large)

.vector_34      0x9fc01640        0x0
 *(.vector_34)
                0x00000001                ASSERT (((_vector_spacing == 0x0) || (SIZEOF (.vector_34) <= (_vector_spacing << 0x5))), function at exception vector 34 too large)

.vector_35      0x9fc01660        0x0
 *(.vector_35)
                0x00000001                ASSERT (((_vector_spacing == 0x0) || (SIZEOF (.vector_35) <= (_vector_spacing << 0x5))), function at exception vector 35 too large)

.vector_36      0x9fc01680        0x0
 *(.vector_36)
                0x00000001                ASSERT (((_vector_spacing == 0x0) || (SIZEOF (.vector_36) <= (_vector_spacing << 0x5))), function at exception vector 36 too large)

.vector_37      0x9fc016a0        0x0
 *(.vector_37)
                0x00000001                ASSERT (((_vector_spacing == 0x0) || (SIZEOF (.vector_37) <= (_vector_spacing << 0x5))), function at exception vector 37 too large)

.vector_38      0x9fc016c0        0x0
 *(.vector_38)
                0x00000001                ASSERT (((_vector_spacing == 0x0) || (SIZEOF (.vector_38) <= (_vector_spacing << 0x5))), function at exception vector 38 too large)

.vector_39      0x9fc016e0        0x0
 *(.vector_39)
                0x00000001                ASSERT (((_vector_spacing == 0x0) || (SIZEOF (.vector_39) <= (_vector_spacing << 0x5))), function at exception vector 39 too large)

.vector_40      0x9fc01700        0x0
 *(.vector_40)
                0x00000001                ASSERT (((_vector_spacing == 0x0) || (SIZEOF (.vector_40) <= (_vector_spacing << 0x5))), function at exception vector 40 too large)

.vector_41      0x9fc01720        0x0
 *(.vector_41)
                0x00000001                ASSERT (((_vector_spacing == 0x0) || (SIZEOF (.vector_41) <= (_vector_spacing << 0x5))), function at exception vector 41 too large)

.vector_42      0x9fc01740        0x0
 *(.vector_42)
                0x00000001                ASSERT (((_vector_spacing == 0x0) || (SIZEOF (.vector_42) <= (_vector_spacing << 0x5))), function at exception vector 42 too large)

.vector_43      0x9fc01760        0x0
 *(.vector_43)
                0x00000001                ASSERT (((_vector_spacing == 0x0) || (SIZEOF (.vector_43) <= (_vector_spacing << 0x5))), function at exception vector 43 too large)

.vector_44      0x9fc01780        0x0
 *(.vector_44)
                0x00000001                ASSERT (((_vector_spacing == 0x0) || (SIZEOF (.vector_44) <= (_vector_spacing << 0x5))), function at exception vector 44 too large)

.vector_45      0x9fc017a0        0x0
 *(.vector_45)
                0x00000001                ASSERT (((_vector_spacing == 0x0) || (SIZEOF (.vector_45) <= (_vector_spacing << 0x5))), function at exception vector 45 too large)

.vector_46      0x9fc017c0        0x0
 *(.vector_46)
                0x00000001                ASSERT (((_vector_spacing == 0x0) || (SIZEOF (.vector_46) <= (_vector_spacing << 0x5))), function at exception vector 46 too large)

.vector_47      0x9fc017e0        0x0
 *(.vector_47)
                0x00000001                ASSERT (((_vector_spacing == 0x0) || (SIZEOF (.vector_47) <= (_vector_spacing << 0x5))), function at exception vector 47 too large)

.vector_48      0x9fc01800        0x0
 *(.vector_48)
                0x00000001                ASSERT (((_vector_spacing == 0x0) || (SIZEOF (.vector_48) <= (_vector_spacing << 0x5))), function at exception vector 48 too large)

.vector_49      0x9fc01820        0x0
 *(.vector_49)
                0x00000001                ASSERT (((_vector_spacing == 0x0) || (SIZEOF (.vector_49) <= (_vector_spacing << 0x5))), function at exception vector 49 too large)

.vector_50      0x9fc01840        0x0
 *(.vector_50)
                0x00000001                ASSERT (((_vector_spacing == 0x0) || (SIZEOF (.vector_50) <= (_vector_spacing << 0x5))), function at exception vector 50 too large)

.vector_51      0x9fc01860        0x0
 *(.vector_51)
                0x00000001                ASSERT (((_vector_spacing == 0x0) || (SIZEOF (.vector_51) <= (_vector_spacing << 0x5))), function at exception vector 51 too large)

.vector_52      0x9fc01880        0x0
 *(.vector_52)
                0x00000001                ASSERT (((_vector_spacing == 0x0) || (SIZEOF (.vector_52) <= (_vector_spacing << 0x5))), function at exception vector 52 too large)

.vector_53      0x9fc018a0        0x0
 *(.vector_53)
                0x00000001                ASSERT (((_vector_spacing == 0x0) || (SIZEOF (.vector_53) <= (_vector_spacing << 0x5))), function at exception vector 53 too large)

.vector_54      0x9fc018c0        0x0
 *(.vector_54)
                0x00000001                ASSERT (((_vector_spacing == 0x0) || (SIZEOF (.vector_54) <= (_vector_spacing << 0x5))), function at exception vector 54 too large)

.vector_55      0x9fc018e0        0x0
 *(.vector_55)
                0x00000001                ASSERT (((_vector_spacing == 0x0) || (SIZEOF (.vector_55) <= (_vector_spacing << 0x5))), function at exception vector 55 too large)

.vector_56      0x9fc01900        0x0
 *(.vector_56)
                0x00000001                ASSERT (((_vector_spacing == 0x0) || (SIZEOF (.vector_56) <= (_vector_spacing << 0x5))), function at exception vector 56 too large)

.vector_57      0x9fc01920        0x0
 *(.vector_57)
                0x00000001                ASSERT (((_vector_spacing == 0x0) || (SIZEOF (.vector_57) <= (_vector_spacing << 0x5))), function at exception vector 57 too large)

.vector_58      0x9fc01940        0x0
 *(.vector_58)
                0x00000001                ASSERT (((_vector_spacing == 0x0) || (SIZEOF (.vector_58) <= (_vector_spacing << 0x5))), function at exception vector 58 too large)

.vector_59      0x9fc01960        0x0
 *(.vector_59)
                0x00000001                ASSERT (((_vector_spacing == 0x0) || (SIZEOF (.vector_59) <= (_vector_spacing << 0x5))), function at exception vector 59 too large)

.vector_60      0x9fc01980        0x0
 *(.vector_60)
                0x00000001                ASSERT (((_vector_spacing == 0x0) || (SIZEOF (.vector_60) <= (_vector_spacing << 0x5))), function at exception vector 60 too large)

.vector_61      0x9fc019a0        0x0
 *(.vector_61)
                0x00000001                ASSERT (((_vector_spacing == 0x0) || (SIZEOF (.vector_61) <= (_vector_spacing << 0x5))), function at exception vector 61 too large)

.vector_62      0x9fc019c0        0x0
 *(.vector_62)
                0x00000001                ASSERT (((_vector_spacing == 0x0) || (SIZEOF (.vector_62) <= (_vector_spacing << 0x5))), function at exception vector 62 too large)

.vector_63      0x9fc019e0        0x0
 *(.vector_63)
                0x00000001                ASSERT (((_vector_spacing == 0x0) || (SIZEOF (.vector_63) <= (_vector_spacing << 0x5))), function at exception vector 63 too large)

.startup
 *(.startup)

.text
 *(.stub .gnu.linkonce.t.*)
 *(.text.*personality*)
 *(.mips16.fn.*)
 *(.mips16.call.*)
 *(.gnu.warning)

.rodata         0x9d000000        0x0
 *(.rodata.* .gnu.linkonce.r.*)
 *(.rodata1)
                0x9d000000                . = ALIGN (0x4)

.sdata2         0x9fc00490        0x0
 *(.sdata2 .sdata2.* .gnu.linkonce.s2.*)
                0x9fc00490                . = ALIGN (0x4)

.sbss2          0x9fc00490        0x0
 *(.sbss2 .sbss2.* .gnu.linkonce.sb2.*)
                0x9fc00490                . = ALIGN (0x4)

.eh_frame_hdr
 *(.eh_frame_hdr)

.eh_frame
 *(.eh_frame)

.dbg_data       0xa0000000        0x0
                0xa0000000                . = (. + DEFINED (_DEBUGGER)?0x200:0x0)

.persist        0xa0000000        0x0
                0xa0000000                _persist_begin = .
 *(.persist .persist.*)
                0xa0000000                . = ALIGN (0x4)
                0xa0000000                _persist_end = .

.eh_frame       0xa0000000       0x28
 *(.eh_frame)
 .eh_frame      0xa0000000       0x28 c:/program files/microchip/mplabc32/v2.02/bin/../lib/gcc/pic32mx/4.5.1\libgcc.a(_udivdi3.o)
                0xa0000028                . = .
                0xa0008020                _gp = (ALIGN (0x10) + 0x7ff0)

.got
 *(.got.plt)
 *(.got)

.sdata          0xa0000028       0x1c
                0xa0000028                _sdata_begin = .
 *(.sdata .sdata.* .gnu.linkonce.s.*)
 .sdata         0xa0000028        0x1 bin\obj\WFConnectionAlgorithm.o
 .sdata         0xa0000029        0x1 bin\obj\WFPowerSave.o
 *fill*         0xa000002a        0x2 00
 .sdata         0xa000002c        0x4 bin\obj\DHCPs.o
                0xa000002c                bDHCPServerEnabled
 .sdata         0xa0000030        0x8 bin\obj\DNS.o
 .sdata         0xa0000038        0x1 bin\obj\DNSs.o
 *fill*         0xa0000039        0x3 00
 .sdata         0xa000003c        0x4 bin\obj\Helpers.o
 .sdata         0xa0000040        0x2 bin\obj\TCP.o
 .sdata         0xa0000042        0x2 bin\obj\UDP.o
                0xa0000044                _sdata_end = .

.lit8
 *(.lit8)

.lit4
 *(.lit4)
                0xa0000044                . = ALIGN (0x4)
                0xa0000044                _data_end = .
                0xa0000044                _bss_begin = .

.sbss           0xa0000044      0x140
                0xa0000044                _sbss_begin = .
 *(.dynsbss)
 *(.sbss .sbss.* .gnu.linkonce.sb.*)
 .sbss          0xa0000044        0xc bin\obj\CustomHTTPApp.o
 .sbss          0xa0000050       0x14 bin\obj\tcpip.o
                0xa000005c                psConfDone
 .sbss          0xa0000064        0x4 bin\obj\WFConnectionManager.o
 .sbss          0xa0000068       0x24 bin\obj\WFDriverCom.o
                0xa000007c                g_DhcpSuccessful
                0xa0000080                g_WiFiConnectionChanged
                0xa0000084                g_WiFiConnection
                0xa0000088                g_dhcpInProgress
 .sbss          0xa000008c        0x4 bin\obj\WFDriverRaw.o
                0xa000008c                g_HostRAWDataPacketReceived
 .sbss          0xa0000090        0x4 bin\obj\WFInit.o
                0xa0000090                gRFModuleVer1209orLater
 .sbss          0xa0000094       0x1c bin\obj\WFMac.o
 .sbss          0xa00000b0       0x14 bin\obj\WFMgmtMsg.o
                0xa00000b0                gHostScanNotAllowed
                0xa00000c0                g_WaitingForMgmtResponse
 .sbss          0xa00000c4        0xc bin\obj\WFPowerSave.o
 .sbss          0xa00000d0        0x8 bin\obj\Announce.o
 .sbss          0xa00000d8        0x4 bin\obj\ARP.o
 .sbss          0xa00000dc        0x4 bin\obj\DHCP.o
                0xa00000dc                DHCPClientInitializedOnce
 .sbss          0xa00000e0        0xc bin\obj\DHCPs.o
 .sbss          0xa00000ec       0x18 bin\obj\DNS.o
 .sbss          0xa0000104       0x10 bin\obj\ICMP.o
 .sbss          0xa0000114        0x4 bin\obj\IP.o
 .sbss          0xa0000118        0x8 bin\obj\MPFS2.o
 .sbss          0xa0000120        0x8 bin\obj\NBNS.o
 .sbss          0xa0000128        0x8 bin\obj\StackTsk.o
                0xa000012c                g_DhcpRenew
 .sbss          0xa0000130        0x2 bin\obj\TCP.o
 *fill*         0xa0000132        0x2 00
 .sbss          0xa0000134        0xc bin\obj\Tick.o
 .sbss          0xa0000140        0x8 bin\obj\UDP.o
 *(.scommon)
 .scommon       0xa0000148        0x4 bin\obj\app.o
                0xa0000148                CurrentPacket
 .scommon       0xa000014c        0x0 bin\obj\CustomHTTPApp.o
 .scommon       0xa000014c        0xc bin\obj\tcpip.o
                0xa000014c                PsPollEnabled
                0xa0000150                AN0String
 .scommon       0xa0000158        0x8 bin\obj\WFDriverCom.o
                0xa0000158                RawMoveState
 .scommon       0xa0000160        0xc bin\obj\WFDriverRaw.o
                0xa0000160                RawWindowState
                0xa0000164                RawWindowReady
 .scommon       0xa000016c        0x6 bin\obj\WFEasyConfig.o
                0xa000016c                g_ScanCtx
 *fill*         0xa0000172        0x2 00
 .scommon       0xa0000174        0x4 bin\obj\WFMac.o
                0xa0000174                g_rxIndexSetBeyondBuffer
 .scommon       0xa0000178        0x4 bin\obj\WFPowerSave.o
                0xa0000178                g_rxDtim
 .scommon       0xa000017c        0x1 bin\obj\HTTP2.o
                0xa000017c                curHTTPID
 *fill*         0xa000017d        0x1 00
 .scommon       0xa000017e        0x6 bin\obj\UDP.o
                0xa000017e                activeUDPSocket
                0xa0000180                UDPTxCount
                0xa0000182                UDPRxCount
                0xa0000184                _sbss_end = .

.bss            0xa0000184      0x4d4
 *(.dynbss)
 *(COMMON)
 COMMON         0xa0000184      0x224 bin\obj\app.o
                0xa0000184                WiFiPacket
 COMMON         0xa00003a8       0x97 bin\obj\tcpip.o
                0xa00003a8                AppConfig
 *fill*         0xa000043f        0x1 00
 COMMON         0xa0000440       0x94 bin\obj\WFEasyConfig.o
                0xa0000440                g_easyConfigCtx
 COMMON         0xa00004d4       0x98 bin\obj\HTTP2.o
                0xa00004d4                curHTTP
                0xa000055c                httpStubs
 COMMON         0xa000056c        0xa bin\obj\StackTsk.o
                0xa000056c                remoteNode
 *fill*         0xa0000576        0x2 00
 COMMON         0xa0000578       0xe0 bin\obj\UDP.o
                0xa0000578                UDPSocketInfo
                0xa0000658                . = ALIGN (0x4)
                0xa0000658                . = ALIGN (0x4)
                0xa0000658                _end = .
                0xa0000658                _bss_end = .
                0x00020000                _bmxdudba_address = 0x20000
                0x00020000                _bmxdupba_address = 0x20000

/DISCARD/
 *(.pdr)
 *(.reginfo)
 *(.rel.dyn)
 *(.note.GNU-stack)
 *(.note.GNU-stack)
 *(.gnu_debuglink)
 *(.gnu.lto_*)
 *(.discard)

.stab
 *(.stab)

.stabstr
 *(.stabstr)

.stab.excl
 *(.stab.excl)

.stab.exclstr
 *(.stab.exclstr)

.stab.index
 *(.stab.index)

.stab.indexstr
 *(.stab.indexstr)

.comment        0x00000000      0x1f6
 *(.comment)
 .comment       0x00000000       0x51 bin\obj\app.o
                                 0x52 (size before relaxing)
 .comment       0x00000000       0x52 bin\obj\CustomHTTPApp.o
 .comment       0x00000000       0x52 bin\obj\simpledelay.o
 .comment       0x00000000       0x52 bin\obj\tcpip.o
 .comment       0x00000000       0x52 bin\obj\WF_Config.o
 .comment       0x00000000       0x52 bin\obj\WF_Eint.o
 .comment       0x00000000       0x52 bin\obj\WF_Spi.o
 .comment       0x00000000       0x52 bin\obj\WFConnectionAlgorithm.o
 .comment       0x00000000       0x52 bin\obj\WFConnectionManager.o
 .comment       0x00000000       0x52 bin\obj\WFConnectionProfile.o
 .comment       0x00000000       0x52 bin\obj\WFConsole.o
 .comment       0x00000000       0x52 bin\obj\WFConsoleIfconfig.o
 .comment       0x00000000       0x52 bin\obj\WFConsoleIwconfig.o
 .comment       0x00000000       0x52 bin\obj\WFConsoleIwpriv.o
 .comment       0x00000000       0x52 bin\obj\WFConsoleMsgHandler.o
 .comment       0x00000000       0x52 bin\obj\WFConsoleMsgs.o
 .comment       0x00000000       0x52 bin\obj\WFDataTxRx.o
 .comment       0x00000000       0x52 bin\obj\WFDriverCom.o
 .comment       0x00000000       0x52 bin\obj\WFDriverRaw.o
 .comment       0x00000000       0x52 bin\obj\WFEasyConfig.o
 .comment       0x00000000       0x52 bin\obj\WFEventHandler.o
 .comment       0x00000000       0x52 bin\obj\WFInit.o
 .comment       0x00000000       0x52 bin\obj\WFMac.o
 .comment       0x00000000       0x52 bin\obj\WFMgmtMsg.o
 .comment       0x00000000       0x52 bin\obj\WFParamMsg.o
 .comment       0x00000000       0x52 bin\obj\WFPowerSave.o
 .comment       0x00000000       0x52 bin\obj\WFScan.o
 .comment       0x00000000       0x52 bin\obj\WFTxPower.o
 .comment       0x00000000       0x52 bin\obj\Announce.o
 .comment       0x00000000       0x52 bin\obj\ARP.o
 .comment       0x00000000       0x52 bin\obj\AutoIP.o
 .comment       0x00000000       0x52 bin\obj\BigInt.o
 .comment       0x00000000       0x52 bin\obj\DHCP.o
 .comment       0x00000000       0x52 bin\obj\DHCPs.o
 .comment       0x00000000       0x52 bin\obj\DNS.o
 .comment       0x00000000       0x52 bin\obj\DNSs.o
 .comment       0x00000000       0x52 bin\obj\ETHPIC32ExtPhy.o
 .comment       0x00000000       0x52 bin\obj\ETHPIC32IntMac.o
 .comment       0x00000000       0x52 bin\obj\Helpers.o
 .comment       0x00000000       0x52 bin\obj\HTTP2.o
 .comment       0x00000000       0x52 bin\obj\ICMP.o
 .comment       0x00000000       0x52 bin\obj\IP.o
 .comment       0x00000000       0x52 bin\obj\MPFS2.o
 .comment       0x00000000       0x52 bin\obj\NBNS.o
 .comment       0x00000000       0x52 bin\obj\StackTsk.o
 .comment       0x00000000       0x52 bin\obj\TCP.o
 .comment       0x00000000       0x52 bin\obj\Tick.o
 .comment       0x00000000       0x52 bin\obj\UDP.o
 .comment       0x00000000       0x52 bin\obj\MPFSImg2.o
 .comment       0x00000000       0x52 c:/program files/microchip/mplabc32/v2.02/bin/../lib/gcc/pic32mx/4.5.1\libgcc.a(_udivdi3.o)
 .comment       0x00000051       0x55 c:/program files/microchip/mplabc32/v2.02/bin/../lib/gcc/pic32mx/4.5.1/../../../../pic32mx/lib\libc.a(memcmp.o)
                                 0x56 (size before relaxing)
 .comment       0x000000a6       0x55 c:/program files/microchip/mplabc32/v2.02/bin/../lib/gcc/pic32mx/4.5.1/../../../../pic32mx/lib\libc.a(memset.o)
                                 0x56 (size before relaxing)
 .comment       0x000000fb       0x55 c:/program files/microchip/mplabc32/v2.02/bin/../lib/gcc/pic32mx/4.5.1/../../../../pic32mx/lib\libc.a(strcmp.o)
                                 0x56 (size before relaxing)
 .comment       0x00000150       0x55 c:/program files/microchip/mplabc32/v2.02/bin/../lib/gcc/pic32mx/4.5.1/../../../../pic32mx/lib\libc.a(strlen.o)
                                 0x56 (size before relaxing)
 .comment       0x00000000       0x52 c:/program files/microchip/mplabc32/v2.02/bin/../lib/gcc/pic32mx/4.5.1/../../../../pic32mx/lib\libc.a(default-bootstrap-exception-handler.o)
 .comment       0x00000000       0x52 c:/program files/microchip/mplabc32/v2.02/bin/../lib/gcc/pic32mx/4.5.1/../../../../pic32mx/lib\libc.a(default-on-reset.o)
 .comment       0x00000000       0x52 c:/program files/microchip/mplabc32/v2.02/bin/../lib/gcc/pic32mx/4.5.1/../../../../pic32mx/lib\libc.a(default-on-bootstrap.o)
 .comment       0x000001a5       0x51 c:/program files/microchip/mplabc32/v2.02/bin/../lib/gcc/pic32mx/4.5.1/../../../../pic32mx/lib\libmchp_peripheral_32MX795F512L.a(pcache.o)
                                 0x52 (size before relaxing)
 .comment       0x00000000       0x52 c:/program files/microchip/mplabc32/v2.02/bin/../lib/gcc/pic32mx/4.5.1/../../../../pic32mx/lib\libmchp_peripheral_32MX795F512L.a(int_disable_interrupts_lib.o)
 .comment       0x00000000       0x52 c:/program files/microchip/mplabc32/v2.02/bin/../lib/gcc/pic32mx/4.5.1/../../../../pic32mx/lib\libmchp_peripheral_32MX795F512L.a(int_restore_interrupts_lib.o)
 .comment       0x00000000       0x52 c:/program files/microchip/mplabc32/v2.02/bin/../lib/gcc/pic32mx/4.5.1/../../../../pic32mx/lib\libmchp_peripheral_32MX795F512L.a(int_enable_mv_int_lib.o)
 .comment       0x00000000       0x52 c:/program files/microchip/mplabc32/v2.02/bin/../lib/gcc/pic32mx/4.5.1/../../../../pic32mx/lib\libmchp_peripheral_32MX795F512L.a(port_set_pins_digital_in_lib.o)
 .comment       0x00000000       0x52 c:/program files/microchip/mplabc32/v2.02/bin/../lib/gcc/pic32mx/4.5.1/../../../../pic32mx/lib\libmchp_peripheral_32MX795F512L.a(_ports_tbl_libp.o)
 .comment       0x00000000       0x52 c:/program files/microchip/mplabc32/v2.02/bin/../lib/gcc/pic32mx/4.5.1/../../../../pic32mx/lib\libmchp_peripheral_32MX795F512L.a(int_enable_interrupts_lib.o)

.debug
 *(.debug)

.line
 *(.line)

.debug_srcinfo
 *(.debug_srcinfo)

.debug_sfnames
 *(.debug_sfnames)

.debug_aranges  0x00000000      0x5e8
 *(.debug_aranges)
 .debug_aranges
                0x00000000       0x20 bin\obj\app.o
 .debug_aranges
                0x00000020       0x20 bin\obj\CustomHTTPApp.o
 .debug_aranges
                0x00000040       0x20 bin\obj\simpledelay.o
 .debug_aranges
                0x00000060       0x20 bin\obj\tcpip.o
 .debug_aranges
                0x00000080       0x20 bin\obj\WF_Config.o
 .debug_aranges
                0x000000a0       0x20 bin\obj\WF_Eint.o
 .debug_aranges
                0x000000c0       0x20 bin\obj\WF_Spi.o
 .debug_aranges
                0x000000e0       0x20 bin\obj\WFConnectionAlgorithm.o
 .debug_aranges
                0x00000100       0x20 bin\obj\WFConnectionManager.o
 .debug_aranges
                0x00000120       0x20 bin\obj\WFConnectionProfile.o
 .debug_aranges
                0x00000140       0x20 bin\obj\WFDriverCom.o
 .debug_aranges
                0x00000160       0x20 bin\obj\WFDriverRaw.o
 .debug_aranges
                0x00000180       0x20 bin\obj\WFEasyConfig.o
 .debug_aranges
                0x000001a0       0x20 bin\obj\WFEventHandler.o
 .debug_aranges
                0x000001c0       0x20 bin\obj\WFInit.o
 .debug_aranges
                0x000001e0       0x20 bin\obj\WFMac.o
 .debug_aranges
                0x00000200       0x20 bin\obj\WFMgmtMsg.o
 .debug_aranges
                0x00000220       0x20 bin\obj\WFParamMsg.o
 .debug_aranges
                0x00000240       0x20 bin\obj\WFPowerSave.o
 .debug_aranges
                0x00000260       0x20 bin\obj\WFScan.o
 .debug_aranges
                0x00000280       0x20 bin\obj\WFTxPower.o
 .debug_aranges
                0x000002a0       0x20 bin\obj\Announce.o
 .debug_aranges
                0x000002c0       0x20 bin\obj\ARP.o
 .debug_aranges
                0x000002e0       0x20 bin\obj\DHCP.o
 .debug_aranges
                0x00000300       0x20 bin\obj\DHCPs.o
 .debug_aranges
                0x00000320       0x20 bin\obj\DNS.o
 .debug_aranges
                0x00000340       0x20 bin\obj\DNSs.o
 .debug_aranges
                0x00000360       0x20 bin\obj\Helpers.o
 .debug_aranges
                0x00000380       0x20 bin\obj\HTTP2.o
 .debug_aranges
                0x000003a0       0x20 bin\obj\ICMP.o
 .debug_aranges
                0x000003c0       0x20 bin\obj\IP.o
 .debug_aranges
                0x000003e0       0x20 bin\obj\MPFS2.o
 .debug_aranges
                0x00000400       0x20 bin\obj\NBNS.o
 .debug_aranges
                0x00000420       0x20 bin\obj\StackTsk.o
 .debug_aranges
                0x00000440       0x20 bin\obj\TCP.o
 .debug_aranges
                0x00000460       0x20 bin\obj\Tick.o
 .debug_aranges
                0x00000480       0x20 bin\obj\UDP.o
 .debug_aranges
                0x000004a0       0x20 c:/program files/microchip/mplabc32/v2.02/bin/../lib/gcc/pic32mx/4.5.1\libgcc.a(_udivdi3.o)
 .debug_aranges
                0x000004c0       0x20 c:/program files/microchip/mplabc32/v2.02/bin/../lib/gcc/pic32mx/4.5.1/../../../../pic32mx/lib\libc.a(default-bootstrap-exception-handler.o)
 .debug_aranges
                0x000004e0       0x20 c:/program files/microchip/mplabc32/v2.02/bin/../lib/gcc/pic32mx/4.5.1/../../../../pic32mx/lib\libc.a(default-on-reset.o)
 .debug_aranges
                0x00000500       0x20 c:/program files/microchip/mplabc32/v2.02/bin/../lib/gcc/pic32mx/4.5.1/../../../../pic32mx/lib\libc.a(default-on-bootstrap.o)
 .debug_aranges
                0x00000520       0x28 c:/program files/microchip/mplabc32/v2.02/bin/../lib/gcc/pic32mx/4.5.1/../../../../pic32mx/lib\libmchp_peripheral_32MX795F512L.a(pcache.o)
 .debug_aranges
                0x00000548       0x20 c:/program files/microchip/mplabc32/v2.02/bin/../lib/gcc/pic32mx/4.5.1/../../../../pic32mx/lib\libmchp_peripheral_32MX795F512L.a(int_disable_interrupts_lib.o)
 .debug_aranges
                0x00000568       0x20 c:/program files/microchip/mplabc32/v2.02/bin/../lib/gcc/pic32mx/4.5.1/../../../../pic32mx/lib\libmchp_peripheral_32MX795F512L.a(int_restore_interrupts_lib.o)
 .debug_aranges
                0x00000588       0x20 c:/program files/microchip/mplabc32/v2.02/bin/../lib/gcc/pic32mx/4.5.1/../../../../pic32mx/lib\libmchp_peripheral_32MX795F512L.a(int_enable_mv_int_lib.o)
 .debug_aranges
                0x000005a8       0x20 c:/program files/microchip/mplabc32/v2.02/bin/../lib/gcc/pic32mx/4.5.1/../../../../pic32mx/lib\libmchp_peripheral_32MX795F512L.a(port_set_pins_digital_in_lib.o)
 .debug_aranges
                0x000005c8       0x20 c:/program files/microchip/mplabc32/v2.02/bin/../lib/gcc/pic32mx/4.5.1/../../../../pic32mx/lib\libmchp_peripheral_32MX795F512L.a(int_enable_interrupts_lib.o)

.debug_pubnames
                0x00000000     0x1f11
 *(.debug_pubnames)
 .debug_pubnames
                0x00000000       0x70 bin\obj\app.o
 .debug_pubnames
                0x00000070       0x46 bin\obj\CustomHTTPApp.o
 .debug_pubnames
                0x000000b6       0x2c bin\obj\simpledelay.o
 .debug_pubnames
                0x000000e2       0x93 bin\obj\tcpip.o
 .debug_pubnames
                0x00000175       0x26 bin\obj\WF_Config.o
 .debug_pubnames
                0x0000019b       0x83 bin\obj\WF_Eint.o
 .debug_pubnames
                0x0000021e       0x66 bin\obj\WF_Spi.o
 .debug_pubnames
                0x00000284      0x339 bin\obj\WFConnectionAlgorithm.o
 .debug_pubnames
                0x000005bd       0xbc bin\obj\WFConnectionManager.o
 .debug_pubnames
                0x00000679      0x1d6 bin\obj\WFConnectionProfile.o
 .debug_pubnames
                0x0000084f      0x191 bin\obj\WFDriverCom.o
 .debug_pubnames
                0x000009e0      0x1c8 bin\obj\WFDriverRaw.o
 .debug_pubnames
                0x00000ba8       0xac bin\obj\WFEasyConfig.o
 .debug_pubnames
                0x00000c54       0x2f bin\obj\WFEventHandler.o
 .debug_pubnames
                0x00000c83       0x3a bin\obj\WFInit.o
 .debug_pubnames
                0x00000cbd      0x228 bin\obj\WFMac.o
 .debug_pubnames
                0x00000ee5       0xce bin\obj\WFMgmtMsg.o
 .debug_pubnames
                0x00000fb3      0x1c5 bin\obj\WFParamMsg.o
 .debug_pubnames
                0x00001178      0x13d bin\obj\WFPowerSave.o
 .debug_pubnames
                0x000012b5       0x33 bin\obj\WFScan.o
 .debug_pubnames
                0x000012e8       0x7b bin\obj\WFTxPower.o
 .debug_pubnames
                0x00001363       0x33 bin\obj\Announce.o
 .debug_pubnames
                0x00001396       0x60 bin\obj\ARP.o
 .debug_pubnames
                0x000013f6       0xb9 bin\obj\DHCP.o
 .debug_pubnames
                0x000014af       0x3c bin\obj\DHCPs.o
 .debug_pubnames
                0x000014eb       0x55 bin\obj\DNS.o
 .debug_pubnames
                0x00001540       0x24 bin\obj\DNSs.o
 .debug_pubnames
                0x00001564      0x115 bin\obj\Helpers.o
 .debug_pubnames
                0x00001679       0xa4 bin\obj\HTTP2.o
 .debug_pubnames
                0x0000171d       0x7f bin\obj\ICMP.o
 .debug_pubnames
                0x0000179c       0x44 bin\obj\IP.o
 .debug_pubnames
                0x000017e0      0x140 bin\obj\MPFS2.o
 .debug_pubnames
                0x00001920       0x1f bin\obj\NBNS.o
 .debug_pubnames
                0x0000193f       0x71 bin\obj\StackTsk.o
 .debug_pubnames
                0x000019b0      0x1ba bin\obj\TCP.o
 .debug_pubnames
                0x00001b6a       0x7e bin\obj\Tick.o
 .debug_pubnames
                0x00001be8      0x155 bin\obj\UDP.o
 .debug_pubnames
                0x00001d3d       0x21 bin\obj\MPFSImg2.o
 .debug_pubnames
                0x00001d5e       0x20 c:/program files/microchip/mplabc32/v2.02/bin/../lib/gcc/pic32mx/4.5.1\libgcc.a(_udivdi3.o)
 .debug_pubnames
                0x00001d7e       0x33 c:/program files/microchip/mplabc32/v2.02/bin/../lib/gcc/pic32mx/4.5.1/../../../../pic32mx/lib\libc.a(default-bootstrap-exception-handler.o)
 .debug_pubnames
                0x00001db1       0x20 c:/program files/microchip/mplabc32/v2.02/bin/../lib/gcc/pic32mx/4.5.1/../../../../pic32mx/lib\libc.a(default-on-reset.o)
 .debug_pubnames
                0x00001dd1       0x24 c:/program files/microchip/mplabc32/v2.02/bin/../lib/gcc/pic32mx/4.5.1/../../../../pic32mx/lib\libc.a(default-on-bootstrap.o)
 .debug_pubnames
                0x00001df5       0x3b c:/program files/microchip/mplabc32/v2.02/bin/../lib/gcc/pic32mx/4.5.1/../../../../pic32mx/lib\libmchp_peripheral_32MX795F512L.a(pcache.o)
 .debug_pubnames
                0x00001e30       0x2b c:/program files/microchip/mplabc32/v2.02/bin/../lib/gcc/pic32mx/4.5.1/../../../../pic32mx/lib\libmchp_peripheral_32MX795F512L.a(int_disable_interrupts_lib.o)
 .debug_pubnames
                0x00001e5b       0x2b c:/program files/microchip/mplabc32/v2.02/bin/../lib/gcc/pic32mx/4.5.1/../../../../pic32mx/lib\libmchp_peripheral_32MX795F512L.a(int_restore_interrupts_lib.o)
 .debug_pubnames
                0x00001e86       0x36 c:/program files/microchip/mplabc32/v2.02/bin/../lib/gcc/pic32mx/4.5.1/../../../../pic32mx/lib\libmchp_peripheral_32MX795F512L.a(int_enable_mv_int_lib.o)
 .debug_pubnames
                0x00001ebc       0x2b c:/program files/microchip/mplabc32/v2.02/bin/../lib/gcc/pic32mx/4.5.1/../../../../pic32mx/lib\libmchp_peripheral_32MX795F512L.a(port_set_pins_digital_in_lib.o)
 .debug_pubnames
                0x00001ee7       0x2a c:/program files/microchip/mplabc32/v2.02/bin/../lib/gcc/pic32mx/4.5.1/../../../../pic32mx/lib\libmchp_peripheral_32MX795F512L.a(int_enable_interrupts_lib.o)

.debug_info     0x00000000    0x50b66
 *(.debug_info .gnu.linkonce.wi.*)
 .debug_info    0x00000000     0x1c7a bin\obj\app.o
 .debug_info    0x00001c7a     0x1cda bin\obj\CustomHTTPApp.o
 .debug_info    0x00003954     0x11f2 bin\obj\simpledelay.o
 .debug_info    0x00004b46     0x210a bin\obj\tcpip.o
 .debug_info    0x00006c50     0x1477 bin\obj\WF_Config.o
 .debug_info    0x000080c7     0x202f bin\obj\WF_Eint.o
 .debug_info    0x0000a0f6     0x19b0 bin\obj\WF_Spi.o
 .debug_info    0x0000baa6     0x22cd bin\obj\WFConnectionAlgorithm.o
 .debug_info    0x0000dd73     0x1c26 bin\obj\WFConnectionManager.o
 .debug_info    0x0000f999     0x2098 bin\obj\WFConnectionProfile.o
 .debug_info    0x00011a31     0x1170 bin\obj\WFConsole.o
 .debug_info    0x00012ba1     0x1178 bin\obj\WFConsoleIfconfig.o
 .debug_info    0x00013d19     0x1178 bin\obj\WFConsoleIwconfig.o
 .debug_info    0x00014e91     0x1176 bin\obj\WFConsoleIwpriv.o
 .debug_info    0x00016007     0x117a bin\obj\WFConsoleMsgHandler.o
 .debug_info    0x00017181     0x1174 bin\obj\WFConsoleMsgs.o
 .debug_info    0x000182f5     0x1171 bin\obj\WFDataTxRx.o
 .debug_info    0x00019466     0x240c bin\obj\WFDriverCom.o
 .debug_info    0x0001b872     0x19c7 bin\obj\WFDriverRaw.o
 .debug_info    0x0001d239     0x173c bin\obj\WFEasyConfig.o
 .debug_info    0x0001e975     0x14a9 bin\obj\WFEventHandler.o
 .debug_info    0x0001fe1e     0x1a3d bin\obj\WFInit.o
 .debug_info    0x0002185b     0x1e59 bin\obj\WFMac.o
 .debug_info    0x000236b4     0x1539 bin\obj\WFMgmtMsg.o
 .debug_info    0x00024bed     0x2119 bin\obj\WFParamMsg.o
 .debug_info    0x00026d06     0x1ca4 bin\obj\WFPowerSave.o
 .debug_info    0x000289aa     0x1729 bin\obj\WFScan.o
 .debug_info    0x0002a0d3     0x1709 bin\obj\WFTxPower.o
 .debug_info    0x0002b7dc     0x1bf8 bin\obj\Announce.o
 .debug_info    0x0002d3d4     0x1bb8 bin\obj\ARP.o
 .debug_info    0x0002ef8c     0x1168 bin\obj\AutoIP.o
 .debug_info    0x000300f4     0x1168 bin\obj\BigInt.o
 .debug_info    0x0003125c     0x21b3 bin\obj\DHCP.o
 .debug_info    0x0003340f     0x1e44 bin\obj\DHCPs.o
 .debug_info    0x00035253     0x1e4a bin\obj\DNS.o
 .debug_info    0x0003709d     0x1a05 bin\obj\DNSs.o
 .debug_info    0x00038aa2     0x1170 bin\obj\ETHPIC32ExtPhy.o
 .debug_info    0x00039c12     0x1170 bin\obj\ETHPIC32IntMac.o
 .debug_info    0x0003ad82     0x247a bin\obj\Helpers.o
 .debug_info    0x0003d1fc     0x2089 bin\obj\HTTP2.o
 .debug_info    0x0003f285     0x1af7 bin\obj\ICMP.o
 .debug_info    0x00040d7c     0x1c45 bin\obj\IP.o
 .debug_info    0x000429c1     0x191e bin\obj\MPFS2.o
 .debug_info    0x000442df     0x1d2f bin\obj\NBNS.o
 .debug_info    0x0004600e     0x1ac8 bin\obj\StackTsk.o
 .debug_info    0x00047ad6     0x3284 bin\obj\TCP.o
 .debug_info    0x0004ad5a     0x1af0 bin\obj\Tick.o
 .debug_info    0x0004c84a     0x225b bin\obj\UDP.o
 .debug_info    0x0004eaa5     0x119d bin\obj\MPFSImg2.o
 .debug_info    0x0004fc42      0x783 c:/program files/microchip/mplabc32/v2.02/bin/../lib/gcc/pic32mx/4.5.1\libgcc.a(_udivdi3.o)
 .debug_info    0x000503c5      0x106 c:/program files/microchip/mplabc32/v2.02/bin/../lib/gcc/pic32mx/4.5.1/../../../../pic32mx/lib\libc.a(default-bootstrap-exception-handler.o)
 .debug_info    0x000504cb       0xe0 c:/program files/microchip/mplabc32/v2.02/bin/../lib/gcc/pic32mx/4.5.1/../../../../pic32mx/lib\libc.a(default-on-reset.o)
 .debug_info    0x000505ab       0xe8 c:/program files/microchip/mplabc32/v2.02/bin/../lib/gcc/pic32mx/4.5.1/../../../../pic32mx/lib\libc.a(default-on-bootstrap.o)
 .debug_info    0x00050693       0xd4 c:/program files/microchip/mplabc32/v2.02/bin/../lib/gcc/pic32mx/4.5.1/../../../../pic32mx/lib\libmchp_peripheral_32MX795F512L.a(pcache.o)
 .debug_info    0x00050767       0xcb c:/program files/microchip/mplabc32/v2.02/bin/../lib/gcc/pic32mx/4.5.1/../../../../pic32mx/lib\libmchp_peripheral_32MX795F512L.a(int_disable_interrupts_lib.o)
 .debug_info    0x00050832       0xcb c:/program files/microchip/mplabc32/v2.02/bin/../lib/gcc/pic32mx/4.5.1/../../../../pic32mx/lib\libmchp_peripheral_32MX795F512L.a(int_restore_interrupts_lib.o)
 .debug_info    0x000508fd       0xd1 c:/program files/microchip/mplabc32/v2.02/bin/../lib/gcc/pic32mx/4.5.1/../../../../pic32mx/lib\libmchp_peripheral_32MX795F512L.a(int_enable_mv_int_lib.o)
 .debug_info    0x000509ce       0xcf c:/program files/microchip/mplabc32/v2.02/bin/../lib/gcc/pic32mx/4.5.1/../../../../pic32mx/lib\libmchp_peripheral_32MX795F512L.a(port_set_pins_digital_in_lib.o)
 .debug_info    0x00050a9d        0x0 c:/program files/microchip/mplabc32/v2.02/bin/../lib/gcc/pic32mx/4.5.1/../../../../pic32mx/lib\libmchp_peripheral_32MX795F512L.a(_ports_tbl_libp.o)
 .debug_info    0x00050a9d       0xc9 c:/program files/microchip/mplabc32/v2.02/bin/../lib/gcc/pic32mx/4.5.1/../../../../pic32mx/lib\libmchp_peripheral_32MX795F512L.a(int_enable_interrupts_lib.o)

.debug_abbrev   0x00000000     0x683c
 *(.debug_abbrev)
 .debug_abbrev  0x00000000      0x30e bin\obj\app.o
 .debug_abbrev  0x0000030e      0x220 bin\obj\CustomHTTPApp.o
 .debug_abbrev  0x0000052e      0x19b bin\obj\simpledelay.o
 .debug_abbrev  0x000006c9      0x26d bin\obj\tcpip.o
 .debug_abbrev  0x00000936      0x1a2 bin\obj\WF_Config.o
 .debug_abbrev  0x00000ad8      0x1aa bin\obj\WF_Eint.o
 .debug_abbrev  0x00000c82      0x1f6 bin\obj\WF_Spi.o
 .debug_abbrev  0x00000e78      0x284 bin\obj\WFConnectionAlgorithm.o
 .debug_abbrev  0x000010fc      0x27c bin\obj\WFConnectionManager.o
 .debug_abbrev  0x00001378      0x28b bin\obj\WFConnectionProfile.o
 .debug_abbrev  0x00001603      0x166 bin\obj\WFConsole.o
 .debug_abbrev  0x00001769      0x166 bin\obj\WFConsoleIfconfig.o
 .debug_abbrev  0x000018cf      0x166 bin\obj\WFConsoleIwconfig.o
 .debug_abbrev  0x00001a35      0x166 bin\obj\WFConsoleIwpriv.o
 .debug_abbrev  0x00001b9b      0x166 bin\obj\WFConsoleMsgHandler.o
 .debug_abbrev  0x00001d01      0x166 bin\obj\WFConsoleMsgs.o
 .debug_abbrev  0x00001e67      0x166 bin\obj\WFDataTxRx.o
 .debug_abbrev  0x00001fcd      0x2ba bin\obj\WFDriverCom.o
 .debug_abbrev  0x00002287      0x29e bin\obj\WFDriverRaw.o
 .debug_abbrev  0x00002525      0x24a bin\obj\WFEasyConfig.o
 .debug_abbrev  0x0000276f      0x21c bin\obj\WFEventHandler.o
 .debug_abbrev  0x0000298b      0x1fc bin\obj\WFInit.o
 .debug_abbrev  0x00002b87      0x2ab bin\obj\WFMac.o
 .debug_abbrev  0x00002e32      0x277 bin\obj\WFMgmtMsg.o
 .debug_abbrev  0x000030a9      0x247 bin\obj\WFParamMsg.o
 .debug_abbrev  0x000032f0      0x2a1 bin\obj\WFPowerSave.o
 .debug_abbrev  0x00003591      0x1c9 bin\obj\WFScan.o
 .debug_abbrev  0x0000375a      0x1d8 bin\obj\WFTxPower.o
 .debug_abbrev  0x00003932      0x1f0 bin\obj\Announce.o
 .debug_abbrev  0x00003b22      0x266 bin\obj\ARP.o
 .debug_abbrev  0x00003d88      0x166 bin\obj\AutoIP.o
 .debug_abbrev  0x00003eee      0x166 bin\obj\BigInt.o
 .debug_abbrev  0x00004054      0x299 bin\obj\DHCP.o
 .debug_abbrev  0x000042ed      0x22e bin\obj\DHCPs.o
 .debug_abbrev  0x0000451b      0x262 bin\obj\DNS.o
 .debug_abbrev  0x0000477d      0x1c6 bin\obj\DNSs.o
 .debug_abbrev  0x00004943      0x166 bin\obj\ETHPIC32ExtPhy.o
 .debug_abbrev  0x00004aa9      0x166 bin\obj\ETHPIC32IntMac.o
 .debug_abbrev  0x00004c0f      0x23e bin\obj\Helpers.o
 .debug_abbrev  0x00004e4d      0x2ae bin\obj\HTTP2.o
 .debug_abbrev  0x000050fb      0x246 bin\obj\ICMP.o
 .debug_abbrev  0x00005341      0x242 bin\obj\IP.o
 .debug_abbrev  0x00005583      0x28e bin\obj\MPFS2.o
 .debug_abbrev  0x00005811      0x247 bin\obj\NBNS.o
 .debug_abbrev  0x00005a58      0x211 bin\obj\StackTsk.o
 .debug_abbrev  0x00005c69      0x2db bin\obj\TCP.o
 .debug_abbrev  0x00005f44      0x214 bin\obj\Tick.o
 .debug_abbrev  0x00006158      0x2d9 bin\obj\UDP.o
 .debug_abbrev  0x00006431      0x180 bin\obj\MPFSImg2.o
 .debug_abbrev  0x000065b1      0x13d c:/program files/microchip/mplabc32/v2.02/bin/../lib/gcc/pic32mx/4.5.1\libgcc.a(_udivdi3.o)
 .debug_abbrev  0x000066ee       0x25 c:/program files/microchip/mplabc32/v2.02/bin/../lib/gcc/pic32mx/4.5.1/../../../../pic32mx/lib\libc.a(default-bootstrap-exception-handler.o)
 .debug_abbrev  0x00006713       0x25 c:/program files/microchip/mplabc32/v2.02/bin/../lib/gcc/pic32mx/4.5.1/../../../../pic32mx/lib\libc.a(default-on-reset.o)
 .debug_abbrev  0x00006738       0x25 c:/program files/microchip/mplabc32/v2.02/bin/../lib/gcc/pic32mx/4.5.1/../../../../pic32mx/lib\libc.a(default-on-bootstrap.o)
 .debug_abbrev  0x0000675d       0x25 c:/program files/microchip/mplabc32/v2.02/bin/../lib/gcc/pic32mx/4.5.1/../../../../pic32mx/lib\libmchp_peripheral_32MX795F512L.a(pcache.o)
 .debug_abbrev  0x00006782       0x25 c:/program files/microchip/mplabc32/v2.02/bin/../lib/gcc/pic32mx/4.5.1/../../../../pic32mx/lib\libmchp_peripheral_32MX795F512L.a(int_disable_interrupts_lib.o)
 .debug_abbrev  0x000067a7       0x25 c:/program files/microchip/mplabc32/v2.02/bin/../lib/gcc/pic32mx/4.5.1/../../../../pic32mx/lib\libmchp_peripheral_32MX795F512L.a(int_restore_interrupts_lib.o)
 .debug_abbrev  0x000067cc       0x25 c:/program files/microchip/mplabc32/v2.02/bin/../lib/gcc/pic32mx/4.5.1/../../../../pic32mx/lib\libmchp_peripheral_32MX795F512L.a(int_enable_mv_int_lib.o)
 .debug_abbrev  0x000067f1       0x25 c:/program files/microchip/mplabc32/v2.02/bin/../lib/gcc/pic32mx/4.5.1/../../../../pic32mx/lib\libmchp_peripheral_32MX795F512L.a(port_set_pins_digital_in_lib.o)
 .debug_abbrev  0x00006816        0x1 c:/program files/microchip/mplabc32/v2.02/bin/../lib/gcc/pic32mx/4.5.1/../../../../pic32mx/lib\libmchp_peripheral_32MX795F512L.a(_ports_tbl_libp.o)
 .debug_abbrev  0x00006817       0x25 c:/program files/microchip/mplabc32/v2.02/bin/../lib/gcc/pic32mx/4.5.1/../../../../pic32mx/lib\libmchp_peripheral_32MX795F512L.a(int_enable_interrupts_lib.o)

.debug_line     0x00000000     0x773b
 *(.debug_line)
 .debug_line    0x00000000      0x267 bin\obj\app.o
 .debug_line    0x00000267      0x20c bin\obj\CustomHTTPApp.o
 .debug_line    0x00000473      0x177 bin\obj\simpledelay.o
 .debug_line    0x000005ea      0x221 bin\obj\tcpip.o
 .debug_line    0x0000080b      0x196 bin\obj\WF_Config.o
 .debug_line    0x000009a1      0x1ab bin\obj\WF_Eint.o
 .debug_line    0x00000b4c      0x1c2 bin\obj\WF_Spi.o
 .debug_line    0x00000d0e      0x316 bin\obj\WFConnectionAlgorithm.o
 .debug_line    0x00001024      0x201 bin\obj\WFConnectionManager.o
 .debug_line    0x00001225      0x2b8 bin\obj\WFConnectionProfile.o
 .debug_line    0x000014dd      0x134 bin\obj\WFConsole.o
 .debug_line    0x00001611      0x134 bin\obj\WFConsoleIfconfig.o
 .debug_line    0x00001745      0x134 bin\obj\WFConsoleIwconfig.o
 .debug_line    0x00001879      0x134 bin\obj\WFConsoleIwpriv.o
 .debug_line    0x000019ad      0x134 bin\obj\WFConsoleMsgHandler.o
 .debug_line    0x00001ae1      0x134 bin\obj\WFConsoleMsgs.o
 .debug_line    0x00001c15      0x134 bin\obj\WFDataTxRx.o
 .debug_line    0x00001d49      0x2e9 bin\obj\WFDriverCom.o
 .debug_line    0x00002032      0x2c4 bin\obj\WFDriverRaw.o
 .debug_line    0x000022f6      0x22f bin\obj\WFEasyConfig.o
 .debug_line    0x00002525      0x239 bin\obj\WFEventHandler.o
 .debug_line    0x0000275e      0x1c1 bin\obj\WFInit.o
 .debug_line    0x0000291f      0x3c8 bin\obj\WFMac.o
 .debug_line    0x00002ce7      0x20a bin\obj\WFMgmtMsg.o
 .debug_line    0x00002ef1      0x275 bin\obj\WFParamMsg.o
 .debug_line    0x00003166      0x227 bin\obj\WFPowerSave.o
 .debug_line    0x0000338d      0x1c6 bin\obj\WFScan.o
 .debug_line    0x00003553      0x1d1 bin\obj\WFTxPower.o
 .debug_line    0x00003724      0x20c bin\obj\Announce.o
 .debug_line    0x00003930      0x222 bin\obj\ARP.o
 .debug_line    0x00003b52      0x134 bin\obj\AutoIP.o
 .debug_line    0x00003c86      0x134 bin\obj\BigInt.o
 .debug_line    0x00003dba      0x3de bin\obj\DHCP.o
 .debug_line    0x00004198      0x2c9 bin\obj\DHCPs.o
 .debug_line    0x00004461      0x30c bin\obj\DNS.o
 .debug_line    0x0000476d      0x1f8 bin\obj\DNSs.o
 .debug_line    0x00004965      0x134 bin\obj\ETHPIC32ExtPhy.o
 .debug_line    0x00004a99      0x134 bin\obj\ETHPIC32IntMac.o
 .debug_line    0x00004bcd      0x37c bin\obj\Helpers.o
 .debug_line    0x00004f49      0x4a3 bin\obj\HTTP2.o
 .debug_line    0x000053ec      0x233 bin\obj\ICMP.o
 .debug_line    0x0000561f      0x1f6 bin\obj\IP.o
 .debug_line    0x00005815      0x363 bin\obj\MPFS2.o
 .debug_line    0x00005b78      0x23f bin\obj\NBNS.o
 .debug_line    0x00005db7      0x219 bin\obj\StackTsk.o
 .debug_line    0x00005fd0      0xb74 bin\obj\TCP.o
 .debug_line    0x00006b44      0x1bd bin\obj\Tick.o
 .debug_line    0x00006d01      0x363 bin\obj\UDP.o
 .debug_line    0x00007064      0x156 bin\obj\MPFSImg2.o
 .debug_line    0x000071ba      0x112 c:/program files/microchip/mplabc32/v2.02/bin/../lib/gcc/pic32mx/4.5.1\libgcc.a(_udivdi3.o)
 .debug_line    0x000072cc       0xa6 c:/program files/microchip/mplabc32/v2.02/bin/../lib/gcc/pic32mx/4.5.1/../../../../pic32mx/lib\libc.a(default-bootstrap-exception-handler.o)
 .debug_line    0x00007372       0x93 c:/program files/microchip/mplabc32/v2.02/bin/../lib/gcc/pic32mx/4.5.1/../../../../pic32mx/lib\libc.a(default-on-reset.o)
 .debug_line    0x00007405       0x97 c:/program files/microchip/mplabc32/v2.02/bin/../lib/gcc/pic32mx/4.5.1/../../../../pic32mx/lib\libc.a(default-on-bootstrap.o)
 .debug_line    0x0000749c       0x62 c:/program files/microchip/mplabc32/v2.02/bin/../lib/gcc/pic32mx/4.5.1/../../../../pic32mx/lib\libmchp_peripheral_32MX795F512L.a(pcache.o)
 .debug_line    0x000074fe       0x73 c:/program files/microchip/mplabc32/v2.02/bin/../lib/gcc/pic32mx/4.5.1/../../../../pic32mx/lib\libmchp_peripheral_32MX795F512L.a(int_disable_interrupts_lib.o)
 .debug_line    0x00007571       0x73 c:/program files/microchip/mplabc32/v2.02/bin/../lib/gcc/pic32mx/4.5.1/../../../../pic32mx/lib\libmchp_peripheral_32MX795F512L.a(int_restore_interrupts_lib.o)
 .debug_line    0x000075e4       0x6e c:/program files/microchip/mplabc32/v2.02/bin/../lib/gcc/pic32mx/4.5.1/../../../../pic32mx/lib\libmchp_peripheral_32MX795F512L.a(int_enable_mv_int_lib.o)
 .debug_line    0x00007652       0x77 c:/program files/microchip/mplabc32/v2.02/bin/../lib/gcc/pic32mx/4.5.1/../../../../pic32mx/lib\libmchp_peripheral_32MX795F512L.a(port_set_pins_digital_in_lib.o)
 .debug_line    0x000076c9        0x0 c:/program files/microchip/mplabc32/v2.02/bin/../lib/gcc/pic32mx/4.5.1/../../../../pic32mx/lib\libmchp_peripheral_32MX795F512L.a(_ports_tbl_libp.o)
 .debug_line    0x000076c9       0x72 c:/program files/microchip/mplabc32/v2.02/bin/../lib/gcc/pic32mx/4.5.1/../../../../pic32mx/lib\libmchp_peripheral_32MX795F512L.a(int_enable_interrupts_lib.o)

.debug_frame    0x00000000     0x2a64
 *(.debug_frame)
 .debug_frame   0x00000000       0x60 bin\obj\app.o
 .debug_frame   0x00000060       0x2c bin\obj\CustomHTTPApp.o
 .debug_frame   0x0000008c       0x44 bin\obj\simpledelay.o
 .debug_frame   0x000000d0       0x9c bin\obj\tcpip.o
 .debug_frame   0x0000016c       0x2c bin\obj\WF_Config.o
 .debug_frame   0x00000198       0xd0 bin\obj\WF_Eint.o
 .debug_frame   0x00000268       0x8c bin\obj\WF_Spi.o
 .debug_frame   0x000002f4      0x3b8 bin\obj\WFConnectionAlgorithm.o
 .debug_frame   0x000006ac       0xcc bin\obj\WFConnectionManager.o
 .debug_frame   0x00000778      0x294 bin\obj\WFConnectionProfile.o
 .debug_frame   0x00000a0c      0x214 bin\obj\WFDriverCom.o
 .debug_frame   0x00000c20      0x25c bin\obj\WFDriverRaw.o
 .debug_frame   0x00000e7c       0xcc bin\obj\WFEasyConfig.o
 .debug_frame   0x00000f48       0x60 bin\obj\WFEventHandler.o
 .debug_frame   0x00000fa8       0x48 bin\obj\WFInit.o
 .debug_frame   0x00000ff0      0x354 bin\obj\WFMac.o
 .debug_frame   0x00001344       0x94 bin\obj\WFMgmtMsg.o
 .debug_frame   0x000013d8      0x208 bin\obj\WFParamMsg.o
 .debug_frame   0x000015e0      0x18c bin\obj\WFPowerSave.o
 .debug_frame   0x0000176c       0x48 bin\obj\WFScan.o
 .debug_frame   0x000017b4       0x80 bin\obj\WFTxPower.o
 .debug_frame   0x00001834       0x48 bin\obj\Announce.o
 .debug_frame   0x0000187c       0xb0 bin\obj\ARP.o
 .debug_frame   0x0000192c      0x114 bin\obj\DHCP.o
 .debug_frame   0x00001a40       0x64 bin\obj\DHCPs.o
 .debug_frame   0x00001aa4       0xb4 bin\obj\DNS.o
 .debug_frame   0x00001b58       0x48 bin\obj\DNSs.o
 .debug_frame   0x00001ba0      0x1a0 bin\obj\Helpers.o
 .debug_frame   0x00001d40      0x140 bin\obj\HTTP2.o
 .debug_frame   0x00001e80       0xb0 bin\obj\ICMP.o
 .debug_frame   0x00001f30       0x80 bin\obj\IP.o
 .debug_frame   0x00001fb0      0x230 bin\obj\MPFS2.o
 .debug_frame   0x000021e0       0x64 bin\obj\NBNS.o
 .debug_frame   0x00002244       0x80 bin\obj\StackTsk.o
 .debug_frame   0x000022c4      0x39c bin\obj\TCP.o
 .debug_frame   0x00002660       0xcc bin\obj\Tick.o
 .debug_frame   0x0000272c      0x200 bin\obj\UDP.o
 .debug_frame   0x0000292c       0x20 c:/program files/microchip/mplabc32/v2.02/bin/../lib/gcc/pic32mx/4.5.1/../../../../pic32mx/lib\libc.a(default-bootstrap-exception-handler.o)
 .debug_frame   0x0000294c       0x20 c:/program files/microchip/mplabc32/v2.02/bin/../lib/gcc/pic32mx/4.5.1/../../../../pic32mx/lib\libc.a(default-on-reset.o)
 .debug_frame   0x0000296c       0x20 c:/program files/microchip/mplabc32/v2.02/bin/../lib/gcc/pic32mx/4.5.1/../../../../pic32mx/lib\libc.a(default-on-bootstrap.o)
 .debug_frame   0x0000298c       0x30 c:/program files/microchip/mplabc32/v2.02/bin/../lib/gcc/pic32mx/4.5.1/../../../../pic32mx/lib\libmchp_peripheral_32MX795F512L.a(pcache.o)
 .debug_frame   0x000029bc       0x20 c:/program files/microchip/mplabc32/v2.02/bin/../lib/gcc/pic32mx/4.5.1/../../../../pic32mx/lib\libmchp_peripheral_32MX795F512L.a(int_disable_interrupts_lib.o)
 .debug_frame   0x000029dc       0x20 c:/program files/microchip/mplabc32/v2.02/bin/../lib/gcc/pic32mx/4.5.1/../../../../pic32mx/lib\libmchp_peripheral_32MX795F512L.a(int_restore_interrupts_lib.o)
 .debug_frame   0x000029fc       0x28 c:/program files/microchip/mplabc32/v2.02/bin/../lib/gcc/pic32mx/4.5.1/../../../../pic32mx/lib\libmchp_peripheral_32MX795F512L.a(int_enable_mv_int_lib.o)
 .debug_frame   0x00002a24       0x20 c:/program files/microchip/mplabc32/v2.02/bin/../lib/gcc/pic32mx/4.5.1/../../../../pic32mx/lib\libmchp_peripheral_32MX795F512L.a(port_set_pins_digital_in_lib.o)
 .debug_frame   0x00002a44       0x20 c:/program files/microchip/mplabc32/v2.02/bin/../lib/gcc/pic32mx/4.5.1/../../../../pic32mx/lib\libmchp_peripheral_32MX795F512L.a(int_enable_interrupts_lib.o)

.debug_str      0x00000000     0x42d0
 *(.debug_str)
 .debug_str     0x00000000      0x1b5 bin\obj\app.o
 .debug_str     0x000001b5      0x142 bin\obj\CustomHTTPApp.o
 .debug_str     0x000002f7      0x12f bin\obj\simpledelay.o
 .debug_str     0x00000426      0x17e bin\obj\tcpip.o
 .debug_str     0x000005a4      0x138 bin\obj\WF_Config.o
 .debug_str     0x000006dc      0x160 bin\obj\WF_Eint.o
 .debug_str     0x0000083c      0x16e bin\obj\WF_Spi.o
 .debug_str     0x000009aa      0x213 bin\obj\WFConnectionAlgorithm.o
 .debug_str     0x00000bbd      0x144 bin\obj\WFConnectionManager.o
 .debug_str     0x00000d01      0x1d5 bin\obj\WFConnectionProfile.o
 .debug_str     0x00000ed6      0x12f bin\obj\WFConsole.o
 .debug_str     0x00001005      0x12f bin\obj\WFConsoleIfconfig.o
 .debug_str     0x00001134      0x12f bin\obj\WFConsoleIwconfig.o
 .debug_str     0x00001263      0x12f bin\obj\WFConsoleIwpriv.o
 .debug_str     0x00001392      0x12f bin\obj\WFConsoleMsgHandler.o
 .debug_str     0x000014c1      0x12f bin\obj\WFConsoleMsgs.o
 .debug_str     0x000015f0      0x12f bin\obj\WFDataTxRx.o
 .debug_str     0x0000171f      0x1f2 bin\obj\WFDriverCom.o
 .debug_str     0x00001911      0x1c9 bin\obj\WFDriverRaw.o
 .debug_str     0x00001ada      0x149 bin\obj\WFEasyConfig.o
 .debug_str     0x00001c23      0x13a bin\obj\WFEventHandler.o
 .debug_str     0x00001d5d      0x151 bin\obj\WFInit.o
 .debug_str     0x00001eae      0x18c bin\obj\WFMac.o
 .debug_str     0x0000203a      0x192 bin\obj\WFMgmtMsg.o
 .debug_str     0x000021cc      0x178 bin\obj\WFParamMsg.o
 .debug_str     0x00002344      0x16f bin\obj\WFPowerSave.o
 .debug_str     0x000024b3      0x12f bin\obj\WFScan.o
 .debug_str     0x000025e2      0x137 bin\obj\WFTxPower.o
 .debug_str     0x00002719      0x15b bin\obj\Announce.o
 .debug_str     0x00002874      0x147 bin\obj\ARP.o
 .debug_str     0x000029bb      0x12f bin\obj\AutoIP.o
 .debug_str     0x00002aea      0x12f bin\obj\BigInt.o
 .debug_str     0x00002c19      0x177 bin\obj\DHCP.o
 .debug_str     0x00002d90      0x165 bin\obj\DHCPs.o
 .debug_str     0x00002ef5      0x139 bin\obj\DNS.o
 .debug_str     0x0000302e      0x139 bin\obj\DNSs.o
 .debug_str     0x00003167      0x12f bin\obj\ETHPIC32ExtPhy.o
 .debug_str     0x00003296      0x12f bin\obj\ETHPIC32IntMac.o
 .debug_str     0x000033c5      0x142 bin\obj\Helpers.o
 .debug_str     0x00003507      0x14e bin\obj\HTTP2.o
 .debug_str     0x00003655      0x12f bin\obj\ICMP.o
 .debug_str     0x00003784      0x142 bin\obj\IP.o
 .debug_str     0x000038c6      0x153 bin\obj\MPFS2.o
 .debug_str     0x00003a19      0x152 bin\obj\NBNS.o
 .debug_str     0x00003b6b      0x150 bin\obj\StackTsk.o
 .debug_str     0x00003cbb      0x1fa bin\obj\TCP.o
 .debug_str     0x00003eb5      0x14b bin\obj\Tick.o
 .debug_str     0x00004000      0x1a1 bin\obj\UDP.o
 .debug_str     0x000041a1      0x12f bin\obj\MPFSImg2.o
 .debug_str     0x000042d0        0x0 c:/program files/microchip/mplabc32/v2.02/bin/../lib/gcc/pic32mx/4.5.1\libgcc.a(_udivdi3.o)
 .debug_str     0x000042d0        0x0 c:/program files/microchip/mplabc32/v2.02/bin/../lib/gcc/pic32mx/4.5.1/../../../../pic32mx/lib\libc.a(default-bootstrap-exception-handler.o)
 .debug_str     0x000042d0        0x0 c:/program files/microchip/mplabc32/v2.02/bin/../lib/gcc/pic32mx/4.5.1/../../../../pic32mx/lib\libc.a(default-on-reset.o)
 .debug_str     0x000042d0        0x0 c:/program files/microchip/mplabc32/v2.02/bin/../lib/gcc/pic32mx/4.5.1/../../../../pic32mx/lib\libc.a(default-on-bootstrap.o)
 .debug_str     0x000042d0        0x0 c:/program files/microchip/mplabc32/v2.02/bin/../lib/gcc/pic32mx/4.5.1/../../../../pic32mx/lib\libmchp_peripheral_32MX795F512L.a(pcache.o)
 .debug_str     0x000042d0        0x0 c:/program files/microchip/mplabc32/v2.02/bin/../lib/gcc/pic32mx/4.5.1/../../../../pic32mx/lib\libmchp_peripheral_32MX795F512L.a(int_disable_interrupts_lib.o)
 .debug_str     0x000042d0        0x0 c:/program files/microchip/mplabc32/v2.02/bin/../lib/gcc/pic32mx/4.5.1/../../../../pic32mx/lib\libmchp_peripheral_32MX795F512L.a(int_restore_interrupts_lib.o)
 .debug_str     0x000042d0        0x0 c:/program files/microchip/mplabc32/v2.02/bin/../lib/gcc/pic32mx/4.5.1/../../../../pic32mx/lib\libmchp_peripheral_32MX795F512L.a(int_enable_mv_int_lib.o)
 .debug_str     0x000042d0        0x0 c:/program files/microchip/mplabc32/v2.02/bin/../lib/gcc/pic32mx/4.5.1/../../../../pic32mx/lib\libmchp_peripheral_32MX795F512L.a(port_set_pins_digital_in_lib.o)
 .debug_str     0x000042d0        0x0 c:/program files/microchip/mplabc32/v2.02/bin/../lib/gcc/pic32mx/4.5.1/../../../../pic32mx/lib\libmchp_peripheral_32MX795F512L.a(_ports_tbl_libp.o)
 .debug_str     0x000042d0        0x0 c:/program files/microchip/mplabc32/v2.02/bin/../lib/gcc/pic32mx/4.5.1/../../../../pic32mx/lib\libmchp_peripheral_32MX795F512L.a(int_enable_interrupts_lib.o)

.debug_loc      0x00000000      0xa47
 *(.debug_loc)
 .debug_loc     0x00000000      0xa47 c:/program files/microchip/mplabc32/v2.02/bin/../lib/gcc/pic32mx/4.5.1\libgcc.a(_udivdi3.o)

.debug_macinfo
 *(.debug_macinfo)

.debug_weaknames
 *(.debug_weaknames)

.debug_funcnames
 *(.debug_funcnames)

.debug_typenames
 *(.debug_typenames)

.debug_varnames
 *(.debug_varnames)

.debug_pubtypes
                0x00000000     0x4129
 *(.debug_pubtypes)
 .debug_pubtypes
                0x00000000      0x1a5 bin\obj\app.o
 .debug_pubtypes
                0x000001a5      0x23d bin\obj\CustomHTTPApp.o
 .debug_pubtypes
                0x000003e2       0xfa bin\obj\simpledelay.o
 .debug_pubtypes
                0x000004dc      0x1c5 bin\obj\tcpip.o
 .debug_pubtypes
                0x000006a1      0x10d bin\obj\WF_Config.o
 .debug_pubtypes
                0x000007ae      0x153 bin\obj\WF_Eint.o
 .debug_pubtypes
                0x00000901      0x148 bin\obj\WF_Spi.o
 .debug_pubtypes
                0x00000a49      0x18b bin\obj\WFConnectionAlgorithm.o
 .debug_pubtypes
                0x00000bd4      0x136 bin\obj\WFConnectionManager.o
 .debug_pubtypes
                0x00000d0a      0x180 bin\obj\WFConnectionProfile.o
 .debug_pubtypes
                0x00000e8a       0xe7 bin\obj\WFConsole.o
 .debug_pubtypes
                0x00000f71       0xe7 bin\obj\WFConsoleIfconfig.o
 .debug_pubtypes
                0x00001058       0xe7 bin\obj\WFConsoleIwconfig.o
 .debug_pubtypes
                0x0000113f       0xe7 bin\obj\WFConsoleIwpriv.o
 .debug_pubtypes
                0x00001226       0xe7 bin\obj\WFConsoleMsgHandler.o
 .debug_pubtypes
                0x0000130d       0xe7 bin\obj\WFConsoleMsgs.o
 .debug_pubtypes
                0x000013f4       0xe7 bin\obj\WFDataTxRx.o
 .debug_pubtypes
                0x000014db      0x1b4 bin\obj\WFDriverCom.o
 .debug_pubtypes
                0x0000168f      0x12c bin\obj\WFDriverRaw.o
 .debug_pubtypes
                0x000017bb      0x174 bin\obj\WFEasyConfig.o
 .debug_pubtypes
                0x0000192f      0x13e bin\obj\WFEventHandler.o
 .debug_pubtypes
                0x00001a6d      0x181 bin\obj\WFInit.o
 .debug_pubtypes
                0x00001bee      0x172 bin\obj\WFMac.o
 .debug_pubtypes
                0x00001d60      0x140 bin\obj\WFMgmtMsg.o
 .debug_pubtypes
                0x00001ea0      0x169 bin\obj\WFParamMsg.o
 .debug_pubtypes
                0x00002009      0x15e bin\obj\WFPowerSave.o
 .debug_pubtypes
                0x00002167      0x10e bin\obj\WFScan.o
 .debug_pubtypes
                0x00002275      0x117 bin\obj\WFTxPower.o
 .debug_pubtypes
                0x0000238c      0x186 bin\obj\Announce.o
 .debug_pubtypes
                0x00002512      0x16a bin\obj\ARP.o
 .debug_pubtypes
                0x0000267c       0xe7 bin\obj\AutoIP.o
 .debug_pubtypes
                0x00002763       0xe7 bin\obj\BigInt.o
 .debug_pubtypes
                0x0000284a      0x1c4 bin\obj\DHCP.o
 .debug_pubtypes
                0x00002a0e      0x1aa bin\obj\DHCPs.o
 .debug_pubtypes
                0x00002bb8      0x199 bin\obj\DNS.o
 .debug_pubtypes
                0x00002d51      0x149 bin\obj\DNSs.o
 .debug_pubtypes
                0x00002e9a       0xe7 bin\obj\ETHPIC32ExtPhy.o
 .debug_pubtypes
                0x00002f81       0xe7 bin\obj\ETHPIC32IntMac.o
 .debug_pubtypes
                0x00003068      0x14d bin\obj\Helpers.o
 .debug_pubtypes
                0x000031b5      0x1af bin\obj\HTTP2.o
 .debug_pubtypes
                0x00003364      0x16f bin\obj\ICMP.o
 .debug_pubtypes
                0x000034d3      0x178 bin\obj\IP.o
 .debug_pubtypes
                0x0000364b      0x168 bin\obj\MPFS2.o
 .debug_pubtypes
                0x000037b3      0x1a7 bin\obj\NBNS.o
 .debug_pubtypes
                0x0000395a      0x168 bin\obj\StackTsk.o
 .debug_pubtypes
                0x00003ac2      0x210 bin\obj\TCP.o
 .debug_pubtypes
                0x00003cd2      0x137 bin\obj\Tick.o
 .debug_pubtypes
                0x00003e09      0x1d7 bin\obj\UDP.o
 .debug_pubtypes
                0x00003fe0       0xf0 bin\obj\MPFSImg2.o
 .debug_pubtypes
                0x000040d0       0x59 c:/program files/microchip/mplabc32/v2.02/bin/../lib/gcc/pic32mx/4.5.1\libgcc.a(_udivdi3.o)

.debug_ranges   0x00000000      0x1b8
 *(.debug_ranges)
 .debug_ranges  0x00000000       0x18 bin\obj\app.o
 .debug_ranges  0x00000018       0x18 bin\obj\DHCPs.o
 .debug_ranges  0x00000030       0x18 bin\obj\TCP.o
 .debug_ranges  0x00000048       0x18 bin\obj\UDP.o
 .debug_ranges  0x00000060       0xc0 c:/program files/microchip/mplabc32/v2.02/bin/../lib/gcc/pic32mx/4.5.1\libgcc.a(_udivdi3.o)
 .debug_ranges  0x00000120       0x10 c:/program files/microchip/mplabc32/v2.02/bin/../lib/gcc/pic32mx/4.5.1/../../../../pic32mx/lib\libc.a(default-bootstrap-exception-handler.o)
 .debug_ranges  0x00000130       0x10 c:/program files/microchip/mplabc32/v2.02/bin/../lib/gcc/pic32mx/4.5.1/../../../../pic32mx/lib\libc.a(default-on-reset.o)
 .debug_ranges  0x00000140       0x10 c:/program files/microchip/mplabc32/v2.02/bin/../lib/gcc/pic32mx/4.5.1/../../../../pic32mx/lib\libc.a(default-on-bootstrap.o)
 .debug_ranges  0x00000150       0x18 c:/program files/microchip/mplabc32/v2.02/bin/../lib/gcc/pic32mx/4.5.1/../../../../pic32mx/lib\libmchp_peripheral_32MX795F512L.a(pcache.o)
 .debug_ranges  0x00000168       0x10 c:/program files/microchip/mplabc32/v2.02/bin/../lib/gcc/pic32mx/4.5.1/../../../../pic32mx/lib\libmchp_peripheral_32MX795F512L.a(int_disable_interrupts_lib.o)
 .debug_ranges  0x00000178       0x10 c:/program files/microchip/mplabc32/v2.02/bin/../lib/gcc/pic32mx/4.5.1/../../../../pic32mx/lib\libmchp_peripheral_32MX795F512L.a(int_restore_interrupts_lib.o)
 .debug_ranges  0x00000188       0x10 c:/program files/microchip/mplabc32/v2.02/bin/../lib/gcc/pic32mx/4.5.1/../../../../pic32mx/lib\libmchp_peripheral_32MX795F512L.a(int_enable_mv_int_lib.o)
 .debug_ranges  0x00000198       0x10 c:/program files/microchip/mplabc32/v2.02/bin/../lib/gcc/pic32mx/4.5.1/../../../../pic32mx/lib\libmchp_peripheral_32MX795F512L.a(port_set_pins_digital_in_lib.o)
 .debug_ranges  0x000001a8       0x10 c:/program files/microchip/mplabc32/v2.02/bin/../lib/gcc/pic32mx/4.5.1/../../../../pic32mx/lib\libmchp_peripheral_32MX795F512L.a(int_enable_interrupts_lib.o)

.gnu.attributes
                0x00000000       0x10
 *(.gnu.attributes)
 .gnu.attributes
                0x00000000       0x10 bin\obj\app.o
 .gnu.attributes
                0x00000010       0x10 bin\obj\CustomHTTPApp.o
 .gnu.attributes
                0x00000020       0x10 bin\obj\simpledelay.o
 .gnu.attributes
                0x00000030       0x10 bin\obj\tcpip.o
 .gnu.attributes
                0x00000040       0x10 bin\obj\WF_Config.o
 .gnu.attributes
                0x00000050       0x10 bin\obj\WF_Eint.o
 .gnu.attributes
                0x00000060       0x10 bin\obj\WF_Spi.o
 .gnu.attributes
                0x00000070       0x10 bin\obj\WFConnectionAlgorithm.o
 .gnu.attributes
                0x00000080       0x10 bin\obj\WFConnectionManager.o
 .gnu.attributes
                0x00000090       0x10 bin\obj\WFConnectionProfile.o
 .gnu.attributes
                0x000000a0       0x10 bin\obj\WFConsole.o
 .gnu.attributes
                0x000000b0       0x10 bin\obj\WFConsoleIfconfig.o
 .gnu.attributes
                0x000000c0       0x10 bin\obj\WFConsoleIwconfig.o
 .gnu.attributes
                0x000000d0       0x10 bin\obj\WFConsoleIwpriv.o
 .gnu.attributes
                0x000000e0       0x10 bin\obj\WFConsoleMsgHandler.o
 .gnu.attributes
                0x000000f0       0x10 bin\obj\WFConsoleMsgs.o
 .gnu.attributes
                0x00000100       0x10 bin\obj\WFDataTxRx.o
 .gnu.attributes
                0x00000110       0x10 bin\obj\WFDriverCom.o
 .gnu.attributes
                0x00000120       0x10 bin\obj\WFDriverRaw.o
 .gnu.attributes
                0x00000130       0x10 bin\obj\WFEasyConfig.o
 .gnu.attributes
                0x00000140       0x10 bin\obj\WFEventHandler.o
 .gnu.attributes
                0x00000150       0x10 bin\obj\WFInit.o
 .gnu.attributes
                0x00000160       0x10 bin\obj\WFMac.o
 .gnu.attributes
                0x00000170       0x10 bin\obj\WFMgmtMsg.o
 .gnu.attributes
                0x00000180       0x10 bin\obj\WFParamMsg.o
 .gnu.attributes
                0x00000190       0x10 bin\obj\WFPowerSave.o
 .gnu.attributes
                0x000001a0       0x10 bin\obj\WFScan.o
 .gnu.attributes
                0x000001b0       0x10 bin\obj\WFTxPower.o
 .gnu.attributes
                0x000001c0       0x10 bin\obj\Announce.o
 .gnu.attributes
                0x000001d0       0x10 bin\obj\ARP.o
 .gnu.attributes
                0x000001e0       0x10 bin\obj\AutoIP.o
 .gnu.attributes
                0x000001f0       0x10 bin\obj\BigInt.o
 .gnu.attributes
                0x00000200       0x10 bin\obj\DHCP.o
 .gnu.attributes
                0x00000210       0x10 bin\obj\DHCPs.o
 .gnu.attributes
                0x00000220       0x10 bin\obj\DNS.o
 .gnu.attributes
                0x00000230       0x10 bin\obj\DNSs.o
 .gnu.attributes
                0x00000240       0x10 bin\obj\ETHPIC32ExtPhy.o
 .gnu.attributes
                0x00000250       0x10 bin\obj\ETHPIC32IntMac.o
 .gnu.attributes
                0x00000260       0x10 bin\obj\Helpers.o
 .gnu.attributes
                0x00000270       0x10 bin\obj\HTTP2.o
 .gnu.attributes
                0x00000280       0x10 bin\obj\ICMP.o
 .gnu.attributes
                0x00000290       0x10 bin\obj\IP.o
 .gnu.attributes
                0x000002a0       0x10 bin\obj\MPFS2.o
 .gnu.attributes
                0x000002b0       0x10 bin\obj\NBNS.o
 .gnu.attributes
                0x000002c0       0x10 bin\obj\StackTsk.o
 .gnu.attributes
                0x000002d0       0x10 bin\obj\TCP.o
 .gnu.attributes
                0x000002e0       0x10 bin\obj\Tick.o
 .gnu.attributes
                0x000002f0       0x10 bin\obj\UDP.o
 .gnu.attributes
                0x00000300       0x10 bin\obj\MPFSImg2.o
 .gnu.attributes
                0x00000310       0x10 c:/program files/microchip/mplabc32/v2.02/bin/../lib/gcc/pic32mx/4.5.1\libgcc.a(_udivdi3.o)
 .gnu.attributes
                0x00000320       0x10 c:/program files/microchip/mplabc32/v2.02/bin/../lib/gcc/pic32mx/4.5.1/../../../../pic32mx/lib\libc.a(default-bootstrap-exception-handler.o)
 .gnu.attributes
                0x00000330       0x10 c:/program files/microchip/mplabc32/v2.02/bin/../lib/gcc/pic32mx/4.5.1/../../../../pic32mx/lib\libc.a(default-on-reset.o)
 .gnu.attributes
                0x00000340       0x10 c:/program files/microchip/mplabc32/v2.02/bin/../lib/gcc/pic32mx/4.5.1/../../../../pic32mx/lib\libc.a(default-on-bootstrap.o)
 .gnu.attributes
                0x00000350       0x10 c:/program files/microchip/mplabc32/v2.02/bin/../lib/gcc/pic32mx/4.5.1/../../../../pic32mx/lib\libmchp_peripheral_32MX795F512L.a(pcache.o)
 .gnu.attributes
                0x00000360       0x10 c:/program files/microchip/mplabc32/v2.02/bin/../lib/gcc/pic32mx/4.5.1/../../../../pic32mx/lib\libmchp_peripheral_32MX795F512L.a(int_disable_interrupts_lib.o)
 .gnu.attributes
                0x00000370       0x10 c:/program files/microchip/mplabc32/v2.02/bin/../lib/gcc/pic32mx/4.5.1/../../../../pic32mx/lib\libmchp_peripheral_32MX795F512L.a(int_restore_interrupts_lib.o)
 .gnu.attributes
                0x00000380       0x10 c:/program files/microchip/mplabc32/v2.02/bin/../lib/gcc/pic32mx/4.5.1/../../../../pic32mx/lib\libmchp_peripheral_32MX795F512L.a(int_enable_mv_int_lib.o)
 .gnu.attributes
                0x00000390       0x10 c:/program files/microchip/mplabc32/v2.02/bin/../lib/gcc/pic32mx/4.5.1/../../../../pic32mx/lib\libmchp_peripheral_32MX795F512L.a(port_set_pins_digital_in_lib.o)
 .gnu.attributes
                0x000003a0       0x10 c:/program files/microchip/mplabc32/v2.02/bin/../lib/gcc/pic32mx/4.5.1/../../../../pic32mx/lib\libmchp_peripheral_32MX795F512L.a(_ports_tbl_libp.o)
 .gnu.attributes
                0x000003b0       0x10 c:/program files/microchip/mplabc32/v2.02/bin/../lib/gcc/pic32mx/4.5.1/../../../../pic32mx/lib\libmchp_peripheral_32MX795F512L.a(int_enable_interrupts_lib.o)
OUTPUT(./bin\waterworx.elf elf32-tradlittlemips)
LOAD stack
LOAD data_init

.stack          0xa00029d0      0x400
 .stack         0xa00029d0      0x400 stack

.bss            0xa0000658     0x1b5c
 .bss           0xa0000658     0x1a48 bin\obj\TCP.o
 .bss           0xa00020a0       0x78 bin\obj\MPFS2.o
 .bss           0xa0002118       0x3c bin\obj\CustomHTTPApp.o
 .bss           0xa0002154       0x30 bin\obj\DHCP.o
 .bss           0xa0002184       0x18 bin\obj\ARP.o
 .bss           0xa000219c        0xc bin\obj\DNS.o
 .bss           0xa00021a8        0xc bin\obj\ICMP.o

.bss%z1         0x00000000        0x0
 .bss           0x00000000        0x0 c:/program files/microchip/mplabc32/v2.02/bin/../lib/gcc/pic32mx/4.5.1/../../../../pic32mx/lib/./proc/32MX795F512L\processor.o

.data%z2        0x00000000        0x0
 .data          0x00000000        0x0 c:/program files/microchip/mplabc32/v2.02/bin/../lib/gcc/pic32mx/4.5.1/../../../../pic32mx/lib/./proc/32MX795F512L\processor.o

.mdebug.abi32%z3
                0x00000000        0x0
 .mdebug.abi32  0x00000000        0x0 c:/program files/microchip/mplabc32/v2.02/bin/../lib/gcc/pic32mx/4.5.1/../../../../pic32mx/lib\libmchp_peripheral_32MX795F512L.a(int_enable_interrupts_lib.o)

.bss%z4         0x00000000        0x0
 .bss           0x00000000        0x0 c:/program files/microchip/mplabc32/v2.02/bin/../lib/gcc/pic32mx/4.5.1/../../../../pic32mx/lib\libmchp_peripheral_32MX795F512L.a(int_enable_interrupts_lib.o)

.data%z5        0x00000000        0x0
 .data          0x00000000        0x0 c:/program files/microchip/mplabc32/v2.02/bin/../lib/gcc/pic32mx/4.5.1/../../../../pic32mx/lib\libmchp_peripheral_32MX795F512L.a(int_enable_interrupts_lib.o)

.mdebug.abi32%z6
                0x00000000        0x0
 .mdebug.abi32  0x00000000        0x0 c:/program files/microchip/mplabc32/v2.02/bin/../lib/gcc/pic32mx/4.5.1/../../../../pic32mx/lib\libmchp_peripheral_32MX795F512L.a(_ports_tbl_libp.o)

.bss%z7         0x00000000        0x0
 .bss           0x00000000        0x0 c:/program files/microchip/mplabc32/v2.02/bin/../lib/gcc/pic32mx/4.5.1/../../../../pic32mx/lib\libmchp_peripheral_32MX795F512L.a(_ports_tbl_libp.o)

.data%z8        0x00000000        0x0
 .data          0x00000000        0x0 c:/program files/microchip/mplabc32/v2.02/bin/../lib/gcc/pic32mx/4.5.1/../../../../pic32mx/lib\libmchp_peripheral_32MX795F512L.a(_ports_tbl_libp.o)

.mdebug.abi32%z9
                0x00000000        0x0
 .mdebug.abi32  0x00000000        0x0 c:/program files/microchip/mplabc32/v2.02/bin/../lib/gcc/pic32mx/4.5.1/../../../../pic32mx/lib\libmchp_peripheral_32MX795F512L.a(port_set_pins_digital_in_lib.o)

.bss%z10        0x00000000        0x0
 .bss           0x00000000        0x0 c:/program files/microchip/mplabc32/v2.02/bin/../lib/gcc/pic32mx/4.5.1/../../../../pic32mx/lib\libmchp_peripheral_32MX795F512L.a(port_set_pins_digital_in_lib.o)

.data%z11       0x00000000        0x0
 .data          0x00000000        0x0 c:/program files/microchip/mplabc32/v2.02/bin/../lib/gcc/pic32mx/4.5.1/../../../../pic32mx/lib\libmchp_peripheral_32MX795F512L.a(port_set_pins_digital_in_lib.o)

.mdebug.abi32%z12
                0x00000000        0x0
 .mdebug.abi32  0x00000000        0x0 c:/program files/microchip/mplabc32/v2.02/bin/../lib/gcc/pic32mx/4.5.1/../../../../pic32mx/lib\libmchp_peripheral_32MX795F512L.a(int_enable_mv_int_lib.o)

.bss%z13        0x00000000        0x0
 .bss           0x00000000        0x0 c:/program files/microchip/mplabc32/v2.02/bin/../lib/gcc/pic32mx/4.5.1/../../../../pic32mx/lib\libmchp_peripheral_32MX795F512L.a(int_enable_mv_int_lib.o)

.data%z14       0x00000000        0x0
 .data          0x00000000        0x0 c:/program files/microchip/mplabc32/v2.02/bin/../lib/gcc/pic32mx/4.5.1/../../../../pic32mx/lib\libmchp_peripheral_32MX795F512L.a(int_enable_mv_int_lib.o)

.mdebug.abi32%z15
                0x00000000        0x0
 .mdebug.abi32  0x00000000        0x0 c:/program files/microchip/mplabc32/v2.02/bin/../lib/gcc/pic32mx/4.5.1/../../../../pic32mx/lib\libmchp_peripheral_32MX795F512L.a(int_restore_interrupts_lib.o)

.bss%z16        0x00000000        0x0
 .bss           0x00000000        0x0 c:/program files/microchip/mplabc32/v2.02/bin/../lib/gcc/pic32mx/4.5.1/../../../../pic32mx/lib\libmchp_peripheral_32MX795F512L.a(int_restore_interrupts_lib.o)

.data%z17       0x00000000        0x0
 .data          0x00000000        0x0 c:/program files/microchip/mplabc32/v2.02/bin/../lib/gcc/pic32mx/4.5.1/../../../../pic32mx/lib\libmchp_peripheral_32MX795F512L.a(int_restore_interrupts_lib.o)

.mdebug.abi32%z18
                0x00000000        0x0
 .mdebug.abi32  0x00000000        0x0 c:/program files/microchip/mplabc32/v2.02/bin/../lib/gcc/pic32mx/4.5.1/../../../../pic32mx/lib\libmchp_peripheral_32MX795F512L.a(int_disable_interrupts_lib.o)

.bss%z19        0x00000000        0x0
 .bss           0x00000000        0x0 c:/program files/microchip/mplabc32/v2.02/bin/../lib/gcc/pic32mx/4.5.1/../../../../pic32mx/lib\libmchp_peripheral_32MX795F512L.a(int_disable_interrupts_lib.o)

.data%z20       0x00000000        0x0
 .data          0x00000000        0x0 c:/program files/microchip/mplabc32/v2.02/bin/../lib/gcc/pic32mx/4.5.1/../../../../pic32mx/lib\libmchp_peripheral_32MX795F512L.a(int_disable_interrupts_lib.o)

.mdebug.abi32%z21
                0x00000000        0x0
 .mdebug.abi32  0x00000000        0x0 c:/program files/microchip/mplabc32/v2.02/bin/../lib/gcc/pic32mx/4.5.1/../../../../pic32mx/lib\libmchp_peripheral_32MX795F512L.a(pcache.o)

.bss%z22        0x00000000        0x0
 .bss           0x00000000        0x0 c:/program files/microchip/mplabc32/v2.02/bin/../lib/gcc/pic32mx/4.5.1/../../../../pic32mx/lib\libmchp_peripheral_32MX795F512L.a(pcache.o)

.data%z23       0x00000000        0x0
 .data          0x00000000        0x0 c:/program files/microchip/mplabc32/v2.02/bin/../lib/gcc/pic32mx/4.5.1/../../../../pic32mx/lib\libmchp_peripheral_32MX795F512L.a(pcache.o)

.bss%z24        0x00000000        0x0
 .bss           0x00000000        0x0 c:/program files/microchip/mplabc32/v2.02/bin/../lib/gcc/pic32mx/4.5.1/../../../../pic32mx/lib\libc.a(default-nmi-handler.o)

.data%z25       0x00000000        0x0
 .data          0x00000000        0x0 c:/program files/microchip/mplabc32/v2.02/bin/../lib/gcc/pic32mx/4.5.1/../../../../pic32mx/lib\libc.a(default-nmi-handler.o)

.mdebug.abi32%z26
                0x00000000        0x0
 .mdebug.abi32  0x00000000        0x0 c:/program files/microchip/mplabc32/v2.02/bin/../lib/gcc/pic32mx/4.5.1/../../../../pic32mx/lib\libc.a(default-on-bootstrap.o)

.bss%z27        0x00000000        0x0
 .bss           0x00000000        0x0 c:/program files/microchip/mplabc32/v2.02/bin/../lib/gcc/pic32mx/4.5.1/../../../../pic32mx/lib\libc.a(default-on-bootstrap.o)

.data%z28       0x00000000        0x0
 .data          0x00000000        0x0 c:/program files/microchip/mplabc32/v2.02/bin/../lib/gcc/pic32mx/4.5.1/../../../../pic32mx/lib\libc.a(default-on-bootstrap.o)

.mdebug.abi32%z29
                0x00000000        0x0
 .mdebug.abi32  0x00000000        0x0 c:/program files/microchip/mplabc32/v2.02/bin/../lib/gcc/pic32mx/4.5.1/../../../../pic32mx/lib\libc.a(default-on-reset.o)

.bss%z30        0x00000000        0x0
 .bss           0x00000000        0x0 c:/program files/microchip/mplabc32/v2.02/bin/../lib/gcc/pic32mx/4.5.1/../../../../pic32mx/lib\libc.a(default-on-reset.o)

.data%z31       0x00000000        0x0
 .data          0x00000000        0x0 c:/program files/microchip/mplabc32/v2.02/bin/../lib/gcc/pic32mx/4.5.1/../../../../pic32mx/lib\libc.a(default-on-reset.o)

.mdebug.abi32%z32
                0x00000000        0x0
 .mdebug.abi32  0x00000000        0x0 c:/program files/microchip/mplabc32/v2.02/bin/../lib/gcc/pic32mx/4.5.1/../../../../pic32mx/lib\libc.a(default-bootstrap-exception-handler.o)

.bss%z33        0x00000000        0x0
 .bss           0x00000000        0x0 c:/program files/microchip/mplabc32/v2.02/bin/../lib/gcc/pic32mx/4.5.1/../../../../pic32mx/lib\libc.a(default-bootstrap-exception-handler.o)

.data%z34       0x00000000        0x0
 .data          0x00000000        0x0 c:/program files/microchip/mplabc32/v2.02/bin/../lib/gcc/pic32mx/4.5.1/../../../../pic32mx/lib\libc.a(default-bootstrap-exception-handler.o)

.bss%z35        0x00000000        0x0
 .bss           0x00000000        0x0 c:/program files/microchip/mplabc32/v2.02/bin/../lib/gcc/pic32mx/4.5.1/../../../../pic32mx/lib\libc.a(general-exception.o)

.data%z36       0x00000000        0x0
 .data          0x00000000        0x0 c:/program files/microchip/mplabc32/v2.02/bin/../lib/gcc/pic32mx/4.5.1/../../../../pic32mx/lib\libc.a(general-exception.o)

.bss%z37        0x00000000        0x0
 .bss           0x00000000        0x0 c:/program files/microchip/mplabc32/v2.02/bin/../lib/gcc/pic32mx/4.5.1/../../../../pic32mx/lib\libc.a(strlen.o)

.data%z38       0x00000000        0x0
 .data          0x00000000        0x0 c:/program files/microchip/mplabc32/v2.02/bin/../lib/gcc/pic32mx/4.5.1/../../../../pic32mx/lib\libc.a(strlen.o)

.bss%z39        0x00000000        0x0
 .bss           0x00000000        0x0 c:/program files/microchip/mplabc32/v2.02/bin/../lib/gcc/pic32mx/4.5.1/../../../../pic32mx/lib\libc.a(strcmp.o)

.data%z40       0x00000000        0x0
 .data          0x00000000        0x0 c:/program files/microchip/mplabc32/v2.02/bin/../lib/gcc/pic32mx/4.5.1/../../../../pic32mx/lib\libc.a(strcmp.o)

.bss%z41        0x00000000        0x0
 .bss           0x00000000        0x0 c:/program files/microchip/mplabc32/v2.02/bin/../lib/gcc/pic32mx/4.5.1/../../../../pic32mx/lib\libc.a(memset.o)

.data%z42       0x00000000        0x0
 .data          0x00000000        0x0 c:/program files/microchip/mplabc32/v2.02/bin/../lib/gcc/pic32mx/4.5.1/../../../../pic32mx/lib\libc.a(memset.o)

.bss%z43        0x00000000        0x0
 .bss           0x00000000        0x0 c:/program files/microchip/mplabc32/v2.02/bin/../lib/gcc/pic32mx/4.5.1/../../../../pic32mx/lib\libc.a(memcpy.o)

.data%z44       0x00000000        0x0
 .data          0x00000000        0x0 c:/program files/microchip/mplabc32/v2.02/bin/../lib/gcc/pic32mx/4.5.1/../../../../pic32mx/lib\libc.a(memcpy.o)

.bss%z45        0x00000000        0x0
 .bss           0x00000000        0x0 c:/program files/microchip/mplabc32/v2.02/bin/../lib/gcc/pic32mx/4.5.1/../../../../pic32mx/lib\libc.a(memcmp.o)

.data%z46       0x00000000        0x0
 .data          0x00000000        0x0 c:/program files/microchip/mplabc32/v2.02/bin/../lib/gcc/pic32mx/4.5.1/../../../../pic32mx/lib\libc.a(memcmp.o)

.mdebug.abi32%z47
                0x00000000        0x0
 .mdebug.abi32  0x00000000        0x0 c:/program files/microchip/mplabc32/v2.02/bin/../lib/gcc/pic32mx/4.5.1\libgcc.a(_udivdi3.o)

.bss%z48        0x00000000        0x0
 .bss           0x00000000        0x0 c:/program files/microchip/mplabc32/v2.02/bin/../lib/gcc/pic32mx/4.5.1\libgcc.a(_udivdi3.o)

.data%z49       0x00000000        0x0
 .data          0x00000000        0x0 c:/program files/microchip/mplabc32/v2.02/bin/../lib/gcc/pic32mx/4.5.1\libgcc.a(_udivdi3.o)

.mdebug.abi32%z50
                0x00000000        0x0
 .mdebug.abi32  0x00000000        0x0 bin\obj\MPFSImg2.o

.bss%z51        0x00000000        0x0
 .bss           0x00000000        0x0 bin\obj\MPFSImg2.o

.data%z52       0x00000000        0x0
 .data          0x00000000        0x0 bin\obj\MPFSImg2.o

.mdebug.abi32%z53
                0x00000000        0x0
 .mdebug.abi32  0x00000000        0x0 bin\obj\UDP.o

.bss%z54        0x00000000        0x0
 .bss           0x00000000        0x0 bin\obj\UDP.o

.data%z55       0x00000000        0x0
 .data          0x00000000        0x0 bin\obj\UDP.o

.mdebug.abi32%z56
                0x00000000        0x0
 .mdebug.abi32  0x00000000        0x0 bin\obj\Tick.o

.bss%z57        0x00000000        0x0
 .bss           0x00000000        0x0 bin\obj\Tick.o

.data%z58       0x00000000        0x0
 .data          0x00000000        0x0 bin\obj\Tick.o

.mdebug.abi32%z59
                0x00000000        0x0
 .mdebug.abi32  0x00000000        0x0 bin\obj\TCP.o

.data%z60       0x00000000        0x0
 .data          0x00000000        0x0 bin\obj\TCP.o

.mdebug.abi32%z61
                0x00000000        0x0
 .mdebug.abi32  0x00000000        0x0 bin\obj\StackTsk.o

.bss%z62        0x00000000        0x0
 .bss           0x00000000        0x0 bin\obj\StackTsk.o

.data%z63       0x00000000        0x0
 .data          0x00000000        0x0 bin\obj\StackTsk.o

.mdebug.abi32%z64
                0x00000000        0x0
 .mdebug.abi32  0x00000000        0x0 bin\obj\NBNS.o

.bss%z65        0x00000000        0x0
 .bss           0x00000000        0x0 bin\obj\NBNS.o

.data%z66       0x00000000        0x0
 .data          0x00000000        0x0 bin\obj\NBNS.o

.mdebug.abi32%z67
                0x00000000        0x0
 .mdebug.abi32  0x00000000        0x0 bin\obj\MPFS2.o

.data%z68       0x00000000        0x0
 .data          0x00000000        0x0 bin\obj\MPFS2.o

.mdebug.abi32%z69
                0x00000000        0x0
 .mdebug.abi32  0x00000000        0x0 bin\obj\IP.o

.bss%z70        0x00000000        0x0
 .bss           0x00000000        0x0 bin\obj\IP.o

.data%z71       0x00000000        0x0
 .data          0x00000000        0x0 bin\obj\IP.o

.mdebug.abi32%z72
                0x00000000        0x0
 .mdebug.abi32  0x00000000        0x0 bin\obj\ICMP.o

.data%z73       0x00000000        0x0
 .data          0x00000000        0x0 bin\obj\ICMP.o

.mdebug.abi32%z74
                0x00000000        0x0
 .mdebug.abi32  0x00000000        0x0 bin\obj\HTTP2.o

.bss%z75        0x00000000        0x0
 .bss           0x00000000        0x0 bin\obj\HTTP2.o

.data%z76       0x00000000        0x0
 .data          0x00000000        0x0 bin\obj\HTTP2.o

.mdebug.abi32%z77
                0x00000000        0x0
 .mdebug.abi32  0x00000000        0x0 bin\obj\Helpers.o

.bss%z78        0x00000000        0x0
 .bss           0x00000000        0x0 bin\obj\Helpers.o

.data%z79       0x00000000        0x0
 .data          0x00000000        0x0 bin\obj\Helpers.o

.mdebug.abi32%z80
                0x00000000        0x0
 .mdebug.abi32  0x00000000        0x0 bin\obj\ETHPIC32IntMac.o

.bss%z81        0x00000000        0x0
 .bss           0x00000000        0x0 bin\obj\ETHPIC32IntMac.o

.data%z82       0x00000000        0x0
 .data          0x00000000        0x0 bin\obj\ETHPIC32IntMac.o

.mdebug.abi32%z83
                0x00000000        0x0
 .mdebug.abi32  0x00000000        0x0 bin\obj\ETHPIC32ExtPhy.o

.bss%z84        0x00000000        0x0
 .bss           0x00000000        0x0 bin\obj\ETHPIC32ExtPhy.o

.data%z85       0x00000000        0x0
 .data          0x00000000        0x0 bin\obj\ETHPIC32ExtPhy.o

.mdebug.abi32%z86
                0x00000000        0x0
 .mdebug.abi32  0x00000000        0x0 bin\obj\DNSs.o

.bss%z87        0x00000000        0x0
 .bss           0x00000000        0x0 bin\obj\DNSs.o

.data%z88       0x00000000        0x0
 .data          0x00000000        0x0 bin\obj\DNSs.o

.mdebug.abi32%z89
                0x00000000        0x0
 .mdebug.abi32  0x00000000        0x0 bin\obj\DNS.o

.data%z90       0x00000000        0x0
 .data          0x00000000        0x0 bin\obj\DNS.o

.mdebug.abi32%z91
                0x00000000        0x0
 .mdebug.abi32  0x00000000        0x0 bin\obj\DHCPs.o

.bss%z92        0x00000000        0x0
 .bss           0x00000000        0x0 bin\obj\DHCPs.o

.data%z93       0x00000000        0x0
 .data          0x00000000        0x0 bin\obj\DHCPs.o

.mdebug.abi32%z94
                0x00000000        0x0
 .mdebug.abi32  0x00000000        0x0 bin\obj\DHCP.o

.data%z95       0x00000000        0x0
 .data          0x00000000        0x0 bin\obj\DHCP.o

.mdebug.abi32%z96
                0x00000000        0x0
 .mdebug.abi32  0x00000000        0x0 bin\obj\BigInt.o

.bss%z97        0x00000000        0x0
 .bss           0x00000000        0x0 bin\obj\BigInt.o

.data%z98       0x00000000        0x0
 .data          0x00000000        0x0 bin\obj\BigInt.o

.mdebug.abi32%z99
                0x00000000        0x0