Archive member included because of file (symbol)

c:/program files/microchip/xc32/v1.10/bin/../lib/gcc/pic32mx/4.5.1/../../../../pic32mx/lib\libmchp_peripheral_32MX795F512L.a(open_core_timer_lib.o)
                              build/default/production/_ext/1410781165/sdcard.o (OpenCoreTimer)
c:/program files/microchip/xc32/v1.10/bin/../lib/gcc/pic32mx/4.5.1/../../../../pic32mx/lib\libmchp_peripheral_32MX795F512L.a(pcache.o)
                              build/default/production/_ext/1360919890/app.o (CheKseg0CacheOn)
c:/program files/microchip/xc32/v1.10/bin/../lib/gcc/pic32mx/4.5.1/../../../../pic32mx/lib\libmchp_peripheral_32MX795F512L.a(int_enable_interrupts_lib.o)
                              build/default/production/_ext/1410781165/sdcard.o (INTEnableInterrupts)
c:/program files/microchip/xc32/v1.10/bin/../lib/gcc/pic32mx/4.5.1/../../../../pic32mx/lib\libmchp_peripheral_32MX795F512L.a(int_disable_interrupts_lib.o)
                              build/default/production/_ext/1360919890/app.o (INTDisableInterrupts)
c:/program files/microchip/xc32/v1.10/bin/../lib/gcc/pic32mx/4.5.1/../../../../pic32mx/lib\libmchp_peripheral_32MX795F512L.a(int_restore_interrupts_lib.o)
                              build/default/production/_ext/1360919890/app.o (INTRestoreInterrupts)
c:/program files/microchip/xc32/v1.10/bin/../lib/gcc/pic32mx/4.5.1/../../../../pic32mx/lib\libmchp_peripheral_32MX795F512L.a(int_enable_mv_int_lib.o)
                              build/default/production/_ext/1360919890/app.o (INTEnableSystemMultiVectoredInt)
c:/program files/microchip/xc32/v1.10/bin/../lib/gcc/pic32mx/4.5.1/../../../../pic32mx/lib\libmchp_peripheral_32MX795F512L.a(rtcc_init_lib.o)
                              build/default/production/_ext/66509721/rtcc_helper.o (RtccInit)
c:/program files/microchip/xc32/v1.10/bin/../lib/gcc/pic32mx/4.5.1/../../../../pic32mx/lib\libmchp_peripheral_32MX795F512L.a(rtcc_set_time_date_lib.o)
                              build/default/production/_ext/66509721/rtcc_helper.o (RtccSetTimeDate)
c:/program files/microchip/xc32/v1.10/bin/../lib/gcc/pic32mx/4.5.1/../../../../pic32mx/lib\libmchp_peripheral_32MX795F512L.a(rtcc_shutdown_lib.o)
                              build/default/production/_ext/66509721/rtcc_helper.o (RtccShutdown)
c:/program files/microchip/xc32/v1.10/bin/../lib/gcc/pic32mx/4.5.1/../../../../pic32mx/lib\libmchp_peripheral_32MX795F512L.a(rtcc_open_lib.o)
                              build/default/production/_ext/66509721/rtcc_helper.o (RtccOpen)
c:/program files/microchip/xc32/v1.10/bin/../lib/gcc/pic32mx/4.5.1/../../../../pic32mx/lib\libmchp_peripheral_32MX795F512L.a(spi_chn_set_brg_lib.o)
                              build/default/production/_ext/1410781165/fatfs_mmc_spi.o (SpiChnSetBrg)
c:/program files/microchip/xc32/v1.10/bin/../lib/gcc/pic32mx/4.5.1/../../../../pic32mx/lib\libmchp_peripheral_32MX795F512L.a(spi_map_tbl_libp.o)
                              c:/program files/microchip/xc32/v1.10/bin/../lib/gcc/pic32mx/4.5.1/../../../../pic32mx/lib\libmchp_peripheral_32MX795F512L.a(spi_chn_set_brg_lib.o) (_SpiMapTbl)
c:/program files/microchip/xc32/v1.10/bin/../lib/gcc/pic32mx/4.5.1/../../../../pic32mx/lib\libmchp_peripheral_32MX795F512L.a(spi_getc_spi2_lib_legacy.o)
                              build/default/production/_ext/1410781165/fatfs_mmc_spi.o (getcSPI2)
c:/program files/microchip/xc32/v1.10/bin/../lib/gcc/pic32mx/4.5.1/../../../../pic32mx/lib\libmchp_peripheral_32MX795F512L.a(spi_open_spi2_lib_legacy.o)
                              build/default/production/_ext/1410781165/fatfs_mmc_spi.o (OpenSPI2)
c:/program files/microchip/xc32/v1.10/bin/../lib/gcc/pic32mx/4.5.1/../../../../pic32mx/lib\libmchp_peripheral_32MX795F512L.a(spi_brg_tbl_lib_legacy.o)
                              c:/program files/microchip/xc32/v1.10/bin/../lib/gcc/pic32mx/4.5.1/../../../../pic32mx/lib\libmchp_peripheral_32MX795F512L.a(spi_open_spi2_lib_legacy.o) (_SpiBrgConvTbl)
c:/program files/microchip/xc32/v1.10/bin/../lib/gcc/pic32mx/4.5.1/../../../../pic32mx/lib\libmchp_peripheral_32MX795F512L.a(port_set_pins_digital_in_lib.o)
                              build/default/production/_ext/1360919890/app.o (PORTSetPinsDigitalIn)
c:/program files/microchip/xc32/v1.10/bin/../lib/gcc/pic32mx/4.5.1/../../../../pic32mx/lib\libmchp_peripheral_32MX795F512L.a(_ports_tbl_libp.o)
                              c:/program files/microchip/xc32/v1.10/bin/../lib/gcc/pic32mx/4.5.1/../../../../pic32mx/lib\libmchp_peripheral_32MX795F512L.a(port_set_pins_digital_in_lib.o) (PortRegTbl)
c:/program files/microchip/xc32/v1.10/bin/../lib/gcc/pic32mx/4.5.1/../../../../pic32mx/lib\libmchp_peripheral_32MX795F512L.a(int_tbl_lib.o)
                              c:/program files/microchip/xc32/v1.10/bin/../lib/gcc/pic32mx/4.5.1/../../../../pic32mx/lib\libmchp_peripheral_32MX795F512L.a(rtcc_init_lib.o) (INTClearFlag)
[...]
Memory Configuration

Name             Origin             Length             Attributes
exception_mem    0x9d01b000         0x00001000
kseg0_boot_mem   0x9d01c000         0x00000970
kseg1_boot_mem   0x9d01c970         0x00000490
kseg0_program_mem 0x9d01ce00         0x00065000         xr
debug_exec_mem   0xbfc02000         0x00000ff0
config3          0xbfc02ff0         0x00000004
config2          0xbfc02ff4         0x00000004
config1          0xbfc02ff8         0x00000004
config0          0xbfc02ffc         0x00000004
kseg1_data_mem   0xa0000000         0x00020000         w !x
sfrs             0xbf800000         0x00100000
configsfrs       0xbfc02ff0         0x00000010
*default*        0x00000000         0xffffffff

Linker script and memory map

LOAD c:/program files/microchip/xc32/v1.10/bin/../lib/gcc/pic32mx/4.5.1/../../../../pic32mx/lib/crt0.o
LOAD build/default/production/_ext/1360919890/app.o
LOAD build/default/production/_ext/2048433900/simpledelay.o
LOAD build/default/production/_ext/733900163/CustomHTTPApp.o
LOAD build/default/production/_ext/66509721/rtcc_helper.o
LOAD build/default/production/_ext/1410781165/diskio.o
LOAD build/default/production/_ext/1410781165/fatfs_mmc_spi.o
LOAD build/default/production/_ext/1410781165/ff.o
LOAD build/default/production/_ext/1410781165/sdcard.o
LOAD build/default/production/_ext/1410781165/sdcard_helper.o
LOAD build/default/production/_ext/1410781165/ccsbcs.o
LOAD build/default/production/_ext/1985307369/WF_Eint.o
LOAD build/default/production/_ext/1985307369/WF_Spi.o
LOAD build/default/production/_ext/1985307369/WFConnectionAlgorithm.o
LOAD build/default/production/_ext/1985307369/WFConnectionManager.o
LOAD build/default/production/_ext/1985307369/WFConnectionProfile.o
LOAD build/default/production/_ext/1985307369/WFConsole.o
LOAD build/default/production/_ext/1985307369/WFConsoleIfconfig.o
LOAD build/default/production/_ext/1985307369/WFConsoleIwconfig.o
LOAD build/default/production/_ext/1985307369/WFConsoleIwpriv.o
LOAD build/default/production/_ext/1985307369/WFConsoleMsgHandler.o
LOAD build/default/production/_ext/1985307369/WFConsoleMsgs.o
LOAD build/default/production/_ext/1985307369/WFDataTxRx.o
LOAD build/default/production/_ext/1985307369/WFDriverCom.o
LOAD build/default/production/_ext/1985307369/WFDriverRaw.o
LOAD build/default/production/_ext/1985307369/WFEasyConfig.o
LOAD build/default/production/_ext/1985307369/WFEventHandler.o
LOAD build/default/production/_ext/1985307369/WFInit.o
LOAD build/default/production/_ext/1985307369/WFMac.o
LOAD build/default/production/_ext/1985307369/WFMgmtMsg.o
LOAD build/default/production/_ext/1985307369/WFParamMsg.o
LOAD build/default/production/_ext/1985307369/WFPowerSave.o
LOAD build/default/production/_ext/1985307369/WFScan.o
LOAD build/default/production/_ext/1985307369/WFTxPower.o
LOAD build/default/production/_ext/1447902105/Announce.o
LOAD build/default/production/_ext/1447902105/ARP.o
LOAD build/default/production/_ext/1447902105/AutoIP.o
LOAD build/default/production/_ext/1447902105/BigInt.o
LOAD build/default/production/_ext/1447902105/DHCP.o
LOAD build/default/production/_ext/1447902105/DHCPs.o
LOAD build/default/production/_ext/1447902105/DNS.o
LOAD build/default/production/_ext/1447902105/DNSs.o
LOAD build/default/production/_ext/1447902105/ETHPIC32ExtPhy.o
LOAD build/default/production/_ext/1447902105/ETHPIC32IntMac.o
LOAD build/default/production/_ext/1447902105/Helpers.o
LOAD build/default/production/_ext/1447902105/ICMP.o
LOAD build/default/production/_ext/1447902105/IP.o
LOAD build/default/production/_ext/1447902105/NBNS.o
LOAD build/default/production/_ext/1447902105/StackTsk.o
LOAD build/default/production/_ext/1447902105/TCP.o
LOAD build/default/production/_ext/1447902105/Tick.o
LOAD build/default/production/_ext/1447902105/UDP.o
LOAD build/default/production/_ext/2063154737/tcpip.o
LOAD build/default/production/_ext/2063154737/WF_Config.o
LOAD build/default/production/_ext/252269054/serial_usb.o
LOAD build/default/production/_ext/252269054/usb_descriptors.o
LOAD build/default/production/_ext/252269054/usb_device.o
LOAD build/default/production/_ext/252269054/usb_function_cdc.o
LOAD build/default/production/_ext/1447902105/HTTP2_FATFS.o
                0x00000001                __MPLAB_BUILD = 0x1
                0x00000400                PROVIDE (_min_stack_size, 0x400)
                0x00000000                PROVIDE (_min_heap_size, 0x0)
LOAD c:/program files/microchip/xc32/v1.10/bin/../lib/gcc/pic32mx/4.5.1/../../../../pic32mx/lib/./proc/32MX795F512L\processor.o
START GROUP
LOAD c:/program files/microchip/xc32/v1.10/bin/../lib/gcc/pic32mx/4.5.1/../../../../pic32mx/lib\libmchp_peripheral_32MX795F512L.a
END GROUP
                0x00000001                PROVIDE (_vector_spacing, 0x1)
                0x9d01b000                _ebase_address = 0x9d01b000
                0x9d01c970                _RESET_ADDR = 0x9d01c970
                0x9d01ccf0                _BEV_EXCPT_ADDR = 0x9d01ccf0
                0x9d01cdf0                _DBG_EXCPT_ADDR = 0x9d01cdf0
                0xbfc02000                _DBG_CODE_ADDR = 0xbfc02000
                0x00000ff0                _DBG_CODE_SIZE = 0xff0
                0x9d01b180                _GEN_EXCPT_ADDR = (_ebase_address + 0x180)

.config_BFC02FF0
                0xbfc02ff0        0x4
 *(.config_BFC02FF0)
 .config_BFC02FF0
                0xbfc02ff0        0x4 build/default/production/_ext/1360919890/app.o

.config_BFC02FF4
                0xbfc02ff4        0x4
 *(.config_BFC02FF4)
 .config_BFC02FF4
                0xbfc02ff4        0x4 build/default/production/_ext/1360919890/app.o

.config_BFC02FF8
                0xbfc02ff8        0x4
 *(.config_BFC02FF8)
 .config_BFC02FF8
                0xbfc02ff8        0x4 build/default/production/_ext/1360919890/app.o

.config_BFC02FFC
                0xbfc02ffc        0x4
 *(.config_BFC02FFC)
 .config_BFC02FFC
                0xbfc02ffc        0x4 build/default/production/_ext/1360919890/app.o
                0xbfc02000                PROVIDE (_DBG_CODE_ADDR, 0xbfc02000)
                0x00000ff0                PROVIDE (_DBG_CODE_SIZE, 0xff0)

.reset          0x9d01c970      0x1f4
 *(.reset)
 .reset         0x9d01c970       0x10 c:/program files/microchip/xc32/v1.10/bin/../lib/gcc/pic32mx/4.5.1/../../../../pic32mx/lib/crt0.o
                0x9d01c970                _reset
 *(.reset.startup)
 .reset.startup
                0x9d01c980      0x1e4 c:/program files/microchip/xc32/v1.10/bin/../lib/gcc/pic32mx/4.5.1/../../../../pic32mx/lib/crt0.o

.bev_excpt      0x9d01ccf0       0x10
 *(.bev_handler)
 .bev_handler   0x9d01ccf0       0x10 c:/program files/microchip/xc32/v1.10/bin/../lib/gcc/pic32mx/4.5.1/../../../../pic32mx/lib/crt0.o

.dbg_excpt      0x9d01cdf0        0x0
                0x9d01cdf0                . = (. + DEFINED (_DEBUGGER)?0x8:0x0)

.dbg_code       0xbfc02000        0x0
                0xbfc02000                . = (. + DEFINED (_DEBUGGER)?_DBG_CODE_SIZE:0x0)

.app_excpt      0x9d01b180       0x10
 *(.gen_handler)
 .gen_handler   0x9d01b180       0x10 c:/program files/microchip/xc32/v1.10/bin/../lib/gcc/pic32mx/4.5.1/../../../../pic32mx/lib/crt0.o

.vector_0       0x9d01b200        0x8
 *(.vector_0)
 .vector_0      0x9d01b200        0x8 build/default/production/_ext/1410781165/sdcard.o
                0x00000001                ASSERT (((_vector_spacing == 0x0) || (SIZEOF (.vector_0) <= (_vector_spacing << 0x5))), function at exception vector 0 too large)

.vector_1       0x9d01b220        0x0
 *(.vector_1)
                0x00000001                ASSERT (((_vector_spacing == 0x0) || (SIZEOF (.vector_1) <= (_vector_spacing << 0x5))), function at exception vector 1 too large)

.vector_2       0x9d01b240        0x0
 *(.vector_2)
                0x00000001                ASSERT (((_vector_spacing == 0x0) || (SIZEOF (.vector_2) <= (_vector_spacing << 0x5))), function at exception vector 2 too large)

.vector_3       0x9d01b260        0x0
 *(.vector_3)
                0x00000001                ASSERT (((_vector_spacing == 0x0) || (SIZEOF (.vector_3) <= (_vector_spacing << 0x5))), function at exception vector 3 too large)

.vector_4       0x9d01b280        0x8
 *(.vector_4)
 .vector_4      0x9d01b280        0x8 build/default/production/_ext/1447902105/Tick.o
                0x00000001                ASSERT (((_vector_spacing == 0x0) || (SIZEOF (.vector_4) <= (_vector_spacing << 0x5))), function at exception vector 4 too large)

.vector_5       0x9d01b2a0        0x0
 *(.vector_5)
                0x00000001                ASSERT (((_vector_spacing == 0x0) || (SIZEOF (.vector_5) <= (_vector_spacing << 0x5))), function at exception vector 5 too large)

.vector_6       0x9d01b2c0        0x0
 *(.vector_6)
                0x00000001                ASSERT (((_vector_spacing == 0x0) || (SIZEOF (.vector_6) <= (_vector_spacing << 0x5))), function at exception vector 6 too large)

.vector_7       0x9d01b2e0        0x8
 *(.vector_7)
 .vector_7      0x9d01b2e0        0x8 build/default/production/_ext/1985307369/WF_Eint.o
                0x00000001                ASSERT (((_vector_spacing == 0x0) || (SIZEOF (.vector_7) <= (_vector_spacing << 0x5))), function at exception vector 7 too large)

.vector_8       0x9d01b300        0x0
 *(.vector_8)
                0x00000001                ASSERT (((_vector_spacing == 0x0) || (SIZEOF (.vector_8) <= (_vector_spacing << 0x5))), function at exception vector 8 too large)

.vector_9       0x9d01b320        0x0
 *(.vector_9)
                0x00000001                ASSERT (((_vector_spacing == 0x0) || (SIZEOF (.vector_9) <= (_vector_spacing << 0x5))), function at exception vector 9 too large)

.vector_10      0x9d01b340        0x0
 *(.vector_10)
                0x00000001                ASSERT (((_vector_spacing == 0x0) || (SIZEOF (.vector_10) <= (_vector_spacing << 0x5))), function at exception vector 10 too large)

.vector_11      0x9d01b360        0x0
 *(.vector_11)
                0x00000001                ASSERT (((_vector_spacing == 0x0) || (SIZEOF (.vector_11) <= (_vector_spacing << 0x5))), function at exception vector 11 too large)

.vector_12      0x9d01b380        0x0
 *(.vector_12)
                0x00000001                ASSERT (((_vector_spacing == 0x0) || (SIZEOF (.vector_12) <= (_vector_spacing << 0x5))), function at exception vector 12 too large)

.vector_13      0x9d01b3a0        0x0
 *(.vector_13)
                0x00000001                ASSERT (((_vector_spacing == 0x0) || (SIZEOF (.vector_13) <= (_vector_spacing << 0x5))), function at exception vector 13 too large)

.vector_14      0x9d01b3c0        0x0
 *(.vector_14)
                0x00000001                ASSERT (((_vector_spacing == 0x0) || (SIZEOF (.vector_14) <= (_vector_spacing << 0x5))), function at exception vector 14 too large)

.vector_15      0x9d01b3e0        0x0
 *(.vector_15)
                0x00000001                ASSERT (((_vector_spacing == 0x0) || (SIZEOF (.vector_15) <= (_vector_spacing << 0x5))), function at exception vector 15 too large)

.vector_16      0x9d01b400        0x0
 *(.vector_16)
                0x00000001                ASSERT (((_vector_spacing == 0x0) || (SIZEOF (.vector_16) <= (_vector_spacing << 0x5))), function at exception vector 16 too large)

.vector_17      0x9d01b420        0x0
 *(.vector_17)
                0x00000001                ASSERT (((_vector_spacing == 0x0) || (SIZEOF (.vector_17) <= (_vector_spacing << 0x5))), function at exception vector 17 too large)

.vector_18      0x9d01b440        0x0
 *(.vector_18)
                0x00000001                ASSERT (((_vector_spacing == 0x0) || (SIZEOF (.vector_18) <= (_vector_spacing << 0x5))), function at exception vector 18 too large)

.vector_19      0x9d01b460        0x0
 *(.vector_19)
                0x00000001                ASSERT (((_vector_spacing == 0x0) || (SIZEOF (.vector_19) <= (_vector_spacing << 0x5))), function at exception vector 19 too large)

.vector_20      0x9d01b480        0x0
 *(.vector_20)
                0x00000001                ASSERT (((_vector_spacing == 0x0) || (SIZEOF (.vector_20) <= (_vector_spacing << 0x5))), function at exception vector 20 too large)

.vector_21      0x9d01b4a0        0x0
 *(.vector_21)
                0x00000001                ASSERT (((_vector_spacing == 0x0) || (SIZEOF (.vector_21) <= (_vector_spacing << 0x5))), function at exception vector 21 too large)

.vector_22      0x9d01b4c0        0x0
 *(.vector_22)
                0x00000001                ASSERT (((_vector_spacing == 0x0) || (SIZEOF (.vector_22) <= (_vector_spacing << 0x5))), function at exception vector 22 too large)

.vector_23      0x9d01b4e0        0x0
 *(.vector_23)
                0x00000001                ASSERT (((_vector_spacing == 0x0) || (SIZEOF (.vector_23) <= (_vector_spacing << 0x5))), function at exception vector 23 too large)

.vector_24      0x9d01b500        0x0
 *(.vector_24)
                0x00000001                ASSERT (((_vector_spacing == 0x0) || (SIZEOF (.vector_24) <= (_vector_spacing << 0x5))), function at exception vector 24 too large)

.vector_25      0x9d01b520        0x0
 *(.vector_25)
                0x00000001                ASSERT (((_vector_spacing == 0x0) || (SIZEOF (.vector_25) <= (_vector_spacing << 0x5))), function at exception vector 25 too large)

.vector_26      0x9d01b540        0x0
 *(.vector_26)
                0x00000001                ASSERT (((_vector_spacing == 0x0) || (SIZEOF (.vector_26) <= (_vector_spacing << 0x5))), function at exception vector 26 too large)

.vector_27      0x9d01b560        0x0
 *(.vector_27)
                0x00000001                ASSERT (((_vector_spacing == 0x0) || (SIZEOF (.vector_27) <= (_vector_spacing << 0x5))), function at exception vector 27 too large)

.vector_28      0x9d01b580        0x0
 *(.vector_28)
                0x00000001                ASSERT (((_vector_spacing == 0x0) || (SIZEOF (.vector_28) <= (_vector_spacing << 0x5))), function at exception vector 28 too large)

.vector_29      0x9d01b5a0        0x0
 *(.vector_29)
                0x00000001                ASSERT (((_vector_spacing == 0x0) || (SIZEOF (.vector_29) <= (_vector_spacing << 0x5))), function at exception vector 29 too large)

.vector_30      0x9d01b5c0        0x0
 *(.vector_30)
                0x00000001                ASSERT (((_vector_spacing == 0x0) || (SIZEOF (.vector_30) <= (_vector_spacing << 0x5))), function at exception vector 30 too large)

.vector_31      0x9d01b5e0        0x0
 *(.vector_31)
                0x00000001                ASSERT (((_vector_spacing == 0x0) || (SIZEOF (.vector_31) <= (_vector_spacing << 0x5))), function at exception vector 31 too large)

.vector_32      0x9d01b600        0x0
 *(.vector_32)
                0x00000001                ASSERT (((_vector_spacing == 0x0) || (SIZEOF (.vector_32) <= (_vector_spacing << 0x5))), function at exception vector 32 too large)

.vector_33      0x9d01b620        0x0
 *(.vector_33)
                0x00000001                ASSERT (((_vector_spacing == 0x0) || (SIZEOF (.vector_33) <= (_vector_spacing << 0x5))), function at exception vector 33 too large)

.vector_34      0x9d01b640        0x0
 *(.vector_34)
                0x00000001                ASSERT (((_vector_spacing == 0x0) || (SIZEOF (.vector_34) <= (_vector_spacing << 0x5))), function at exception vector 34 too large)

.vector_35      0x9d01b660        0x0
 *(.vector_35)
                0x00000001                ASSERT (((_vector_spacing == 0x0) || (SIZEOF (.vector_35) <= (_vector_spacing << 0x5))), function at exception vector 35 too large)

.vector_36      0x9d01b680        0x0
 *(.vector_36)
                0x00000001                ASSERT (((_vector_spacing == 0x0) || (SIZEOF (.vector_36) <= (_vector_spacing << 0x5))), function at exception vector 36 too large)

.vector_37      0x9d01b6a0        0x0
 *(.vector_37)
                0x00000001                ASSERT (((_vector_spacing == 0x0) || (SIZEOF (.vector_37) <= (_vector_spacing << 0x5))), function at exception vector 37 too large)

.vector_38      0x9d01b6c0        0x0
 *(.vector_38)
                0x00000001                ASSERT (((_vector_spacing == 0x0) || (SIZEOF (.vector_38) <= (_vector_spacing << 0x5))), function at exception vector 38 too large)

.vector_39      0x9d01b6e0        0x0
 *(.vector_39)
                0x00000001                ASSERT (((_vector_spacing == 0x0) || (SIZEOF (.vector_39) <= (_vector_spacing << 0x5))), function at exception vector 39 too large)

.vector_40      0x9d01b700        0x0
 *(.vector_40)
                0x00000001                ASSERT (((_vector_spacing == 0x0) || (SIZEOF (.vector_40) <= (_vector_spacing << 0x5))), function at exception vector 40 too large)

.vector_41      0x9d01b720        0x0
 *(.vector_41)
                0x00000001                ASSERT (((_vector_spacing == 0x0) || (SIZEOF (.vector_41) <= (_vector_spacing << 0x5))), function at exception vector 41 too large)

.vector_42      0x9d01b740        0x0
 *(.vector_42)
                0x00000001                ASSERT (((_vector_spacing == 0x0) || (SIZEOF (.vector_42) <= (_vector_spacing << 0x5))), function at exception vector 42 too large)

.vector_43      0x9d01b760        0x0
 *(.vector_43)
                0x00000001                ASSERT (((_vector_spacing == 0x0) || (SIZEOF (.vector_43) <= (_vector_spacing << 0x5))), function at exception vector 43 too large)

.vector_44      0x9d01b780        0x0
 *(.vector_44)
                0x00000001                ASSERT (((_vector_spacing == 0x0) || (SIZEOF (.vector_44) <= (_vector_spacing << 0x5))), function at exception vector 44 too large)

.vector_45      0x9d01b7a0        0x0
 *(.vector_45)
                0x00000001                ASSERT (((_vector_spacing == 0x0) || (SIZEOF (.vector_45) <= (_vector_spacing << 0x5))), function at exception vector 45 too large)

.vector_46      0x9d01b7c0        0x0
 *(.vector_46)
                0x00000001                ASSERT (((_vector_spacing == 0x0) || (SIZEOF (.vector_46) <= (_vector_spacing << 0x5))), function at exception vector 46 too large)

.vector_47      0x9d01b7e0        0x0
 *(.vector_47)
                0x00000001                ASSERT (((_vector_spacing == 0x0) || (SIZEOF (.vector_47) <= (_vector_spacing << 0x5))), function at exception vector 47 too large)

.vector_48      0x9d01b800        0x0
 *(.vector_48)
                0x00000001                ASSERT (((_vector_spacing == 0x0) || (SIZEOF (.vector_48) <= (_vector_spacing << 0x5))), function at exception vector 48 too large)

.vector_49      0x9d01b820        0x0
 *(.vector_49)
                0x00000001                ASSERT (((_vector_spacing == 0x0) || (SIZEOF (.vector_49) <= (_vector_spacing << 0x5))), function at exception vector 49 too large)

.vector_50      0x9d01b840        0x0
 *(.vector_50)
                0x00000001                ASSERT (((_vector_spacing == 0x0) || (SIZEOF (.vector_50) <= (_vector_spacing << 0x5))), function at exception vector 50 too large)

.vector_51      0x9d01b860        0x0
 *(.vector_51)
                0x00000001                ASSERT (((_vector_spacing == 0x0) || (SIZEOF (.vector_51) <= (_vector_spacing << 0x5))), function at exception vector 51 too large)

.vector_52      0x9d01b880        0x0
 *(.vector_52)
                0x00000001                ASSERT (((_vector_spacing == 0x0) || (SIZEOF (.vector_52) <= (_vector_spacing << 0x5))), function at exception vector 52 too large)

.vector_53      0x9d01b8a0        0x0
 *(.vector_53)
                0x00000001                ASSERT (((_vector_spacing == 0x0) || (SIZEOF (.vector_53) <= (_vector_spacing << 0x5))), function at exception vector 53 too large)

.vector_54      0x9d01b8c0        0x0
 *(.vector_54)
                0x00000001                ASSERT (((_vector_spacing == 0x0) || (SIZEOF (.vector_54) <= (_vector_spacing << 0x5))), function at exception vector 54 too large)

.vector_55      0x9d01b8e0        0x0
 *(.vector_55)
                0x00000001                ASSERT (((_vector_spacing == 0x0) || (SIZEOF (.vector_55) <= (_vector_spacing << 0x5))), function at exception vector 55 too large)

.vector_56      0x9d01b900        0x0
 *(.vector_56)
                0x00000001                ASSERT (((_vector_spacing == 0x0) || (SIZEOF (.vector_56) <= (_vector_spacing << 0x5))), function at exception vector 56 too large)

.vector_57      0x9d01b920        0x0
 *(.vector_57)
                0x00000001                ASSERT (((_vector_spacing == 0x0) || (SIZEOF (.vector_57) <= (_vector_spacing << 0x5))), function at exception vector 57 too large)

.vector_58      0x9d01b940        0x0
 *(.vector_58)
                0x00000001                ASSERT (((_vector_spacing == 0x0) || (SIZEOF (.vector_58) <= (_vector_spacing << 0x5))), function at exception vector 58 too large)

.vector_59      0x9d01b960        0x0
 *(.vector_59)
                0x00000001                ASSERT (((_vector_spacing == 0x0) || (SIZEOF (.vector_59) <= (_vector_spacing << 0x5))), function at exception vector 59 too large)

.vector_60      0x9d01b980        0x0
 *(.vector_60)
                0x00000001                ASSERT (((_vector_spacing == 0x0) || (SIZEOF (.vector_60) <= (_vector_spacing << 0x5))), function at exception vector 60 too large)

.vector_61      0x9d01b9a0        0x0
 *(.vector_61)
                0x00000001                ASSERT (((_vector_spacing == 0x0) || (SIZEOF (.vector_61) <= (_vector_spacing << 0x5))), function at exception vector 61 too large)

.vector_62      0x9d01b9c0        0x0
 *(.vector_62)
                0x00000001                ASSERT (((_vector_spacing == 0x0) || (SIZEOF (.vector_62) <= (_vector_spacing << 0x5))), function at exception vector 62 too large)

.vector_63      0x9d01b9e0        0x0
 *(.vector_63)
                0x00000001                ASSERT (((_vector_spacing == 0x0) || (SIZEOF (.vector_63) <= (_vector_spacing << 0x5))), function at exception vector 63 too large)

.startup
 *(.startup)

.text
 *(.stub .gnu.linkonce.t.*)
 *(.text.*personality*)
 *(.mips16.fn.*)
 *(.mips16.call.*)
 *(.gnu.warning)

.rodata         0x9d01ce00        0x0
 *(.rodata.* .gnu.linkonce.r.*)
 *(.rodata1)
                0x9d01ce00                . = ALIGN (0x4)

.sdata2         0x9d01c000        0x0
 *(.sdata2 .sdata2.* .gnu.linkonce.s2.*)
                0x9d01c000                . = ALIGN (0x4)

.sbss2          0x9d01c000        0x0
 *(.sbss2 .sbss2.* .gnu.linkonce.sb2.*)
                0x9d01c000                . = ALIGN (0x4)

.eh_frame_hdr
 *(.eh_frame_hdr)

.eh_frame
 *(.eh_frame)

.dbg_data       0xa0000000        0x0
                0xa0000000                . = (. + DEFINED (_DEBUGGER)?0x200:0x0)

.persist        0xa0000000        0x0
                0xa0000000                _persist_begin = .
 *(.persist .persist.*)
                0xa0000000                . = ALIGN (0x4)
                0xa0000000                _persist_end = .

.eh_frame       0xa0000000       0x30
 *(.eh_frame)
 .eh_frame      0xa0000000       0x20 c:/program files/microchip/xc32/v1.10/bin/../lib/gcc/pic32mx/4.5.1\libgcc.a(_udivdi3.o)
 .eh_frame      0xa0000020       0x10 c:/program files/microchip/xc32/v1.10/bin/../lib/gcc/pic32mx/4.5.1\libgcc.a(_umoddi3.o)
                0xa0000030                . = .
                0xa0008020                _gp = (ALIGN (0x10) + 0x7ff0)

.got
 *(.got.plt)
 *(.got)

.sdata          0xa0000030       0x2c
                0xa0000030                _sdata_begin = .
 *(.sdata .sdata.* .gnu.linkonce.s.*)
 .sdata         0xa0000030        0x1 build/default/production/_ext/1410781165/diskio.o
 .sdata         0xa0000031        0x1 build/default/production/_ext/1410781165/fatfs_mmc_spi.o
 .sdata         0xa0000032        0x1 build/default/production/_ext/1985307369/WFConnectionAlgorithm.o
 .sdata         0xa0000033        0x1 build/default/production/_ext/1985307369/WFPowerSave.o
 .sdata         0xa0000034        0x4 build/default/production/_ext/1447902105/DHCPs.o
                0xa0000034                bDHCPServerEnabled
 .sdata         0xa0000038        0x8 build/default/production/_ext/1447902105/DNS.o
 .sdata         0xa0000040        0x1 build/default/production/_ext/1447902105/DNSs.o
 *fill*         0xa0000041        0x3 00
 .sdata         0xa0000044        0x4 build/default/production/_ext/1447902105/Helpers.o
 .sdata         0xa0000048        0x2 build/default/production/_ext/1447902105/TCP.o
 .sdata         0xa000004a        0x2 build/default/production/_ext/1447902105/UDP.o
 .sdata         0xa000004c        0x8 c:/program files/microchip/xc32/v1.10/bin/../lib/gcc/pic32mx/4.5.1/../../../../pic32mx/lib\libmchp_peripheral_32MX795F512L.a(_rtcc_wait_clock_off_lib.o)
                0xa000004c                _RtccWaitClkStepSz
                0xa0000050                _RtccWaitClkSteps
 .sdata         0xa0000054        0x4 c:/program files/microchip/xc32/v1.10/bin/../lib/gcc/pic32mx/4.5.1/../../../../pic32mx/lib\libc.a(_iob.o)
                0xa0000054                _Files
 .sdata         0xa0000058        0x4 c:/program files/microchip/xc32/v1.10/bin/../lib/gcc/pic32mx/4.5.1/../../../../pic32mx/lib\libpic32.a(xc32_uart.o)
                0xa0000058                __XC_UART
                0xa000005c                _sdata_end = .

.lit8
 *(.lit8)

.lit4
 *(.lit4)
                0xa000005c                . = ALIGN (0x4)
                0xa000005c                _data_end = .
                0xa000005c                _bss_begin = .

.sbss           0xa000005c      0x241
                0xa000005c                _sbss_begin = .
 *(.dynsbss)
 *(.sbss .sbss.* .gnu.linkonce.sb.*)
 .sbss          0xa000005c       0x34 build/default/production/_ext/733900163/CustomHTTPApp.o
 .sbss          0xa0000090       0x10 build/default/production/_ext/1410781165/fatfs_mmc_spi.o
 .sbss          0xa00000a0        0xc build/default/production/_ext/1410781165/ff.o
 .sbss          0xa00000ac        0x4 build/default/production/_ext/1985307369/WFConnectionManager.o
 .sbss          0xa00000b0       0x24 build/default/production/_ext/1985307369/WFDriverCom.o
                0xa00000c4                g_DhcpSuccessful
                0xa00000c8                g_WiFiConnectionChanged
                0xa00000cc                g_WiFiConnection
                0xa00000d0                g_dhcpInProgress
 .sbss          0xa00000d4        0x4 build/default/production/_ext/1985307369/WFDriverRaw.o
                0xa00000d4                g_HostRAWDataPacketReceived
 .sbss          0xa00000d8        0x4 build/default/production/_ext/1985307369/WFInit.o
                0xa00000d8                gRFModuleVer1209orLater
 .sbss          0xa00000dc       0x1c build/default/production/_ext/1985307369/WFMac.o
 .sbss          0xa00000f8       0x14 build/default/production/_ext/1985307369/WFMgmtMsg.o
                0xa00000f8                gHostScanNotAllowed
                0xa0000108                g_WaitingForMgmtResponse
 .sbss          0xa000010c        0xc build/default/production/_ext/1985307369/WFPowerSave.o
 .sbss          0xa0000118        0x8 build/default/production/_ext/1447902105/Announce.o
 .sbss          0xa0000120        0x4 build/default/production/_ext/1447902105/ARP.o
 .sbss          0xa0000124        0x4 build/default/production/_ext/1447902105/DHCP.o
                0xa0000124                DHCPClientInitializedOnce
 .sbss          0xa0000128        0xc build/default/production/_ext/1447902105/DHCPs.o
 .sbss          0xa0000134       0x18 build/default/production/_ext/1447902105/DNS.o
 .sbss          0xa000014c       0x10 build/default/production/_ext/1447902105/ICMP.o
 .sbss          0xa000015c        0x4 build/default/production/_ext/1447902105/IP.o
 .sbss          0xa0000160        0x8 build/default/production/_ext/1447902105/NBNS.o
 .sbss          0xa0000168        0x8 build/default/production/_ext/1447902105/StackTsk.o
                0xa000016c                g_DhcpRenew
 .sbss          0xa0000170        0x2 build/default/production/_ext/1447902105/TCP.o
 *fill*         0xa0000172        0x2 00
 .sbss          0xa0000174        0xc build/default/production/_ext/1447902105/Tick.o
 .sbss          0xa0000180        0x8 build/default/production/_ext/1447902105/UDP.o
 .sbss          0xa0000188       0x14 build/default/production/_ext/2063154737/tcpip.o
                0xa0000194                psConfDone
 .sbss          0xa000019c        0x2 build/default/production/_ext/252269054/serial_usb.o
 *fill*         0xa000019e        0x2 00
 .sbss          0xa00001a0       0x10 c:/program files/microchip/xc32/v1.10/bin/../lib/gcc/pic32mx/4.5.1/../../../../pic32mx/lib\libc.a(malloc.o)
                0xa00001a0                __allocp
                0xa00001a4                __alloct
                0xa00001a8                __allocx
 .sbss          0xa00001b0        0x1 c:/program files/microchip/xc32/v1.10/bin/../lib/gcc/pic32mx/4.5.1/../../../../pic32mx/lib\libc.a(_iob.o)
                0xa00001b0                _outdone
 *fill*         0xa00001b1        0x3 00
 .sbss          0xa00001b4        0x8 c:/program files/microchip/xc32/v1.10/bin/../lib/gcc/pic32mx/4.5.1/../../../../pic32mx/lib\libpic32.a(sbrk.o)
                0xa00001b4                _minbrk
                0xa00001b8                _maxbrk
 .sbss          0xa00001bc        0x4 c:/program files/microchip/xc32/v1.10/bin/../lib/gcc/pic32mx/4.5.1/../../../../pic32mx/lib\libpic32.a(errno.o)
                0xa00001bc                errno
 *(.scommon)
 .scommon       0xa00001c0        0x4 build/default/production/_ext/1360919890/app.o
                0xa00001c0                CurrentPacket
 .scommon       0xa00001c4        0x0 build/default/production/_ext/733900163/CustomHTTPApp.o
 .scommon       0xa00001c4        0xc build/default/production/_ext/1410781165/sdcard.o
                0xa00001c4                fs
                0xa00001c8                numOpenFiles
                0xa00001cc                fsMounted
 .scommon       0xa00001d0        0x8 build/default/production/_ext/1985307369/WFDriverCom.o
                0xa00001d0                RawMoveState
 .scommon       0xa00001d8        0xc build/default/production/_ext/1985307369/WFDriverRaw.o
                0xa00001d8                RawWindowState
                0xa00001dc                RawWindowReady
 .scommon       0xa00001e4        0x6 build/default/production/_ext/1985307369/WFEasyConfig.o
                0xa00001e4                g_ScanCtx
 *fill*         0xa00001ea        0x2 00
 .scommon       0xa00001ec        0x4 build/default/production/_ext/1985307369/WFMac.o
                0xa00001ec                g_rxIndexSetBeyondBuffer
 .scommon       0xa00001f0        0x4 build/default/production/_ext/1985307369/WFPowerSave.o
                0xa00001f0                g_rxDtim
 .scommon       0xa00001f4        0x6 build/default/production/_ext/1447902105/UDP.o
                0xa00001f4                activeUDPSocket
                0xa00001f6                UDPTxCount
                0xa00001f8                UDPRxCount
 *fill*         0xa00001fa        0x2 00
 .scommon       0xa00001fc        0xc build/default/production/_ext/2063154737/tcpip.o
                0xa00001fc                PsPollEnabled
                0xa0000200                AN0String
 .scommon       0xa0000208        0x5 build/default/production/_ext/252269054/serial_usb.o
                0xa0000208                lastTransmission
                0xa000020c                NextUSBOut
 *fill*         0xa000020d        0x3 00
 .scommon       0xa0000210       0x5a build/default/production/_ext/252269054/usb_device.o
                0xa0000210                ep_data_in
                0xa0000214                USBDeferStatusStagePacket
                0xa0000218                USTATcopy
                0xa000021c                CtrlTrfData
                0xa0000224                RemoteWakeup
                0xa0000228                controlTransferState
                0xa0000229                USBStatusStageTimeoutCounter
                0xa000022c                pDst
                0xa0000230                USBDeferINDataStagePackets
                0xa0000234                ep_data_out
                0xa0000238                SetupPkt
                0xa0000240                pBDTEntryEP0OutNext
                0xa0000244                USBAlternateInterface
                0xa0000248                USBStatusStageEnabledFlag2
                0xa000024c                BothEP0OutUOWNsSet
                0xa0000250                USBBusIsSuspended
                0xa0000254                USBDeferOUTDataStagePackets
                0xa0000258                USBActiveConfiguration
                0xa000025c                USBStatusStageEnabledFlag1
                0xa0000260                USBDeviceState
                0xa0000264                pBDTEntryEP0OutCurrent
                0xa0000268                shortPacketStatus
                0xa0000269                endpoint_number
 *fill*         0xa000026a        0x2 00
 .scommon       0xa000026c       0x30 build/default/production/_ext/252269054/usb_function_cdc.o
                0xa000026c                control_signal_bitmap
                0xa0000270                cdc_tx_len
                0xa0000271                cdc_trf_state
                0xa0000272                cdc_mem_type
                0xa0000274                CDCDataInHandle
                0xa0000278                pCDCSrc
                0xa000027c                cdc_rx_len
                0xa0000280                BaudRateGen
                0xa0000284                pCDCDst
                0xa0000288                line_coding
                0xa0000290                CDCDataOutHandle
                0xa0000294                dummy_encapsulated_cmd_response
 .scommon       0xa000029c        0x1 build/default/production/_ext/1447902105/HTTP2_FATFS.o
                0xa000029c                activeConnectionID
                0xa000029d                _sbss_end = .

.bss            0xa0000400     0x1054
 *(.dynbss)
 *(COMMON)
 COMMON         0xa0000400      0x224 build/default/production/_ext/1360919890/app.o
                0xa0000400                WiFiPacket
 COMMON         0xa0000624      0x200 build/default/production/_ext/733900163/CustomHTTPApp.o
                0xa0000624                sendDataBuffer
 COMMON         0xa0000824      0x4c5 build/default/production/_ext/1410781165/sdcard.o
                0xa0000824                _currentFileInfo
                0xa0000844                _currentDirectory
                0xa0000868                fatfs
                0xa0000cc8                lfn
 *fill*         0xa0000ce9        0x3 00
 COMMON         0xa0000cec       0x94 build/default/production/_ext/1985307369/WFEasyConfig.o
                0xa0000cec                g_easyConfigCtx
 COMMON         0xa0000d80        0xa build/default/production/_ext/1447902105/StackTsk.o
                0xa0000d80                remoteNode
 *fill*         0xa0000d8a        0x2 00
 COMMON         0xa0000d8c       0xe0 build/default/production/_ext/1447902105/UDP.o
                0xa0000d8c                UDPSocketInfo
 COMMON         0xa0000e6c       0x97 build/default/production/_ext/2063154737/tcpip.o
                0xa0000e6c                AppConfig
 *fill*         0xa0000f03        0x1 00
 COMMON         0xa0000f04       0x40 build/default/production/_ext/252269054/serial_usb.o
                0xa0000f04                USB_Out_Buffer
 *fill*         0xa0000f44       0xbc 00
 COMMON         0xa0001000      0x260 build/default/production/_ext/252269054/usb_device.o
                0xa0001000                inPipes
                0xa0001010                outPipes
                0xa000101c                pBDTEntryOut
                0xa0001028                pBDTEntryIn
                0xa0001200                BDT
 COMMON         0xa0001260       0x8c build/default/production/_ext/252269054/usb_function_cdc.o
                0xa0001260                cdc_data_tx
                0xa00012a0                cdc_notice
                0xa00012ac                cdc_data_rx
 COMMON         0xa00012ec      0x168 build/default/production/_ext/1447902105/HTTP2_FATFS.o
                0xa00012ec                httpConnections
                0xa0001454                . = ALIGN (0x4)
                0xa0001454                . = ALIGN (0x4)
                0xa0001454                _end = .
                0xa0001454                _bss_end = .
                0x00020000                _bmxdudba_address = 0x20000
                0x00020000                _bmxdupba_address = 0x20000

/DISCARD/
 *(.pdr)
 *(.reginfo)
 *(.rel.dyn)
 *(.note.GNU-stack)
 *(.note.GNU-stack)
 *(.gnu_debuglink)
 *(.gnu.lto_*)
 *(.discard)

.stab
 *(.stab)

.stabstr
 *(.stabstr)

.stab.excl
 *(.stab.excl)

.stab.exclstr
 *(.stab.exclstr)

.stab.index
 *(.stab.index)

.stab.indexstr
 *(.stab.indexstr)

.comment        0x00000000      0x1dd
 *(.comment)
 .comment       0x00000000       0x3c build/default/production/_ext/1360919890/app.o
                                 0x3d (size before relaxing)
 .comment       0x00000000       0x3d build/default/production/_ext/2048433900/simpledelay.o
 .comment       0x00000000       0x3d build/default/production/_ext/733900163/CustomHTTPApp.o
 .comment       0x00000000       0x3d build/default/production/_ext/66509721/rtcc_helper.o
 .comment       0x00000000       0x3d build/default/production/_ext/1410781165/diskio.o
 .comment       0x00000000       0x3d build/default/production/_ext/1410781165/fatfs_mmc_spi.o
 .comment       0x00000000       0x3d build/default/production/_ext/1410781165/ff.o
 .comment       0x00000000       0x3d build/default/production/_ext/1410781165/sdcard.o
 .comment       0x00000000       0x3d build/default/production/_ext/1410781165/sdcard_helper.o
 .comment       0x00000000       0x3d build/default/production/_ext/1410781165/ccsbcs.o
 .comment       0x00000000       0x3d build/default/production/_ext/1985307369/WF_Eint.o
 .comment       0x00000000       0x3d build/default/production/_ext/1985307369/WF_Spi.o
 .comment       0x00000000       0x3d build/default/production/_ext/1985307369/WFConnectionAlgorithm.o
 .comment       0x00000000       0x3d build/default/production/_ext/1985307369/WFConnectionManager.o
 .comment       0x00000000       0x3d build/default/production/_ext/1985307369/WFConnectionProfile.o
 .comment       0x00000000       0x3d build/default/production/_ext/1985307369/WFConsole.o
 .comment       0x00000000       0x3d build/default/production/_ext/1985307369/WFConsoleIfconfig.o
 .comment       0x00000000       0x3d build/default/production/_ext/1985307369/WFConsoleIwconfig.o
 .comment       0x00000000       0x3d build/default/production/_ext/1985307369/WFConsoleIwpriv.o
 .comment       0x00000000       0x3d build/default/production/_ext/1985307369/WFConsoleMsgHandler.o
 .comment       0x00000000       0x3d build/default/production/_ext/1985307369/WFConsoleMsgs.o
 .comment       0x00000000       0x3d build/default/production/_ext/1985307369/WFDataTxRx.o
 .comment       0x00000000       0x3d build/default/production/_ext/1985307369/WFDriverCom.o
 .comment       0x00000000       0x3d build/default/production/_ext/1985307369/WFDriverRaw.o
 .comment       0x00000000       0x3d build/default/production/_ext/1985307369/WFEasyConfig.o
 .comment       0x00000000       0x3d build/default/production/_ext/1985307369/WFEventHandler.o
 .comment       0x00000000       0x3d build/default/production/_ext/1985307369/WFInit.o
 .comment       0x00000000       0x3d build/default/production/_ext/1985307369/WFMac.o
 .comment       0x00000000       0x3d build/default/production/_ext/1985307369/WFMgmtMsg.o
 .comment       0x00000000       0x3d build/default/production/_ext/1985307369/WFParamMsg.o
 .comment       0x00000000       0x3d build/default/production/_ext/1985307369/WFPowerSave.o
 .comment       0x00000000       0x3d build/default/production/_ext/1985307369/WFScan.o
 .comment       0x00000000       0x3d build/default/production/_ext/1985307369/WFTxPower.o
 .comment       0x00000000       0x3d build/default/production/_ext/1447902105/Announce.o
 .comment       0x00000000       0x3d build/default/production/_ext/1447902105/ARP.o
 .comment       0x00000000       0x3d build/default/production/_ext/1447902105/AutoIP.o
 .comment       0x00000000       0x3d build/default/production/_ext/1447902105/BigInt.o
 .comment       0x00000000       0x3d build/default/production/_ext/1447902105/DHCP.o
 .comment       0x00000000       0x3d build/default/production/_ext/1447902105/DHCPs.o
 .comment       0x00000000       0x3d build/default/production/_ext/1447902105/DNS.o
 .comment       0x00000000       0x3d build/default/production/_ext/1447902105/DNSs.o
 .comment       0x00000000       0x3d build/default/production/_ext/1447902105/ETHPIC32ExtPhy.o
 .comment       0x00000000       0x3d build/default/production/_ext/1447902105/ETHPIC32IntMac.o
 .comment       0x00000000       0x3d build/default/production/_ext/1447902105/Helpers.o
 .comment       0x00000000       0x3d build/default/production/_ext/1447902105/ICMP.o
 .comment       0x00000000       0x3d build/default/production/_ext/1447902105/IP.o
 .comment       0x00000000       0x3d build/default/production/_ext/1447902105/NBNS.o
 .comment       0x00000000       0x3d build/default/production/_ext/1447902105/StackTsk.o
 .comment       0x00000000       0x3d build/default/production/_ext/1447902105/TCP.o
 .comment       0x00000000       0x3d build/default/production/_ext/1447902105/Tick.o
 .comment       0x00000000       0x3d build/default/production/_ext/1447902105/UDP.o
 .comment       0x00000000       0x3d build/default/production/_ext/2063154737/tcpip.o
 .comment       0x00000000       0x3d build/default/production/_ext/2063154737/WF_Config.o
 .comment       0x00000000       0x3d build/default/production/_ext/252269054/serial_usb.o
 .comment       0x00000000       0x3d build/default/production/_ext/252269054/usb_descriptors.o
 .comment       0x00000000       0x3d build/default/production/_ext/252269054/usb_device.o
 .comment       0x00000000       0x3d build/default/production/_ext/252269054/usb_function_cdc.o
 .comment       0x00000000       0x3d build/default/production/_ext/1447902105/HTTP2_FATFS.o
 .comment       0x0000003c       0x51 c:/program files/microchip/xc32/v1.10/bin/../lib/gcc/pic32mx/4.5.1/../../../../pic32mx/lib\libmchp_peripheral_32MX795F512L.a(open_core_timer_lib.o)
                                 0x52 (size before relaxing)
 .comment       0x00000000       0x52 c:/program files/microchip/xc32/v1.10/bin/../lib/gcc/pic32mx/4.5.1/../../../../pic32mx/lib\libmchp_peripheral_32MX795F512L.a(pcache.o)
 .comment       0x00000000       0x52 c:/program files/microchip/xc32/v1.10/bin/../lib/gcc/pic32mx/4.5.1/../../../../pic32mx/lib\libmchp_peripheral_32MX795F512L.a(int_enable_interrupts_lib.o)
 .comment       0x00000000       0x52 c:/program files/microchip/xc32/v1.10/bin/../lib/gcc/pic32mx/4.5.1/../../../../pic32mx/lib\libmchp_peripheral_32MX795F512L.a(int_disable_interrupts_lib.o)
 .comment       0x00000000       0x52 c:/program files/microchip/xc32/v1.10/bin/../lib/gcc/pic32mx/4.5.1/../../../../pic32mx/lib\libmchp_peripheral_32MX795F512L.a(int_restore_interrupts_lib.o)
 .comment       0x00000000       0x52 c:/program files/microchip/xc32/v1.10/bin/../lib/gcc/pic32mx/4.5.1/../../../../pic32mx/lib\libmchp_peripheral_32MX795F512L.a(int_enable_mv_int_lib.o)
 .comment       0x00000000       0x52 c:/program files/microchip/xc32/v1.10/bin/../lib/gcc/pic32mx/4.5.1/../../../../pic32mx/lib\libmchp_peripheral_32MX795F512L.a(rtcc_init_lib.o)
 .comment       0x00000000       0x52 c:/program files/microchip/xc32/v1.10/bin/../lib/gcc/pic32mx/4.5.1/../../../../pic32mx/lib\libmchp_peripheral_32MX795F512L.a(rtcc_set_time_date_lib.o)
 .comment       0x00000000       0x52 c:/program files/microchip/xc32/v1.10/bin/../lib/gcc/pic32mx/4.5.1/../../../../pic32mx/lib\libmchp_peripheral_32MX795F512L.a(rtcc_shutdown_lib.o)
 .comment       0x00000000       0x52 c:/program files/microchip/xc32/v1.10/bin/../lib/gcc/pic32mx/4.5.1/../../../../pic32mx/lib\libmchp_peripheral_32MX795F512L.a(rtcc_open_lib.o)
 .comment       0x00000000       0x52 c:/program files/microchip/xc32/v1.10/bin/../lib/gcc/pic32mx/4.5.1/../../../../pic32mx/lib\libmchp_peripheral_32MX795F512L.a(spi_chn_set_brg_lib.o)
 .comment       0x00000000       0x52 c:/program files/microchip/xc32/v1.10/bin/../lib/gcc/pic32mx/4.5.1/../../../../pic32mx/lib\libmchp_peripheral_32MX795F512L.a(spi_map_tbl_libp.o)
 .comment       0x00000000       0x52 c:/program files/microchip/xc32/v1.10/bin/../lib/gcc/pic32mx/4.5.1/../../../../pic32mx/lib\libmchp_peripheral_32MX795F512L.a(spi_getc_spi2_lib_legacy.o)
 .comment       0x00000000       0x52 c:/program files/microchip/xc32/v1.10/bin/../lib/gcc/pic32mx/4.5.1/../../../../pic32mx/lib\libmchp_peripheral_32MX795F512L.a(spi_open_spi2_lib_legacy.o)
 .comment       0x00000000       0x52 c:/program files/microchip/xc32/v1.10/bin/../lib/gcc/pic32mx/4.5.1/../../../../pic32mx/lib\libmchp_peripheral_32MX795F512L.a(spi_brg_tbl_lib_legacy.o)
 .comment       0x00000000       0x52 c:/program files/microchip/xc32/v1.10/bin/../lib/gcc/pic32mx/4.5.1/../../../../pic32mx/lib\libmchp_peripheral_32MX795F512L.a(port_set_pins_digital_in_lib.o)
 .comment       0x00000000       0x52 c:/program files/microchip/xc32/v1.10/bin/../lib/gcc/pic32mx/4.5.1/../../../../pic32mx/lib\libmchp_peripheral_32MX795F512L.a(_ports_tbl_libp.o)
 .comment       0x00000000       0x52 c:/program files/microchip/xc32/v1.10/bin/../lib/gcc/pic32mx/4.5.1/../../../../pic32mx/lib\libmchp_peripheral_32MX795F512L.a(int_tbl_lib.o)
 .comment       0x00000000       0x52 c:/program files/microchip/xc32/v1.10/bin/../lib/gcc/pic32mx/4.5.1/../../../../pic32mx/lib\libmchp_peripheral_32MX795F512L.a(_rtcc_set_time_and_date_lib.o)
 .comment       0x00000000       0x52 c:/program files/microchip/xc32/v1.10/bin/../lib/gcc/pic32mx/4.5.1/../../../../pic32mx/lib\libmchp_peripheral_32MX795F512L.a(_rtcc_wait_clock_off_lib.o)
 .comment       0x00000000       0x52 c:/program files/microchip/xc32/v1.10/bin/../lib/gcc/pic32mx/4.5.1/../../../../pic32mx/lib\libmchp_peripheral_32MX795F512L.a(read_core_timer_lib.o)
 .comment       0x00000000       0x3d c:/program files/microchip/xc32/v1.10/bin/../lib/gcc/pic32mx/4.5.1\libgcc.a(_udivdi3.o)
 .comment       0x0000008d       0x18 c:/program files/microchip/xc32/v1.10/bin/../lib/gcc/pic32mx/4.5.1/../../../../pic32mx/lib\libpic32.a(memcmp.o)
                                 0x19 (size before relaxing)
 .comment       0x000000a5       0x18 c:/program files/microchip/xc32/v1.10/bin/../lib/gcc/pic32mx/4.5.1/../../../../pic32mx/lib\libpic32.a(memset.o)
                                 0x19 (size before relaxing)
 .comment       0x000000bd       0x55 c:/program files/microchip/xc32/v1.10/bin/../lib/gcc/pic32mx/4.5.1/../../../../pic32mx/lib\libpic32.a(strcmp.o)
                                 0x56 (size before relaxing)
 .comment       0x00000112       0x19 c:/program files/microchip/xc32/v1.10/bin/../lib/gcc/pic32mx/4.5.1/../../../../pic32mx/lib\libpic32.a(strcpy.o)
                                 0x1a (size before relaxing)
 .comment       0x0000012b       0x19 c:/program files/microchip/xc32/v1.10/bin/../lib/gcc/pic32mx/4.5.1/../../../../pic32mx/lib\libpic32.a(strlen.o)
                                 0x1a (size before relaxing)
 .comment       0x00000000       0x3d c:/program files/microchip/xc32/v1.10/bin/../lib/gcc/pic32mx/4.5.1/../../../../pic32mx/lib\libpic32.a(default-bootstrap-exception-handler.o)
 .comment       0x00000000       0x3d c:/program files/microchip/xc32/v1.10/bin/../lib/gcc/pic32mx/4.5.1/../../../../pic32mx/lib\libpic32.a(default-on-reset.o)
 .comment       0x00000000       0x3d c:/program files/microchip/xc32/v1.10/bin/../lib/gcc/pic32mx/4.5.1/../../../../pic32mx/lib\libpic32.a(default-on-bootstrap.o)
 .comment       0x00000000       0x3d c:/program files/microchip/xc32/v1.10/bin/../lib/gcc/pic32mx/4.5.1/../../../../pic32mx/lib\libc.a(atoi.o)
 .comment       0x00000000       0x3d c:/program files/microchip/xc32/v1.10/bin/../lib/gcc/pic32mx/4.5.1/../../../../pic32mx/lib\libc.a(atol.o)
 .comment       0x00000144       0x4e c:/program files/microchip/xc32/v1.10/bin/../lib/gcc/pic32mx/4.5.1/../../../../pic32mx/lib\libc.a(ctype.o)
                                 0x8b (size before relaxing)
 .comment       0x00000000       0x3d c:/program files/microchip/xc32/v1.10/bin/../lib/gcc/pic32mx/4.5.1/../../../../pic32mx/lib\libc.a(malloc.o)
 .comment       0x00000000       0x3d c:/program files/microchip/xc32/v1.10/bin/../lib/gcc/pic32mx/4.5.1/../../../../pic32mx/lib\libc.a(strchr.o)
 .comment       0x00000000       0x3d c:/program files/microchip/xc32/v1.10/bin/../lib/gcc/pic32mx/4.5.1/../../../../pic32mx/lib\libc.a(sprintf_cdnopsuxX.eo)
 .comment       0x00000000       0x3d c:/program files/microchip/xc32/v1.10/bin/../lib/gcc/pic32mx/4.5.1/../../../../pic32mx/lib\libc.a(doprnt_cdnopsuxX.eo)
 .comment       0x00000000       0x3d c:/program files/microchip/xc32/v1.10/bin/../lib/gcc/pic32mx/4.5.1/../../../../pic32mx/lib\libc.a(_fputc_simple.o)
 .comment       0x00000000       0x3d c:/program files/microchip/xc32/v1.10/bin/../lib/gcc/pic32mx/4.5.1/../../../../pic32mx/lib\libc.a(_iob.o)
 .comment       0x00000000       0x3d c:/program files/microchip/xc32/v1.10/bin/../lib/gcc/pic32mx/4.5.1/../../../../pic32mx/lib\libc.a(_flsbuf_simple.o)
 .comment       0x00000192       0x4b c:/program files/microchip/xc32/v1.10/bin/../lib/gcc/pic32mx/4.5.1/../../../../pic32mx/lib\libpic32.a(sbrk.o)
                                 0x88 (size before relaxing)
 .comment       0x00000000       0x3d c:/program files/microchip/xc32/v1.10/bin/../lib/gcc/pic32mx/4.5.1/../../../../pic32mx/lib\libpic32.a(write.o)
 .comment       0x00000000       0x3d c:/program files/microchip/xc32/v1.10/bin/../lib/gcc/pic32mx/4.5.1/../../../../pic32mx/lib\libpic32.a(errno.o)
 .comment       0x00000000       0x3d c:/program files/microchip/xc32/v1.10/bin/../lib/gcc/pic32mx/4.5.1/../../../../pic32mx/lib\libpic32.a(_mon_putc.o)
 .comment       0x00000000       0x3d c:/program files/microchip/xc32/v1.10/bin/../lib/gcc/pic32mx/4.5.1/../../../../pic32mx/lib\libpic32.a(xc32_uart.o)
 .comment       0x00000000       0x3d c:/program files/microchip/xc32/v1.10/bin/../lib/gcc/pic32mx/4.5.1\libgcc.a(_umoddi3.o)

.debug
 *(.debug)

.line
 *(.line)

.debug_srcinfo
 *(.debug_srcinfo)

.debug_sfnames
 *(.debug_sfnames)

.debug_aranges  0x00000000      0xa80
 *(.debug_aranges)
 .debug_aranges
                0x00000000       0x20 build/default/production/_ext/1360919890/app.o
 .debug_aranges
                0x00000020       0x20 build/default/production/_ext/2048433900/simpledelay.o
 .debug_aranges
                0x00000040       0x20 build/default/production/_ext/733900163/CustomHTTPApp.o
 .debug_aranges
                0x00000060       0x20 build/default/production/_ext/66509721/rtcc_helper.o
 .debug_aranges
                0x00000080       0x20 build/default/production/_ext/1410781165/diskio.o
 .debug_aranges
                0x000000a0       0x20 build/default/production/_ext/1410781165/fatfs_mmc_spi.o
 .debug_aranges
                0x000000c0       0x20 build/default/production/_ext/1410781165/ff.o
 .debug_aranges
                0x000000e0       0x20 build/default/production/_ext/1410781165/sdcard.o
 .debug_aranges
                0x00000100       0x20 build/default/production/_ext/1410781165/sdcard_helper.o
 .debug_aranges
                0x00000120       0x20 build/default/production/_ext/1410781165/ccsbcs.o
 .debug_aranges
                0x00000140       0x20 build/default/production/_ext/1985307369/WF_Eint.o
 .debug_aranges
                0x00000160       0x20 build/default/production/_ext/1985307369/WF_Spi.o
 .debug_aranges
                0x00000180       0x20 build/default/production/_ext/1985307369/WFConnectionAlgorithm.o
 .debug_aranges
                0x000001a0       0x20 build/default/production/_ext/1985307369/WFConnectionManager.o
 .debug_aranges
                0x000001c0       0x20 build/default/production/_ext/1985307369/WFConnectionProfile.o
 .debug_aranges
                0x000001e0       0x20 build/default/production/_ext/1985307369/WFDriverCom.o
 .debug_aranges
                0x00000200       0x20 build/default/production/_ext/1985307369/WFDriverRaw.o
 .debug_aranges
                0x00000220       0x20 build/default/production/_ext/1985307369/WFEasyConfig.o
 .debug_aranges
                0x00000240       0x20 build/default/production/_ext/1985307369/WFEventHandler.o
 .debug_aranges
                0x00000260       0x20 build/default/production/_ext/1985307369/WFInit.o
 .debug_aranges
                0x00000280       0x20 build/default/production/_ext/1985307369/WFMac.o
 .debug_aranges
                0x000002a0       0x20 build/default/production/_ext/1985307369/WFMgmtMsg.o
 .debug_aranges
                0x000002c0       0x20 build/default/production/_ext/1985307369/WFParamMsg.o
 .debug_aranges
                0x000002e0       0x20 build/default/production/_ext/1985307369/WFPowerSave.o
 .debug_aranges
                0x00000300       0x20 build/default/production/_ext/1985307369/WFScan.o
 .debug_aranges
                0x00000320       0x20 build/default/production/_ext/1985307369/WFTxPower.o
 .debug_aranges
                0x00000340       0x20 build/default/production/_ext/1447902105/Announce.o
 .debug_aranges
                0x00000360       0x20 build/default/production/_ext/1447902105/ARP.o
 .debug_aranges
                0x00000380       0x20 build/default/production/_ext/1447902105/DHCP.o
 .debug_aranges
                0x000003a0       0x20 build/default/production/_ext/1447902105/DHCPs.o
 .debug_aranges
                0x000003c0       0x20 build/default/production/_ext/1447902105/DNS.o
 .debug_aranges
                0x000003e0       0x20 build/default/production/_ext/1447902105/DNSs.o
 .debug_aranges
                0x00000400       0x20 build/default/production/_ext/1447902105/Helpers.o
 .debug_aranges
                0x00000420       0x20 build/default/production/_ext/1447902105/ICMP.o
 .debug_aranges
                0x00000440       0x20 build/default/production/_ext/1447902105/IP.o
 .debug_aranges
                0x00000460       0x20 build/default/production/_ext/1447902105/NBNS.o
 .debug_aranges
                0x00000480       0x20 build/default/production/_ext/1447902105/StackTsk.o
 .debug_aranges
                0x000004a0       0x20 build/default/production/_ext/1447902105/TCP.o
 .debug_aranges
                0x000004c0       0x20 build/default/production/_ext/1447902105/Tick.o
 .debug_aranges
                0x000004e0       0x20 build/default/production/_ext/1447902105/UDP.o
 .debug_aranges
                0x00000500       0x20 build/default/production/_ext/2063154737/tcpip.o
 .debug_aranges
                0x00000520       0x20 build/default/production/_ext/2063154737/WF_Config.o
 .debug_aranges
                0x00000540       0x20 build/default/production/_ext/252269054/serial_usb.o
 .debug_aranges
                0x00000560       0x20 build/default/production/_ext/252269054/usb_device.o
 .debug_aranges
                0x00000580       0x20 build/default/production/_ext/252269054/usb_function_cdc.o
 .debug_aranges
                0x000005a0       0x20 build/default/production/_ext/1447902105/HTTP2_FATFS.o
 .debug_aranges
                0x000005c0       0x20 c:/program files/microchip/xc32/v1.10/bin/../lib/gcc/pic32mx/4.5.1/../../../../pic32mx/lib\libmchp_peripheral_32MX795F512L.a(open_core_timer_lib.o)
 .debug_aranges
                0x000005e0       0x28 c:/program files/microchip/xc32/v1.10/bin/../lib/gcc/pic32mx/4.5.1/../../../../pic32mx/lib\libmchp_peripheral_32MX795F512L.a(pcache.o)
 .debug_aranges
                0x00000608       0x20 c:/program files/microchip/xc32/v1.10/bin/../lib/gcc/pic32mx/4.5.1/../../../../pic32mx/lib\libmchp_peripheral_32MX795F512L.a(int_enable_interrupts_lib.o)
 .debug_aranges
                0x00000628       0x20 c:/program files/microchip/xc32/v1.10/bin/../lib/gcc/pic32mx/4.5.1/../../../../pic32mx/lib\libmchp_peripheral_32MX795F512L.a(int_disable_interrupts_lib.o)
 .debug_aranges
                0x00000648       0x20 c:/program files/microchip/xc32/v1.10/bin/../lib/gcc/pic32mx/4.5.1/../../../../pic32mx/lib\libmchp_peripheral_32MX795F512L.a(int_restore_interrupts_lib.o)
 .debug_aranges
                0x00000668       0x20 c:/program files/microchip/xc32/v1.10/bin/../lib/gcc/pic32mx/4.5.1/../../../../pic32mx/lib\libmchp_peripheral_32MX795F512L.a(int_enable_mv_int_lib.o)
 .debug_aranges
                0x00000688       0x20 c:/program files/microchip/xc32/v1.10/bin/../lib/gcc/pic32mx/4.5.1/../../../../pic32mx/lib\libmchp_peripheral_32MX795F512L.a(rtcc_init_lib.o)
 .debug_aranges
                0x000006a8       0x20 c:/program files/microchip/xc32/v1.10/bin/../lib/gcc/pic32mx/4.5.1/../../../../pic32mx/lib\libmchp_peripheral_32MX795F512L.a(rtcc_set_time_date_lib.o)
 .debug_aranges
                0x000006c8       0x20 c:/program files/microchip/xc32/v1.10/bin/../lib/gcc/pic32mx/4.5.1/../../../../pic32mx/lib\libmchp_peripheral_32MX795F512L.a(rtcc_shutdown_lib.o)
 .debug_aranges
                0x000006e8       0x20 c:/program files/microchip/xc32/v1.10/bin/../lib/gcc/pic32mx/4.5.1/../../../../pic32mx/lib\libmchp_peripheral_32MX795F512L.a(rtcc_open_lib.o)
 .debug_aranges
                0x00000708       0x20 c:/program files/microchip/xc32/v1.10/bin/../lib/gcc/pic32mx/4.5.1/../../../../pic32mx/lib\libmchp_peripheral_32MX795F512L.a(spi_chn_set_brg_lib.o)
 .debug_aranges
                0x00000728       0x20 c:/program files/microchip/xc32/v1.10/bin/../lib/gcc/pic32mx/4.5.1/../../../../pic32mx/lib\libmchp_peripheral_32MX795F512L.a(spi_getc_spi2_lib_legacy.o)
 .debug_aranges
                0x00000748       0x20 c:/program files/microchip/xc32/v1.10/bin/../lib/gcc/pic32mx/4.5.1/../../../../pic32mx/lib\libmchp_peripheral_32MX795F512L.a(spi_open_spi2_lib_legacy.o)
 .debug_aranges
                0x00000768       0x20 c:/program files/microchip/xc32/v1.10/bin/../lib/gcc/pic32mx/4.5.1/../../../../pic32mx/lib\libmchp_peripheral_32MX795F512L.a(port_set_pins_digital_in_lib.o)
 .debug_aranges
                0x00000788       0x60 c:/program files/microchip/xc32/v1.10/bin/../lib/gcc/pic32mx/4.5.1/../../../../pic32mx/lib\libmchp_peripheral_32MX795F512L.a(int_tbl_lib.o)
 .debug_aranges
                0x000007e8       0x20 c:/program files/microchip/xc32/v1.10/bin/../lib/gcc/pic32mx/4.5.1/../../../../pic32mx/lib\libmchp_peripheral_32MX795F512L.a(_rtcc_set_time_and_date_lib.o)
 .debug_aranges
                0x00000808       0x28 c:/program files/microchip/xc32/v1.10/bin/../lib/gcc/pic32mx/4.5.1/../../../../pic32mx/lib\libmchp_peripheral_32MX795F512L.a(_rtcc_wait_clock_off_lib.o)
 .debug_aranges
                0x00000830       0x20 c:/program files/microchip/xc32/v1.10/bin/../lib/gcc/pic32mx/4.5.1/../../../../pic32mx/lib\libmchp_peripheral_32MX795F512L.a(read_core_timer_lib.o)
 .debug_aranges
                0x00000850       0x20 c:/program files/microchip/xc32/v1.10/bin/../lib/gcc/pic32mx/4.5.1\libgcc.a(_udivdi3.o)
 .debug_aranges
                0x00000870       0x20 c:/program files/microchip/xc32/v1.10/bin/../lib/gcc/pic32mx/4.5.1/../../../../pic32mx/lib\libpic32.a(default-bootstrap-exception-handler.o)
 .debug_aranges
                0x00000890       0x20 c:/program files/microchip/xc32/v1.10/bin/../lib/gcc/pic32mx/4.5.1/../../../../pic32mx/lib\libpic32.a(default-on-reset.o)
 .debug_aranges
                0x000008b0       0x20 c:/program files/microchip/xc32/v1.10/bin/../lib/gcc/pic32mx/4.5.1/../../../../pic32mx/lib\libpic32.a(default-on-bootstrap.o)
 .debug_aranges
                0x000008d0       0x20 c:/program files/microchip/xc32/v1.10/bin/../lib/gcc/pic32mx/4.5.1/../../../../pic32mx/lib\libc.a(atoi.o)
 .debug_aranges
                0x000008f0       0x20 c:/program files/microchip/xc32/v1.10/bin/../lib/gcc/pic32mx/4.5.1/../../../../pic32mx/lib\libc.a(atol.o)
 .debug_aranges
                0x00000910       0x30 c:/program files/microchip/xc32/v1.10/bin/../lib/gcc/pic32mx/4.5.1/../../../../pic32mx/lib\libc.a(malloc.o)
 .debug_aranges
                0x00000940       0x20 c:/program files/microchip/xc32/v1.10/bin/../lib/gcc/pic32mx/4.5.1/../../../../pic32mx/lib\libc.a(strchr.o)
 .debug_aranges
                0x00000960       0x20 c:/program files/microchip/xc32/v1.10/bin/../lib/gcc/pic32mx/4.5.1/../../../../pic32mx/lib\libc.a(sprintf_cdnopsuxX.eo)
 .debug_aranges
                0x00000980       0x20 c:/program files/microchip/xc32/v1.10/bin/../lib/gcc/pic32mx/4.5.1/../../../../pic32mx/lib\libc.a(doprnt_cdnopsuxX.eo)
 .debug_aranges
                0x000009a0       0x20 c:/program files/microchip/xc32/v1.10/bin/../lib/gcc/pic32mx/4.5.1/../../../../pic32mx/lib\libc.a(_fputc_simple.o)
 .debug_aranges
                0x000009c0       0x20 c:/program files/microchip/xc32/v1.10/bin/../lib/gcc/pic32mx/4.5.1/../../../../pic32mx/lib\libc.a(_flsbuf_simple.o)
 .debug_aranges
                0x000009e0       0x40 c:/program files/microchip/xc32/v1.10/bin/../lib/gcc/pic32mx/4.5.1/../../../../pic32mx/lib\libpic32.a(sbrk.o)
 .debug_aranges
                0x00000a20       0x20 c:/program files/microchip/xc32/v1.10/bin/../lib/gcc/pic32mx/4.5.1/../../../../pic32mx/lib\libpic32.a(write.o)
 .debug_aranges
                0x00000a40       0x20 c:/program files/microchip/xc32/v1.10/bin/../lib/gcc/pic32mx/4.5.1/../../../../pic32mx/lib\libpic32.a(_mon_putc.o)
 .debug_aranges
                0x00000a60       0x20 c:/program files/microchip/xc32/v1.10/bin/../lib/gcc/pic32mx/4.5.1\libgcc.a(_umoddi3.o)

.debug_pubnames
                0x00000000     0x2f47
 *(.debug_pubnames)
 .debug_pubnames
                0x00000000       0x7a build/default/production/_ext/1360919890/app.o
 .debug_pubnames
                0x0000007a       0x2c build/default/production/_ext/2048433900/simpledelay.o
 .debug_pubnames
                0x000000a6       0x5b build/default/production/_ext/733900163/CustomHTTPApp.o
 .debug_pubnames
                0x00000101      0x169 build/default/production/_ext/66509721/rtcc_helper.o
 .debug_pubnames
                0x0000026a      0x18e build/default/production/_ext/1410781165/diskio.o
 .debug_pubnames
                0x000003f8       0xb2 build/default/production/_ext/1410781165/fatfs_mmc_spi.o
 .debug_pubnames
                0x000004aa       0xc1 build/default/production/_ext/1410781165/ff.o
 .debug_pubnames
                0x0000056b       0xcd build/default/production/_ext/1410781165/sdcard.o
 .debug_pubnames
                0x00000638      0x114 build/default/production/_ext/1410781165/sdcard_helper.o
 .debug_pubnames
                0x0000074c       0x31 build/default/production/_ext/1410781165/ccsbcs.o
 .debug_pubnames
                0x0000077d       0x83 build/default/production/_ext/1985307369/WF_Eint.o
 .debug_pubnames
                0x00000800       0x66 build/default/production/_ext/1985307369/WF_Spi.o
 .debug_pubnames
                0x00000866      0x339 build/default/production/_ext/1985307369/WFConnectionAlgorithm.o
 .debug_pubnames
                0x00000b9f       0xbc build/default/production/_ext/1985307369/WFConnectionManager.o
 .debug_pubnames
                0x00000c5b      0x1d6 build/default/production/_ext/1985307369/WFConnectionProfile.o
 .debug_pubnames
                0x00000e31      0x191 build/default/production/_ext/1985307369/WFDriverCom.o
 .debug_pubnames
                0x00000fc2      0x1c8 build/default/production/_ext/1985307369/WFDriverRaw.o
 .debug_pubnames
                0x0000118a       0xac build/default/production/_ext/1985307369/WFEasyConfig.o
 .debug_pubnames
                0x00001236       0x2f build/default/production/_ext/1985307369/WFEventHandler.o
 .debug_pubnames
                0x00001265       0x3a build/default/production/_ext/1985307369/WFInit.o
 .debug_pubnames
                0x0000129f      0x228 build/default/production/_ext/1985307369/WFMac.o
 .debug_pubnames
                0x000014c7       0xce build/default/production/_ext/1985307369/WFMgmtMsg.o
 .debug_pubnames
                0x00001595      0x1c5 build/default/production/_ext/1985307369/WFParamMsg.o
 .debug_pubnames
                0x0000175a      0x13d build/default/production/_ext/1985307369/WFPowerSave.o
 .debug_pubnames
                0x00001897       0x33 build/default/production/_ext/1985307369/WFScan.o
 .debug_pubnames
                0x000018ca       0x7b build/default/production/_ext/1985307369/WFTxPower.o
 .debug_pubnames
                0x00001945       0x33 build/default/production/_ext/1447902105/Announce.o
 .debug_pubnames
                0x00001978       0x60 build/default/production/_ext/1447902105/ARP.o
 .debug_pubnames
                0x000019d8       0xb9 build/default/production/_ext/1447902105/DHCP.o
 .debug_pubnames
                0x00001a91       0x3c build/default/production/_ext/1447902105/DHCPs.o
 .debug_pubnames
                0x00001acd       0x55 build/default/production/_ext/1447902105/DNS.o
 .debug_pubnames
                0x00001b22       0x24 build/default/production/_ext/1447902105/DNSs.o
 .debug_pubnames
                0x00001b46      0x115 build/default/production/_ext/1447902105/Helpers.o
 .debug_pubnames
                0x00001c5b       0x7f build/default/production/_ext/1447902105/ICMP.o
 .debug_pubnames
                0x00001cda       0x44 build/default/production/_ext/1447902105/IP.o
 .debug_pubnames
                0x00001d1e       0x1f build/default/production/_ext/1447902105/NBNS.o
 .debug_pubnames
                0x00001d3d       0x71 build/default/production/_ext/1447902105/StackTsk.o
 .debug_pubnames
                0x00001dae      0x1ba build/default/production/_ext/1447902105/TCP.o
 .debug_pubnames
                0x00001f68       0x7e build/default/production/_ext/1447902105/Tick.o
 .debug_pubnames
                0x00001fe6      0x155 build/default/production/_ext/1447902105/UDP.o
 .debug_pubnames
                0x0000213b       0x93 build/default/production/_ext/2063154737/tcpip.o
 .debug_pubnames
                0x000021ce       0x26 build/default/production/_ext/2063154737/WF_Config.o
 .debug_pubnames
                0x000021f4      0x17b build/default/production/_ext/252269054/serial_usb.o
 .debug_pubnames
                0x0000236f       0x73 build/default/production/_ext/252269054/usb_descriptors.o
 .debug_pubnames
                0x000023e2      0x312 build/default/production/_ext/252269054/usb_device.o
 .debug_pubnames
                0x000026f4      0x1b2 build/default/production/_ext/252269054/usb_function_cdc.o
 .debug_pubnames
                0x000028a6       0xc2 build/default/production/_ext/1447902105/HTTP2_FATFS.o
 .debug_pubnames
                0x00002968       0x24 c:/program files/microchip/xc32/v1.10/bin/../lib/gcc/pic32mx/4.5.1/../../../../pic32mx/lib\libmchp_peripheral_32MX795F512L.a(open_core_timer_lib.o)
 .debug_pubnames
                0x0000298c       0x3b c:/program files/microchip/xc32/v1.10/bin/../lib/gcc/pic32mx/4.5.1/../../../../pic32mx/lib\libmchp_peripheral_32MX795F512L.a(pcache.o)
 .debug_pubnames
                0x000029c7       0x2a c:/program files/microchip/xc32/v1.10/bin/../lib/gcc/pic32mx/4.5.1/../../../../pic32mx/lib\libmchp_peripheral_32MX795F512L.a(int_enable_interrupts_lib.o)
 .debug_pubnames
                0x000029f1       0x2b c:/program files/microchip/xc32/v1.10/bin/../lib/gcc/pic32mx/4.5.1/../../../../pic32mx/lib\libmchp_peripheral_32MX795F512L.a(int_disable_interrupts_lib.o)
 .debug_pubnames
                0x00002a1c       0x2b c:/program files/microchip/xc32/v1.10/bin/../lib/gcc/pic32mx/4.5.1/../../../../pic32mx/lib\libmchp_peripheral_32MX795F512L.a(int_restore_interrupts_lib.o)
 .debug_pubnames
                0x00002a47       0x36 c:/program files/microchip/xc32/v1.10/bin/../lib/gcc/pic32mx/4.5.1/../../../../pic32mx/lib\libmchp_peripheral_32MX795F512L.a(int_enable_mv_int_lib.o)
 .debug_pubnames
                0x00002a7d       0x1f c:/program files/microchip/xc32/v1.10/bin/../lib/gcc/pic32mx/4.5.1/../../../../pic32mx/lib\libmchp_peripheral_32MX795F512L.a(rtcc_init_lib.o)
 .debug_pubnames
                0x00002a9c       0x26 c:/program files/microchip/xc32/v1.10/bin/../lib/gcc/pic32mx/4.5.1/../../../../pic32mx/lib\libmchp_peripheral_32MX795F512L.a(rtcc_set_time_date_lib.o)
 .debug_pubnames
                0x00002ac2       0x23 c:/program files/microchip/xc32/v1.10/bin/../lib/gcc/pic32mx/4.5.1/../../../../pic32mx/lib\libmchp_peripheral_32MX795F512L.a(rtcc_shutdown_lib.o)
 .debug_pubnames
                0x00002ae5       0x1f c:/program files/microchip/xc32/v1.10/bin/../lib/gcc/pic32mx/4.5.1/../../../../pic32mx/lib\libmchp_peripheral_32MX795F512L.a(rtcc_open_lib.o)
 .debug_pubnames
                0x00002b04       0x23 c:/program files/microchip/xc32/v1.10/bin/../lib/gcc/pic32mx/4.5.1/../../../../pic32mx/lib\libmchp_peripheral_32MX795F512L.a(spi_chn_set_brg_lib.o)
 .debug_pubnames
                0x00002b27       0x1f c:/program files/microchip/xc32/v1.10/bin/../lib/gcc/pic32mx/4.5.1/../../../../pic32mx/lib\libmchp_peripheral_32MX795F512L.a(spi_getc_spi2_lib_legacy.o)
 .debug_pubnames
                0x00002b46       0x1f c:/program files/microchip/xc32/v1.10/bin/../lib/gcc/pic32mx/4.5.1/../../../../pic32mx/lib\libmchp_peripheral_32MX795F512L.a(spi_open_spi2_lib_legacy.o)
 .debug_pubnames
                0x00002b65       0x2b c:/program files/microchip/xc32/v1.10/bin/../lib/gcc/pic32mx/4.5.1/../../../../pic32mx/lib\libmchp_peripheral_32MX795F512L.a(port_set_pins_digital_in_lib.o)
 .debug_pubnames
                0x00002b90       0xca c:/program files/microchip/xc32/v1.10/bin/../lib/gcc/pic32mx/4.5.1/../../../../pic32mx/lib\libmchp_peripheral_32MX795F512L.a(int_tbl_lib.o)
 .debug_pubnames
                0x00002c5a       0x2a c:/program files/microchip/xc32/v1.10/bin/../lib/gcc/pic32mx/4.5.1/../../../../pic32mx/lib\libmchp_peripheral_32MX795F512L.a(_rtcc_set_time_and_date_lib.o)
 .debug_pubnames
                0x00002c84       0x3e c:/program files/microchip/xc32/v1.10/bin/../lib/gcc/pic32mx/4.5.1/../../../../pic32mx/lib\libmchp_peripheral_32MX795F512L.a(_rtcc_wait_clock_off_lib.o)
 .debug_pubnames
                0x00002cc2       0x24 c:/program files/microchip/xc32/v1.10/bin/../lib/gcc/pic32mx/4.5.1/../../../../pic32mx/lib\libmchp_peripheral_32MX795F512L.a(read_core_timer_lib.o)
 .debug_pubnames
                0x00002ce6       0x20 c:/program files/microchip/xc32/v1.10/bin/../lib/gcc/pic32mx/4.5.1\libgcc.a(_udivdi3.o)
 .debug_pubnames
                0x00002d06       0x33 c:/program files/microchip/xc32/v1.10/bin/../lib/gcc/pic32mx/4.5.1/../../../../pic32mx/lib\libpic32.a(default-bootstrap-exception-handler.o)
 .debug_pubnames
                0x00002d39       0x20 c:/program files/microchip/xc32/v1.10/bin/../lib/gcc/pic32mx/4.5.1/../../../../pic32mx/lib\libpic32.a(default-on-reset.o)
 .debug_pubnames
                0x00002d59       0x24 c:/program files/microchip/xc32/v1.10/bin/../lib/gcc/pic32mx/4.5.1/../../../../pic32mx/lib\libpic32.a(default-on-bootstrap.o)
 .debug_pubnames
                0x00002d7d       0x1b c:/program files/microchip/xc32/v1.10/bin/../lib/gcc/pic32mx/4.5.1/../../../../pic32mx/lib\libc.a(atoi.o)
 .debug_pubnames
                0x00002d98       0x1b c:/program files/microchip/xc32/v1.10/bin/../lib/gcc/pic32mx/4.5.1/../../../../pic32mx/lib\libc.a(atol.o)
 .debug_pubnames
                0x00002db3       0x32 c:/program files/microchip/xc32/v1.10/bin/../lib/gcc/pic32mx/4.5.1/../../../../pic32mx/lib\libc.a(malloc.o)
 .debug_pubnames
                0x00002de5       0x1d c:/program files/microchip/xc32/v1.10/bin/../lib/gcc/pic32mx/4.5.1/../../../../pic32mx/lib\libc.a(strchr.o)
 .debug_pubnames
                0x00002e02       0x29 c:/program files/microchip/xc32/v1.10/bin/../lib/gcc/pic32mx/4.5.1/../../../../pic32mx/lib\libc.a(sprintf_cdnopsuxX.eo)
 .debug_pubnames
                0x00002e2b       0x2a c:/program files/microchip/xc32/v1.10/bin/../lib/gcc/pic32mx/4.5.1/../../../../pic32mx/lib\libc.a(doprnt_cdnopsuxX.eo)
 .debug_pubnames
                0x00002e55       0x1c c:/program files/microchip/xc32/v1.10/bin/../lib/gcc/pic32mx/4.5.1/../../../../pic32mx/lib\libc.a(_fputc_simple.o)
 .debug_pubnames
                0x00002e71       0x1e c:/program files/microchip/xc32/v1.10/bin/../lib/gcc/pic32mx/4.5.1/../../../../pic32mx/lib\libc.a(_flsbuf_simple.o)
 .debug_pubnames
                0x00002e8f       0x5c c:/program files/microchip/xc32/v1.10/bin/../lib/gcc/pic32mx/4.5.1/../../../../pic32mx/lib\libpic32.a(sbrk.o)
 .debug_pubnames
                0x00002eeb       0x1c c:/program files/microchip/xc32/v1.10/bin/../lib/gcc/pic32mx/4.5.1/../../../../pic32mx/lib\libpic32.a(write.o)
 .debug_pubnames
                0x00002f07       0x20 c:/program files/microchip/xc32/v1.10/bin/../lib/gcc/pic32mx/4.5.1/../../../../pic32mx/lib\libpic32.a(_mon_putc.o)
 .debug_pubnames
                0x00002f27       0x20 c:/program files/microchip/xc32/v1.10/bin/../lib/gcc/pic32mx/4.5.1\libgcc.a(_umoddi3.o)

.debug_info     0x00000000    0x67765
 *(.debug_info .gnu.linkonce.wi.*)
 .debug_info    0x00000000     0x1f2a build/default/production/_ext/1360919890/app.o
 .debug_info    0x00001f2a     0x11ec build/default/production/_ext/2048433900/simpledelay.o
 .debug_info    0x00003116     0x2246 build/default/production/_ext/733900163/CustomHTTPApp.o
 .debug_info    0x0000535c     0x1a29 build/default/production/_ext/66509721/rtcc_helper.o
 .debug_info    0x00006d85     0x1784 build/default/production/_ext/1410781165/diskio.o
 .debug_info    0x00008509     0x4268 build/default/production/_ext/1410781165/fatfs_mmc_spi.o
 .debug_info    0x0000c771     0x1b1f build/default/production/_ext/1410781165/ff.o
 .debug_info    0x0000e290     0x1999 build/default/production/_ext/1410781165/sdcard.o
 .debug_info    0x0000fc29     0x1c22 build/default/production/_ext/1410781165/sdcard_helper.o
 .debug_info    0x0001184b      0x270 build/default/production/_ext/1410781165/ccsbcs.o
 .debug_info    0x00011abb     0x2029 build/default/production/_ext/1985307369/WF_Eint.o
 .debug_info    0x00013ae4     0x19aa build/default/production/_ext/1985307369/WF_Spi.o
 .debug_info    0x0001548e     0x22c7 build/default/production/_ext/1985307369/WFConnectionAlgorithm.o
 .debug_info    0x00017755     0x1c20 build/default/production/_ext/1985307369/WFConnectionManager.o
 .debug_info    0x00019375     0x2092 build/default/production/_ext/1985307369/WFConnectionProfile.o
 .debug_info    0x0001b407     0x116a build/default/production/_ext/1985307369/WFConsole.o
 .debug_info    0x0001c571     0x1172 build/default/production/_ext/1985307369/WFConsoleIfconfig.o
 .debug_info    0x0001d6e3     0x1172 build/default/production/_ext/1985307369/WFConsoleIwconfig.o
 .debug_info    0x0001e855     0x1170 build/default/production/_ext/1985307369/WFConsoleIwpriv.o
 .debug_info    0x0001f9c5     0x1174 build/default/production/_ext/1985307369/WFConsoleMsgHandler.o
 .debug_info    0x00020b39     0x116e build/default/production/_ext/1985307369/WFConsoleMsgs.o
 .debug_info    0x00021ca7     0x116b build/default/production/_ext/1985307369/WFDataTxRx.o
 .debug_info    0x00022e12     0x24af build/default/production/_ext/1985307369/WFDriverCom.o
 .debug_info    0x000252c1     0x1a6a build/default/production/_ext/1985307369/WFDriverRaw.o
 .debug_info    0x00026d2b     0x17df build/default/production/_ext/1985307369/WFEasyConfig.o
 .debug_info    0x0002850a     0x14a3 build/default/production/_ext/1985307369/WFEventHandler.o
 .debug_info    0x000299ad     0x1ae0 build/default/production/_ext/1985307369/WFInit.o
 .debug_info    0x0002b48d     0x1efc build/default/production/_ext/1985307369/WFMac.o
 .debug_info    0x0002d389     0x15dc build/default/production/_ext/1985307369/WFMgmtMsg.o
 .debug_info    0x0002e965     0x2113 build/default/production/_ext/1985307369/WFParamMsg.o
 .debug_info    0x00030a78     0x1d47 build/default/production/_ext/1985307369/WFPowerSave.o
 .debug_info    0x000327bf     0x1723 build/default/production/_ext/1985307369/WFScan.o
 .debug_info    0x00033ee2     0x1703 build/default/production/_ext/1985307369/WFTxPower.o
 .debug_info    0x000355e5     0x1bf2 build/default/production/_ext/1447902105/Announce.o
 .debug_info    0x000371d7     0x1c5b build/default/production/_ext/1447902105/ARP.o
 .debug_info    0x00038e32     0x1162 build/default/production/_ext/1447902105/AutoIP.o
 .debug_info    0x00039f94     0x1162 build/default/production/_ext/1447902105/BigInt.o
 .debug_info    0x0003b0f6     0x2256 build/default/production/_ext/1447902105/DHCP.o
 .debug_info    0x0003d34c     0x1ee7 build/default/production/_ext/1447902105/DHCPs.o
 .debug_info    0x0003f233     0x1eed build/default/production/_ext/1447902105/DNS.o
 .debug_info    0x00041120     0x19ff build/default/production/_ext/1447902105/DNSs.o
 .debug_info    0x00042b1f     0x116a build/default/production/_ext/1447902105/ETHPIC32ExtPhy.o
 .debug_info    0x00043c89     0x116a build/default/production/_ext/1447902105/ETHPIC32IntMac.o
 .debug_info    0x00044df3     0x251d build/default/production/_ext/1447902105/Helpers.o
 .debug_info    0x00047310     0x1b9a build/default/production/_ext/1447902105/ICMP.o
 .debug_info    0x00048eaa     0x1ce8 build/default/production/_ext/1447902105/IP.o
 .debug_info    0x0004ab92     0x1d29 build/default/production/_ext/1447902105/NBNS.o
 .debug_info    0x0004c8bb     0x1b6b build/default/production/_ext/1447902105/StackTsk.o
 .debug_info    0x0004e426     0x3327 build/default/production/_ext/1447902105/TCP.o
 .debug_info    0x0005174d     0x1b93 build/default/production/_ext/1447902105/Tick.o
 .debug_info    0x000532e0     0x22fe build/default/production/_ext/1447902105/UDP.o
 .debug_info    0x000555de     0x1ff9 build/default/production/_ext/2063154737/tcpip.o
 .debug_info    0x000575d7     0x1471 build/default/production/_ext/2063154737/WF_Config.o
 .debug_info    0x00058a48     0x241e build/default/production/_ext/252269054/serial_usb.o
 .debug_info    0x0005ae66     0x17e7 build/default/production/_ext/252269054/usb_descriptors.o
 .debug_info    0x0005c64d     0x4207 build/default/production/_ext/252269054/usb_device.o
 .debug_info    0x00060854     0x2964 build/default/production/_ext/252269054/usb_function_cdc.o
 .debug_info    0x000631b8     0x1bff build/default/production/_ext/1447902105/HTTP2_FATFS.o
 .debug_info    0x00064db7       0xbf c:/program files/microchip/xc32/v1.10/bin/../lib/gcc/pic32mx/4.5.1/../../../../pic32mx/lib\libmchp_peripheral_32MX795F512L.a(open_core_timer_lib.o)
 .debug_info    0x00064e76       0xd4 c:/program files/microchip/xc32/v1.10/bin/../lib/gcc/pic32mx/4.5.1/../../../../pic32mx/lib\libmchp_peripheral_32MX795F512L.a(pcache.o)
 .debug_info    0x00064f4a       0xc9 c:/program files/microchip/xc32/v1.10/bin/../lib/gcc/pic32mx/4.5.1/../../../../pic32mx/lib\libmchp_peripheral_32MX795F512L.a(int_enable_interrupts_lib.o)
 .debug_info    0x00065013       0xcb c:/program files/microchip/xc32/v1.10/bin/../lib/gcc/pic32mx/4.5.1/../../../../pic32mx/lib\libmchp_peripheral_32MX795F512L.a(int_disable_interrupts_lib.o)
 .debug_info    0x000650de       0xcb c:/program files/microchip/xc32/v1.10/bin/../lib/gcc/pic32mx/4.5.1/../../../../pic32mx/lib\libmchp_peripheral_32MX795F512L.a(int_restore_interrupts_lib.o)
 .debug_info    0x000651a9       0xd1 c:/program files/microchip/xc32/v1.10/bin/../lib/gcc/pic32mx/4.5.1/../../../../pic32mx/lib\libmchp_peripheral_32MX795F512L.a(int_enable_mv_int_lib.o)
 .debug_info    0x0006527a      0x121 c:/program files/microchip/xc32/v1.10/bin/../lib/gcc/pic32mx/4.5.1/../../../../pic32mx/lib\libmchp_peripheral_32MX795F512L.a(rtcc_init_lib.o)
 .debug_info    0x0006539b       0xc3 c:/program files/microchip/xc32/v1.10/bin/../lib/gcc/pic32mx/4.5.1/../../../../pic32mx/lib\libmchp_peripheral_32MX795F512L.a(rtcc_set_time_date_lib.o)
 .debug_info    0x0006545e      0x114 c:/program files/microchip/xc32/v1.10/bin/../lib/gcc/pic32mx/4.5.1/../../../../pic32mx/lib\libmchp_peripheral_32MX795F512L.a(rtcc_shutdown_lib.o)
 .debug_info    0x00065572      0x121 c:/program files/microchip/xc32/v1.10/bin/../lib/gcc/pic32mx/4.5.1/../../../../pic32mx/lib\libmchp_peripheral_32MX795F512L.a(rtcc_open_lib.o)
 .debug_info    0x00065693       0xbc c:/program files/microchip/xc32/v1.10/bin/../lib/gcc/pic32mx/4.5.1/../../../../pic32mx/lib\libmchp_peripheral_32MX795F512L.a(spi_chn_set_brg_lib.o)
 .debug_info    0x0006574f        0x0 c:/program files/microchip/xc32/v1.10/bin/../lib/gcc/pic32mx/4.5.1/../../../../pic32mx/lib\libmchp_peripheral_32MX795F512L.a(spi_map_tbl_libp.o)
 .debug_info    0x0006574f       0xbd c:/program files/microchip/xc32/v1.10/bin/../lib/gcc/pic32mx/4.5.1/../../../../pic32mx/lib\libmchp_peripheral_32MX795F512L.a(spi_getc_spi2_lib_legacy.o)
 .debug_info    0x0006580c       0xbd c:/program files/microchip/xc32/v1.10/bin/../lib/gcc/pic32mx/4.5.1/../../../../pic32mx/lib\libmchp_peripheral_32MX795F512L.a(spi_open_spi2_lib_legacy.o)
 .debug_info    0x000658c9        0x0 c:/program files/microchip/xc32/v1.10/bin/../lib/gcc/pic32mx/4.5.1/../../../../pic32mx/lib\libmchp_peripheral_32MX795F512L.a(spi_brg_tbl_lib_legacy.o)
 .debug_info    0x000658c9       0xcf c:/program files/microchip/xc32/v1.10/bin/../lib/gcc/pic32mx/4.5.1/../../../../pic32mx/lib\libmchp_peripheral_32MX795F512L.a(port_set_pins_digital_in_lib.o)
 .debug_info    0x00065998        0x0 c:/program files/microchip/xc32/v1.10/bin/../lib/gcc/pic32mx/4.5.1/../../../../pic32mx/lib\libmchp_peripheral_32MX795F512L.a(_ports_tbl_libp.o)
 .debug_info    0x00065998      0x1ab c:/program files/microchip/xc32/v1.10/bin/../lib/gcc/pic32mx/4.5.1/../../../../pic32mx/lib\libmchp_peripheral_32MX795F512L.a(int_tbl_lib.o)
 .debug_info    0x00065b43      0x124 c:/program files/microchip/xc32/v1.10/bin/../lib/gcc/pic32mx/4.5.1/../../../../pic32mx/lib\libmchp_peripheral_32MX795F512L.a(_rtcc_set_time_and_date_lib.o)
 .debug_info    0x00065c67       0xfc c:/program files/microchip/xc32/v1.10/bin/../lib/gcc/pic32mx/4.5.1/../../../../pic32mx/lib\libmchp_peripheral_32MX795F512L.a(_rtcc_wait_clock_off_lib.o)
 .debug_info    0x00065d63       0xbf c:/program files/microchip/xc32/v1.10/bin/../lib/gcc/pic32mx/4.5.1/../../../../pic32mx/lib\libmchp_peripheral_32MX795F512L.a(read_core_timer_lib.o)
 .debug_info    0x00065e22      0x747 c:/program files/microchip/xc32/v1.10/bin/../lib/gcc/pic32mx/4.5.1\libgcc.a(_udivdi3.o)
 .debug_info    0x00066569       0xdf c:/program files/microchip/xc32/v1.10/bin/../lib/gcc/pic32mx/4.5.1/../../../../pic32mx/lib\libpic32.a(default-bootstrap-exception-handler.o)
 .debug_info    0x00066648       0xb9 c:/program files/microchip/xc32/v1.10/bin/../lib/gcc/pic32mx/4.5.1/../../../../pic32mx/lib\libpic32.a(default-on-reset.o)
 .debug_info    0x00066701       0xc1 c:/program files/microchip/xc32/v1.10/bin/../lib/gcc/pic32mx/4.5.1/../../../../pic32mx/lib\libpic32.a(default-on-bootstrap.o)
 .debug_info    0x000667c2       0xaa c:/program files/microchip/xc32/v1.10/bin/../lib/gcc/pic32mx/4.5.1/../../../../pic32mx/lib\libc.a(atoi.o)
 .debug_info    0x0006686c       0xaa c:/program files/microchip/xc32/v1.10/bin/../lib/gcc/pic32mx/4.5.1/../../../../pic32mx/lib\libc.a(atol.o)
 .debug_info    0x00066916        0x0 c:/program files/microchip/xc32/v1.10/bin/../lib/gcc/pic32mx/4.5.1/../../../../pic32mx/lib\libc.a(ctype.o)
 .debug_info    0x00066916       0xdd c:/program files/microchip/xc32/v1.10/bin/../lib/gcc/pic32mx/4.5.1/../../../../pic32mx/lib\libc.a(malloc.o)
 .debug_info    0x000669f3       0xae c:/program files/microchip/xc32/v1.10/bin/../lib/gcc/pic32mx/4.5.1/../../../../pic32mx/lib\libc.a(strchr.o)
 .debug_info    0x00066aa1       0xbb c:/program files/microchip/xc32/v1.10/bin/../lib/gcc/pic32mx/4.5.1/../../../../pic32mx/lib\libc.a(sprintf_cdnopsuxX.eo)
 .debug_info    0x00066b5c       0xbc c:/program files/microchip/xc32/v1.10/bin/../lib/gcc/pic32mx/4.5.1/../../../../pic32mx/lib\libc.a(doprnt_cdnopsuxX.eo)
 .debug_info    0x00066c18       0xac c:/program files/microchip/xc32/v1.10/bin/../lib/gcc/pic32mx/4.5.1/../../../../pic32mx/lib\libc.a(_fputc_simple.o)
 .debug_info    0x00066cc4        0x0 c:/program files/microchip/xc32/v1.10/bin/../lib/gcc/pic32mx/4.5.1/../../../../pic32mx/lib\libc.a(_iob.o)
 .debug_info    0x00066cc4       0xaf c:/program files/microchip/xc32/v1.10/bin/../lib/gcc/pic32mx/4.5.1/../../../../pic32mx/lib\libc.a(_flsbuf_simple.o)
 .debug_info    0x00066d73      0x112 c:/program files/microchip/xc32/v1.10/bin/../lib/gcc/pic32mx/4.5.1/../../../../pic32mx/lib\libpic32.a(sbrk.o)
 .debug_info    0x00066e85       0xaa c:/program files/microchip/xc32/v1.10/bin/../lib/gcc/pic32mx/4.5.1/../../../../pic32mx/lib\libpic32.a(write.o)
 .debug_info    0x00066f2f        0x0 c:/program files/microchip/xc32/v1.10/bin/../lib/gcc/pic32mx/4.5.1/../../../../pic32mx/lib\libpic32.a(errno.o)
 .debug_info    0x00066f2f       0xb2 c:/program files/microchip/xc32/v1.10/bin/../lib/gcc/pic32mx/4.5.1/../../../../pic32mx/lib\libpic32.a(_mon_putc.o)
 .debug_info    0x00066fe1        0x0 c:/program files/microchip/xc32/v1.10/bin/../lib/gcc/pic32mx/4.5.1/../../../../pic32mx/lib\libpic32.a(xc32_uart.o)
 .debug_info    0x00066fe1      0x784 c:/program files/microchip/xc32/v1.10/bin/../lib/gcc/pic32mx/4.5.1\libgcc.a(_umoddi3.o)

.debug_abbrev   0x00000000     0x8309
 *(.debug_abbrev)
 .debug_abbrev  0x00000000      0x364 build/default/production/_ext/1360919890/app.o
 .debug_abbrev  0x00000364      0x19b build/default/production/_ext/2048433900/simpledelay.o
 .debug_abbrev  0x000004ff      0x271 build/default/production/_ext/733900163/CustomHTTPApp.o
 .debug_abbrev  0x00000770      0x2c0 build/default/production/_ext/66509721/rtcc_helper.o
 .debug_abbrev  0x00000a30      0x1ef build/default/production/_ext/1410781165/diskio.o
 .debug_abbrev  0x00000c1f      0x35e build/default/production/_ext/1410781165/fatfs_mmc_spi.o
 .debug_abbrev  0x00000f7d      0x150 build/default/production/_ext/1410781165/ff.o
 .debug_abbrev  0x000010cd      0x243 build/default/production/_ext/1410781165/sdcard.o
 .debug_abbrev  0x00001310      0x234 build/default/production/_ext/1410781165/sdcard_helper.o
 .debug_abbrev  0x00001544       0x98 build/default/production/_ext/1410781165/ccsbcs.o
 .debug_abbrev  0x000015dc      0x1aa build/default/production/_ext/1985307369/WF_Eint.o
 .debug_abbrev  0x00001786      0x1f6 build/default/production/_ext/1985307369/WF_Spi.o
 .debug_abbrev  0x0000197c      0x284 build/default/production/_ext/1985307369/WFConnectionAlgorithm.o
 .debug_abbrev  0x00001c00      0x27c build/default/production/_ext/1985307369/WFConnectionManager.o
 .debug_abbrev  0x00001e7c      0x28b build/default/production/_ext/1985307369/WFConnectionProfile.o
 .debug_abbrev  0x00002107      0x166 build/default/production/_ext/1985307369/WFConsole.o
 .debug_abbrev  0x0000226d      0x166 build/default/production/_ext/1985307369/WFConsoleIfconfig.o
 .debug_abbrev  0x000023d3      0x166 build/default/production/_ext/1985307369/WFConsoleIwconfig.o
 .debug_abbrev  0x00002539      0x166 build/default/production/_ext/1985307369/WFConsoleIwpriv.o
 .debug_abbrev  0x0000269f      0x166 build/default/production/_ext/1985307369/WFConsoleMsgHandler.o
 .debug_abbrev  0x00002805      0x166 build/default/production/_ext/1985307369/WFConsoleMsgs.o
 .debug_abbrev  0x0000296b      0x166 build/default/production/_ext/1985307369/WFDataTxRx.o
 .debug_abbrev  0x00002ad1      0x2c7 build/default/production/_ext/1985307369/WFDriverCom.o
 .debug_abbrev  0x00002d98      0x2ab build/default/production/_ext/1985307369/WFDriverRaw.o
 .debug_abbrev  0x00003043      0x24a build/default/production/_ext/1985307369/WFEasyConfig.o
 .debug_abbrev  0x0000328d      0x21c build/default/production/_ext/1985307369/WFEventHandler.o
 .debug_abbrev  0x000034a9      0x209 build/default/production/_ext/1985307369/WFInit.o
 .debug_abbrev  0x000036b2      0x2b8 build/default/production/_ext/1985307369/WFMac.o
 .debug_abbrev  0x0000396a      0x284 build/default/production/_ext/1985307369/WFMgmtMsg.o
 .debug_abbrev  0x00003bee      0x247 build/default/production/_ext/1985307369/WFParamMsg.o
 .debug_abbrev  0x00003e35      0x2a1 build/default/production/_ext/1985307369/WFPowerSave.o
 .debug_abbrev  0x000040d6      0x1c9 build/default/production/_ext/1985307369/WFScan.o
 .debug_abbrev  0x0000429f      0x1d8 build/default/production/_ext/1985307369/WFTxPower.o
 .debug_abbrev  0x00004477      0x1f0 build/default/production/_ext/1447902105/Announce.o
 .debug_abbrev  0x00004667      0x273 build/default/production/_ext/1447902105/ARP.o
 .debug_abbrev  0x000048da      0x166 build/default/production/_ext/1447902105/AutoIP.o
 .debug_abbrev  0x00004a40      0x166 build/default/production/_ext/1447902105/BigInt.o
 .debug_abbrev  0x00004ba6      0x299 build/default/production/_ext/1447902105/DHCP.o
 .debug_abbrev  0x00004e3f      0x22e build/default/production/_ext/1447902105/DHCPs.o
 .debug_abbrev  0x0000506d      0x262 build/default/production/_ext/1447902105/DNS.o
 .debug_abbrev  0x000052cf      0x1c6 build/default/production/_ext/1447902105/DNSs.o
 .debug_abbrev  0x00005495      0x166 build/default/production/_ext/1447902105/ETHPIC32ExtPhy.o
 .debug_abbrev  0x000055fb      0x166 build/default/production/_ext/1447902105/ETHPIC32IntMac.o
 .debug_abbrev  0x00005761      0x24b build/default/production/_ext/1447902105/Helpers.o
 .debug_abbrev  0x000059ac      0x246 build/default/production/_ext/1447902105/ICMP.o
 .debug_abbrev  0x00005bf2      0x24f build/default/production/_ext/1447902105/IP.o
 .debug_abbrev  0x00005e41      0x247 build/default/production/_ext/1447902105/NBNS.o
 .debug_abbrev  0x00006088      0x211 build/default/production/_ext/1447902105/StackTsk.o
 .debug_abbrev  0x00006299      0x2db build/default/production/_ext/1447902105/TCP.o
 .debug_abbrev  0x00006574      0x22a build/default/production/_ext/1447902105/Tick.o
 .debug_abbrev  0x0000679e      0x2d9 build/default/production/_ext/1447902105/UDP.o
 .debug_abbrev  0x00006a77      0x26d build/default/production/_ext/2063154737/tcpip.o
 .debug_abbrev  0x00006ce4      0x1a2 build/default/production/_ext/2063154737/WF_Config.o
 .debug_abbrev  0x00006e86      0x29e build/default/production/_ext/252269054/serial_usb.o
 .debug_abbrev  0x00007124      0x1e5 build/default/production/_ext/252269054/usb_descriptors.o
 .debug_abbrev  0x00007309      0x2f5 build/default/production/_ext/252269054/usb_device.o
 .debug_abbrev  0x000075fe      0x2b4 build/default/production/_ext/252269054/usb_function_cdc.o
 .debug_abbrev  0x000078b2      0x269 build/default/production/_ext/1447902105/HTTP2_FATFS.o
 .debug_abbrev  0x00007b1b       0x25 c:/program files/microchip/xc32/v1.10/bin/../lib/gcc/pic32mx/4.5.1/../../../../pic32mx/lib\libmchp_peripheral_32MX795F512L.a(open_core_timer_lib.o)
 .debug_abbrev  0x00007b40       0x25 c:/program files/microchip/xc32/v1.10/bin/../lib/gcc/pic32mx/4.5.1/../../../../pic32mx/lib\libmchp_peripheral_32MX795F512L.a(pcache.o)
 .debug_abbrev  0x00007b65       0x25 c:/program files/microchip/xc32/v1.10/bin/../lib/gcc/pic32mx/4.5.1/../../../../pic32mx/lib\libmchp_peripheral_32MX795F512L.a(int_enable_interrupts_lib.o)
 .debug_abbrev  0x00007b8a       0x25 c:/program files/microchip/xc32/v1.10/bin/../lib/gcc/pic32mx/4.5.1/../../../../pic32mx/lib\libmchp_peripheral_32MX795F512L.a(int_disable_interrupts_lib.o)
 .debug_abbrev  0x00007baf       0x25 c:/program files/microchip/xc32/v1.10/bin/../lib/gcc/pic32mx/4.5.1/../../../../pic32mx/lib\libmchp_peripheral_32MX795F512L.a(int_restore_interrupts_lib.o)
 .debug_abbrev  0x00007bd4       0x25 c:/program files/microchip/xc32/v1.10/bin/../lib/gcc/pic32mx/4.5.1/../../../../pic32mx/lib\libmchp_peripheral_32MX795F512L.a(int_enable_mv_int_lib.o)
 .debug_abbrev  0x00007bf9       0x41 c:/program files/microchip/xc32/v1.10/bin/../lib/gcc/pic32mx/4.5.1/../../../../pic32mx/lib\libmchp_peripheral_32MX795F512L.a(rtcc_init_lib.o)
 .debug_abbrev  0x00007c3a       0x25 c:/program files/microchip/xc32/v1.10/bin/../lib/gcc/pic32mx/4.5.1/../../../../pic32mx/lib\libmchp_peripheral_32MX795F512L.a(rtcc_set_time_date_lib.o)
 .debug_abbrev  0x00007c5f       0x41 c:/program files/microchip/xc32/v1.10/bin/../lib/gcc/pic32mx/4.5.1/../../../../pic32mx/lib\libmchp_peripheral_32MX795F512L.a(rtcc_shutdown_lib.o)
 .debug_abbrev  0x00007ca0       0x41 c:/program files/microchip/xc32/v1.10/bin/../lib/gcc/pic32mx/4.5.1/../../../../pic32mx/lib\libmchp_peripheral_32MX795F512L.a(rtcc_open_lib.o)
 .debug_abbrev  0x00007ce1       0x25 c:/program files/microchip/xc32/v1.10/bin/../lib/gcc/pic32mx/4.5.1/../../../../pic32mx/lib\libmchp_peripheral_32MX795F512L.a(spi_chn_set_brg_lib.o)
 .debug_abbrev  0x00007d06        0x1 c:/program files/microchip/xc32/v1.10/bin/../lib/gcc/pic32mx/4.5.1/../../../../pic32mx/lib\libmchp_peripheral_32MX795F512L.a(spi_map_tbl_libp.o)
 .debug_abbrev  0x00007d07       0x25 c:/program files/microchip/xc32/v1.10/bin/../lib/gcc/pic32mx/4.5.1/../../../../pic32mx/lib\libmchp_peripheral_32MX795F512L.a(spi_getc_spi2_lib_legacy.o)
 .debug_abbrev  0x00007d2c       0x25 c:/program files/microchip/xc32/v1.10/bin/../lib/gcc/pic32mx/4.5.1/../../../../pic32mx/lib\libmchp_peripheral_32MX795F512L.a(spi_open_spi2_lib_legacy.o)
 .debug_abbrev  0x00007d51        0x1 c:/program files/microchip/xc32/v1.10/bin/../lib/gcc/pic32mx/4.5.1/../../../../pic32mx/lib\libmchp_peripheral_32MX795F512L.a(spi_brg_tbl_lib_legacy.o)
 .debug_abbrev  0x00007d52       0x25 c:/program files/microchip/xc32/v1.10/bin/../lib/gcc/pic32mx/4.5.1/../../../../pic32mx/lib\libmchp_peripheral_32MX795F512L.a(port_set_pins_digital_in_lib.o)
 .debug_abbrev  0x00007d77        0x1 c:/program files/microchip/xc32/v1.10/bin/../lib/gcc/pic32mx/4.5.1/../../../../pic32mx/lib\libmchp_peripheral_32MX795F512L.a(_ports_tbl_libp.o)
 .debug_abbrev  0x00007d78       0x25 c:/program files/microchip/xc32/v1.10/bin/../lib/gcc/pic32mx/4.5.1/../../../../pic32mx/lib\libmchp_peripheral_32MX795F512L.a(int_tbl_lib.o)
 .debug_abbrev  0x00007d9d       0x41 c:/program files/microchip/xc32/v1.10/bin/../lib/gcc/pic32mx/4.5.1/../../../../pic32mx/lib\libmchp_peripheral_32MX795F512L.a(_rtcc_set_time_and_date_lib.o)
 .debug_abbrev  0x00007dde       0x34 c:/program files/microchip/xc32/v1.10/bin/../lib/gcc/pic32mx/4.5.1/../../../../pic32mx/lib\libmchp_peripheral_32MX795F512L.a(_rtcc_wait_clock_off_lib.o)